Archive member included to satisfy reference by file (symbol)

build/native/contiki-ng-native.a(coap-blocking-a)
                              device.o (coap_blocking_request)
build/native/contiki-ng-native.a(coap-engine.o)
                              device.o (coap_activate_resource)
build/native/contiki-ng-native.a(coap-res-well-k)
                              build/native/contiki-ng-native.a(coap-engine.o) (res_well_known_core)
build/native/contiki-ng-native.a(coap-observe.o)
                              build/native/contiki-ng-native.a(coap-engine.o) (coap_remove_observer_by_mid)
build/native/contiki-ng-native.a(coap-uip.o)
                              build/native/contiki-ng-native.a(coap-observe.o) (coap_endpoint_copy)
build/native/contiki-ng-native.a(coap-timer.o)
                              build/native/contiki-ng-native.a(coap-engine.o) (coap_timer_set)
build/native/contiki-ng-native.a(coap-transactio)
                              build/native/contiki-ng-native.a(coap-blocking-a) (coap_new_transaction)
build/native/contiki-ng-native.a(coap.o)
                              build/native/contiki-ng-native.a(coap-engine.o) (coap_init_connection)
build/native/contiki-ng-native.a(contiki-main.o)
                              /usr/lib/gcc/x86_64-linux-gnu/7/../../../x86_64-linux-gnu/Scrt1.o (main)
build/native/contiki-ng-native.a(autostart.o)
                              build/native/contiki-ng-native.a(contiki-main.o) (autostart_start)
build/native/contiki-ng-native.a(ctimer.o)
                              build/native/contiki-ng-native.a(contiki-main.o) (ctimer_init)
build/native/contiki-ng-native.a(log.o)
                              build/native/contiki-ng-native.a(coap-uip.o) (log_6addr)
build/native/contiki-ng-native.a(energest.o)
                              build/native/contiki-ng-native.a(contiki-main.o) (energest_init)
build/native/contiki-ng-native.a(etimer.o)
                              build/native/contiki-ng-native.a(contiki-main.o) (etimer_process)
build/native/contiki-ng-native.a(node-id.o)
                              build/native/contiki-ng-native.a(contiki-main.o) (node_id_init)
build/native/contiki-ng-native.a(rtimer.o)
                              build/native/contiki-ng-native.a(contiki-main.o) (rtimer_init)
build/native/contiki-ng-native.a(process.o)
                              build/native/contiki-ng-native.a(coap-blocking-a) (process_current)
build/native/contiki-ng-native.a(timer.o)
                              build/native/contiki-ng-native.a(etimer.o) (timer_set)
build/native/contiki-ng-native.a(list.o)
                              build/native/contiki-ng-native.a(coap-engine.o) (list_init)
build/native/contiki-ng-native.a(memb.o)
                              build/native/contiki-ng-native.a(coap-observe.o) (memb_alloc)
build/native/contiki-ng-native.a(leds.o)
                              device.o (leds_set)
build/native/contiki-ng-native.a(queuebuf.o)
                              build/native/contiki-ng-native.a(contiki-main.o) (queuebuf_init)
build/native/contiki-ng-native.a(packetbuf.o)
                              build/native/contiki-ng-native.a(queuebuf.o) (packetbuf_copyto)
build/native/contiki-ng-native.a(netstack.o)
                              build/native/contiki-ng-native.a(contiki-main.o) (netstack_init)
build/native/contiki-ng-native.a(linkaddr.o)
                              build/native/contiki-ng-native.a(packetbuf.o) (linkaddr_copy)
build/native/contiki-ng-native.a(nullmac.o)
                              build/native/contiki-ng-native.a(contiki-main.o) (nullmac_driver)
build/native/contiki-ng-native.a(uip-ds6.o)
                              build/native/contiki-ng-native.a(contiki-main.o) (uip_ds6_get_link_local)
build/native/contiki-ng-native.a(uip-udp-packet.)
                              build/native/contiki-ng-native.a(coap-uip.o) (uip_udp_packet_sendto)
build/native/contiki-ng-native.a(uip-ds6-route.o)
                              build/native/contiki-ng-native.a(uip-ds6.o) (uip_ds6_route_init)
build/native/contiki-ng-native.a(tcpip.o)
                              build/native/contiki-ng-native.a(coap-uip.o) (udp_new)
build/native/contiki-ng-native.a(uip6.o)
                              build/native/contiki-ng-native.a(coap-uip.o) (uip_aligned_buf)
build/native/contiki-ng-native.a(uip-ds6-nbr.o)
                              build/native/contiki-ng-native.a(uip-ds6.o) (uip_ds6_neighbors_init)
build/native/contiki-ng-native.a(uip-nd6.o)
                              build/native/contiki-ng-native.a(uip6.o) (uip_nd6_init)
build/native/contiki-ng-native.a(uiplib.o)
                              build/native/contiki-ng-native.a(coap-uip.o) (uiplib_ip6addrconv)
build/native/contiki-ng-native.a(rpl.o)
                              build/native/contiki-ng-native.a(contiki-main.o) (rpl_lite_driver)
build/native/contiki-ng-native.a(rpl-icmp6.o)
                              build/native/contiki-ng-native.a(rpl.o) (rpl_icmp6_init)
[...]
Memory Configuration

Name             Origin             Length             Attributes
*default*        0x0000000000000000 0xffffffffffffffff

Linker script and memory map

LOAD /usr/lib/gcc/x86_64-linux-gnu/7/../../../x86_64-linux-gnu/Scrt1.o
LOAD /usr/lib/gcc/x86_64-linux-gnu/7/../../../x86_64-linux-gnu/crti.o
LOAD /usr/lib/gcc/x86_64-linux-gnu/7/crtbeginS.o
LOAD device.o
LOAD build/native/contiki-ng-native.a
LOAD /usr/lib/gcc/x86_64-linux-gnu/7/../../../x86_64-linux-gnu/librt.so
LOAD /usr/lib/gcc/x86_64-linux-gnu/7/libgcc.a
LOAD /usr/lib/gcc/x86_64-linux-gnu/7/libgcc_s.so
START GROUP
LOAD /usr/lib/gcc/x86_64-linux-gnu/7/libgcc_s.so.1
LOAD /usr/lib/gcc/x86_64-linux-gnu/7/libgcc.a
END GROUP
LOAD /usr/lib/gcc/x86_64-linux-gnu/7/../../../x86_64-linux-gnu/libc.so
START GROUP
LOAD /lib/x86_64-linux-gnu/libc.so.6
LOAD /usr/lib/x86_64-linux-gnu/libc_nonshared.a
LOAD /lib/x86_64-linux-gnu/ld-linux-x86-64.so.2
END GROUP
LOAD /usr/lib/gcc/x86_64-linux-gnu/7/libgcc.a
LOAD /usr/lib/gcc/x86_64-linux-gnu/7/libgcc_s.so
START GROUP
LOAD /usr/lib/gcc/x86_64-linux-gnu/7/libgcc_s.so.1
LOAD /usr/lib/gcc/x86_64-linux-gnu/7/libgcc.a
END GROUP
LOAD /usr/lib/gcc/x86_64-linux-gnu/7/crtendS.o
LOAD /usr/lib/gcc/x86_64-linux-gnu/7/../../../x86_64-linux-gnu/crtn.o
                [!provide]                        PROVIDE (__executable_start = SEGMENT_START ("text-segment", 0x0))
                0x0000000000000238                . = (SEGMENT_START ("text-segment", 0x0) + SIZEOF_HEADERS)

.interp         0x0000000000000238       0x1c
 *(.interp)
 .interp        0x0000000000000238       0x1c /usr/lib/gcc/x86_64-linux-gnu/7/../../../x86_64-linux-gnu/Scrt1.o

.note.ABI-tag   0x0000000000000254       0x20
 .note.ABI-tag  0x0000000000000254       0x20 /usr/lib/gcc/x86_64-linux-gnu/7/../../../x86_64-linux-gnu/Scrt1.o

.note.gnu.build-id
                0x0000000000000274       0x24
 *(.note.gnu.build-id)
 .note.gnu.build-id
                0x0000000000000274       0x24 /usr/lib/gcc/x86_64-linux-gnu/7/../../../x86_64-linux-gnu/Scrt1.o

.hash
 *(.hash)

.gnu.hash       0x0000000000000298     0x1338
 *(.gnu.hash)
 .gnu.hash      0x0000000000000298     0x1338 /usr/lib/gcc/x86_64-linux-gnu/7/../../../x86_64-linux-gnu/Scrt1.o

.dynsym         0x00000000000015d0     0x3a98
 *(.dynsym)
 .dynsym        0x00000000000015d0     0x3a98 /usr/lib/gcc/x86_64-linux-gnu/7/../../../x86_64-linux-gnu/Scrt1.o

.dynstr         0x0000000000005068     0x2d67
 *(.dynstr)
 .dynstr        0x0000000000005068     0x2d67 /usr/lib/gcc/x86_64-linux-gnu/7/../../../x86_64-linux-gnu/Scrt1.o

.gnu.version    0x0000000000007dd0      0x4e2
 *(.gnu.version)
 .gnu.version   0x0000000000007dd0      0x4e2 /usr/lib/gcc/x86_64-linux-gnu/7/../../../x86_64-linux-gnu/Scrt1.o

.gnu.version_d  0x00000000000082b8        0x0
 *(.gnu.version_d)
 .gnu.version_d
                0x00000000000082b8        0x0 /usr/lib/gcc/x86_64-linux-gnu/7/../../../x86_64-linux-gnu/Scrt1.o

.gnu.version_r  0x00000000000082b8       0x80
 *(.gnu.version_r)
 .gnu.version_r
                0x00000000000082b8       0x80 /usr/lib/gcc/x86_64-linux-gnu/7/../../../x86_64-linux-gnu/Scrt1.o

.rela.dyn       0x0000000000008338      0xd68
 *(.rela.init)
 *(.rela.text .rela.text.* .rela.gnu.linkonce.t.*)
 .rela.text     0x0000000000008338       0x18 /usr/lib/gcc/x86_64-linux-gnu/7/../../../x86_64-linux-gnu/Scrt1.o
 .rela.text.startup
                0x0000000000008350        0x0 /usr/lib/gcc/x86_64-linux-gnu/7/../../../x86_64-linux-gnu/Scrt1.o
 .rela.text.unlikely
                0x0000000000008350        0x0 /usr/lib/gcc/x86_64-linux-gnu/7/../../../x86_64-linux-gnu/Scrt1.o
 *(.rela.fini)
 *(.rela.rodata .rela.rodata.* .rela.gnu.linkonce.r.*)
 *(.rela.data .rela.data.* .rela.gnu.linkonce.d.*)
 .rela.data.rel.ro
                0x0000000000008350      0x1f8 /usr/lib/gcc/x86_64-linux-gnu/7/../../../x86_64-linux-gnu/Scrt1.o
 .rela.data.rel.local
                0x0000000000008548      0x768 /usr/lib/gcc/x86_64-linux-gnu/7/../../../x86_64-linux-gnu/Scrt1.o
 .rela.data.rel.ro.local
                0x0000000000008cb0      0x318 /usr/lib/gcc/x86_64-linux-gnu/7/../../../x86_64-linux-gnu/Scrt1.o
 *(.rela.tdata .rela.tdata.* .rela.gnu.linkonce.td.*)
 *(.rela.tbss .rela.tbss.* .rela.gnu.linkonce.tb.*)
 *(.rela.ctors)
 *(.rela.dtors)
 *(.rela.got)
 .rela.got      0x0000000000008fc8       0x78 /usr/lib/gcc/x86_64-linux-gnu/7/../../../x86_64-linux-gnu/Scrt1.o
 *(.rela.bss .rela.bss.* .rela.gnu.linkonce.b.*)
 .rela.bss      0x0000000000009040       0x30 /usr/lib/gcc/x86_64-linux-gnu/7/../../../x86_64-linux-gnu/Scrt1.o
 *(.rela.ldata .rela.ldata.* .rela.gnu.linkonce.l.*)
 *(.rela.lbss .rela.lbss.* .rela.gnu.linkonce.lb.*)
 *(.rela.lrodata .rela.lrodata.* .rela.gnu.linkonce.lr.*)
 *(.rela.ifunc)
 .rela.ifunc    0x0000000000009070        0x0 /usr/lib/gcc/x86_64-linux-gnu/7/../../../x86_64-linux-gnu/Scrt1.o
 .rela.fini_array
                0x0000000000009070       0x18 /usr/lib/gcc/x86_64-linux-gnu/7/../../../x86_64-linux-gnu/Scrt1.o
 .rela.init_array
                0x0000000000009088       0x18 /usr/lib/gcc/x86_64-linux-gnu/7/../../../x86_64-linux-gnu/Scrt1.o

.rela.plt       0x00000000000090a0      0x3d8
 *(.rela.plt)
 .rela.plt      0x00000000000090a0      0x3d8 /usr/lib/gcc/x86_64-linux-gnu/7/../../../x86_64-linux-gnu/Scrt1.o
                [!provide]                        PROVIDE (__rela_iplt_start = .)
 *(.rela.iplt)
                [!provide]                        PROVIDE (__rela_iplt_end = .)

.init           0x0000000000009478       0x17
 *(SORT_NONE(.init))
 .init          0x0000000000009478       0x12 /usr/lib/gcc/x86_64-linux-gnu/7/../../../x86_64-linux-gnu/crti.o
                0x0000000000009478                _init
 .init          0x000000000000948a        0x5 /usr/lib/gcc/x86_64-linux-gnu/7/../../../x86_64-linux-gnu/crtn.o

.plt            0x0000000000009490      0x2a0
 *(.plt)
 .plt           0x0000000000009490      0x2a0 /usr/lib/gcc/x86_64-linux-gnu/7/../../../x86_64-linux-gnu/Scrt1.o
 *(.iplt)

.plt.got        0x0000000000009730        0x8
 *(.plt.got)
 .plt.got       0x0000000000009730        0x8 /usr/lib/gcc/x86_64-linux-gnu/7/../../../x86_64-linux-gnu/Scrt1.o

.plt.sec
 *(.plt.sec)

.text           0x0000000000009740     0xff4e
 *(.text.unlikely .text.*_unlikely .text.unlikely.*)
 .text.unlikely
                0x0000000000009740       0xae build/native/contiki-ng-native.a(uip6.o)
 *(.text.exit .text.exit.*)
 *(.text.startup .text.startup.*)
 *fill*         0x00000000000097ee        0x2 
 .text.startup  0x00000000000097f0      0x36c build/native/contiki-ng-native.a(contiki-main.o)
                0x00000000000097f0                main
 *(.text.hot .text.hot.*)
 *(.text .stub .text.* .gnu.linkonce.t.*)
 *fill*         0x0000000000009b5c        0x4 
 .text          0x0000000000009b60       0x2b /usr/lib/gcc/x86_64-linux-gnu/7/../../../x86_64-linux-gnu/Scrt1.o
                0x0000000000009b60                _start
 .text          0x0000000000009b8b        0x0 /usr/lib/gcc/x86_64-linux-gnu/7/../../../x86_64-linux-gnu/crti.o
 *fill*         0x0000000000009b8b        0x5 
 .text          0x0000000000009b90       0xda /usr/lib/gcc/x86_64-linux-gnu/7/crtbeginS.o
 *fill*         0x0000000000009c6a        0x6 
 .text          0x0000000000009c70      0x2b9 device.o
                0x0000000000009e70                client_chunk_handler
 *fill*         0x0000000000009f29        0x7 
 .text          0x0000000000009f30      0x1c6 build/native/contiki-ng-native.a(coap-blocking-a)
                0x0000000000009f30                coap_blocking_request_callback
                0x0000000000009f40                coap_blocking_request
 *fill*         0x000000000000a0f6        0xa 
 .text          0x000000000000a100      0x945 build/native/contiki-ng-native.a(coap-engine.o)
                0x000000000000a160                coap_add_handler
                0x000000000000a170                coap_remove_handler
                0x000000000000a180                coap_call_handlers
                0x000000000000a220                coap_receive
                0x000000000000a970                coap_activate_resource
                0x000000000000a9d0                coap_engine_init
                0x000000000000aa30                coap_get_first_resource
                0x000000000000aa40                coap_get_next_resource
 *fill*         0x000000000000aa45        0xb 
 .text          0x000000000000aa50      0x2dc build/native/contiki-ng-native.a(coap-res-well-k)
 *fill*         0x000000000000ad2c        0x4 
 .text          0x000000000000ad30      0x92f build/native/contiki-ng-native.a(coap-observe.o)
                0x000000000000ad30                coap_remove_observer
                0x000000000000ad60                coap_remove_observer_by_client
                0x000000000000add0                coap_remove_observer_by_token
                0x000000000000ae70                coap_remove_observer_by_uri
                0x000000000000af00                coap_remove_observer_by_mid
                0x000000000000af90                coap_notify_observers_sub
                0x000000000000b370                coap_notify_observers
                0x000000000000b380                coap_observe_handler
                0x000000000000b600                coap_has_observers
 *fill*         0x000000000000b65f        0x1 
 .text          0x000000000000b660      0x58f build/native/contiki-ng-native.a(coap-uip.o)
                0x000000000000b720                coap_endpoint_log
                0x000000000000b7a0                coap_endpoint_print
                0x000000000000b820                coap_endpoint_snprint
                0x000000000000b940                coap_endpoint_copy
                0x000000000000b960                coap_endpoint_cmp
                0x000000000000b9a0                coap_endpoint_parse
                0x000000000000bb60                coap_endpoint_is_secure
                0x000000000000bb70                coap_endpoint_is_connected
                0x000000000000bb80                coap_endpoint_connect
                0x000000000000bb90                coap_endpoint_disconnect
                0x000000000000bba0                coap_databuf
                0x000000000000bbb0                coap_transport_init
                0x000000000000bbc0                coap_sendto
 *fill*         0x000000000000bbef        0x1 
 .text          0x000000000000bbf0      0x245 build/native/contiki-ng-native.a(coap-timer.o)
                0x000000000000bcf0                coap_timer_stop
                0x000000000000bd10                coap_timer_set
                0x000000000000bd40                coap_timer_reset
                0x000000000000bd50                coap_timer_time_to_next_expiration
                0x000000000000bd90                coap_timer_run
                0x000000000000be20                coap_timer_init
 *fill*         0x000000000000be35        0xb 
 .text          0x000000000000be40      0x1dd build/native/contiki-ng-native.a(coap-transactio)
                0x000000000000be70                coap_new_transaction
                0x000000000000bec0                coap_send_transaction
                0x000000000000bfc0                coap_clear_transaction
                0x000000000000bfe0                coap_get_transaction_by_mid
 *fill*         0x000000000000c01d        0x3 
 .text          0x000000000000c020     0x198c build/native/contiki-ng-native.a(coap.o)
                0x000000000000c3b0                coap_init_connection
                0x000000000000c3d0                coap_get_mid
                0x000000000000c3f0                coap_init_message
                0x000000000000c440                coap_serialize_message
                0x000000000000ca30                coap_parse_message
                0x000000000000d1e0                coap_get_query_variable
                0x000000000000d210                coap_get_post_variable
                0x000000000000d240                coap_set_status_code
                0x000000000000d260                coap_set_token
                0x000000000000d300                coap_get_header_content_format
                0x000000000000d320                coap_set_header_content_format
                0x000000000000d330                coap_get_header_accept
                0x000000000000d350                coap_set_header_accept
                0x000000000000d370                coap_get_header_max_age
                0x000000000000d3a0                coap_set_header_max_age
                0x000000000000d3b0                coap_get_header_etag
                0x000000000000d3d0                coap_set_header_etag
                0x000000000000d480                coap_get_header_if_match
                0x000000000000d4a0                coap_set_header_if_match
                0x000000000000d560                coap_get_header_if_none_match
                0x000000000000d570                coap_set_header_if_none_match
                0x000000000000d580                coap_get_header_proxy_uri
                0x000000000000d5a0                coap_set_header_proxy_uri
                0x000000000000d5c0                coap_get_header_uri_host
                0x000000000000d5e0                coap_set_header_uri_host
                0x000000000000d600                coap_get_header_uri_path
                0x000000000000d620                coap_set_header_uri_path
                0x000000000000d660                coap_get_header_uri_query
                0x000000000000d680                coap_set_header_uri_query
                0x000000000000d6c0                coap_get_header_location_path
                0x000000000000d6e0                coap_get_header_location_query
                0x000000000000d700                coap_set_header_location_query
                0x000000000000d740                coap_set_header_location_path
                0x000000000000d7b0                coap_get_header_observe
                0x000000000000d7d0                coap_set_header_observe
                0x000000000000d7e0                coap_get_header_block2
                0x000000000000d830                coap_set_header_block2
                0x000000000000d870                coap_get_header_block1
                0x000000000000d8c0                coap_set_header_block1
                0x000000000000d900                coap_get_header_size2
                0x000000000000d920                coap_set_header_size2
                0x000000000000d930                coap_get_header_size1
                0x000000000000d950                coap_set_header_size1
                0x000000000000d960                coap_get_payload
                0x000000000000d990                coap_set_payload
 .text          0x000000000000d9ac        0x0 build/native/contiki-ng-native.a(contiki-main.o)
 *fill*         0x000000000000d9ac        0x4 
 .text          0x000000000000d9b0       0x54 build/native/contiki-ng-native.a(autostart.o)
                0x000000000000d9b0                autostart_start
                0x000000000000d9e0                autostart_exit
 *fill*         0x000000000000da04        0xc 
 .text          0x000000000000da10      0x364 build/native/contiki-ng-native.a(ctimer.o)
                0x000000000000db30                ctimer_init
                0x000000000000db60                ctimer_set_with_process
                0x000000000000dbd0                ctimer_set
                0x000000000000dbe0                ctimer_reset
                0x000000000000dc50                ctimer_restart
                0x000000000000dcc0                ctimer_stop
                0x000000000000dd20                ctimer_expired
 *fill*         0x000000000000dd74        0xc 
 .text          0x000000000000dd80      0x3b8 build/native/contiki-ng-native.a(log.o)
                0x000000000000dd80                log_6addr
                0x000000000000dde0                log_6addr_compact_snprint
                0x000000000000de60                log_6addr_compact
                0x000000000000dec0                log_lladdr
                0x000000000000df60                log_lladdr_compact
                0x000000000000dfb0                log_set_level
                0x000000000000e040                log_get_level
                0x000000000000e0d0                log_level_to_str
 *fill*         0x000000000000e138        0x8 
 .text          0x000000000000e140       0x23 build/native/contiki-ng-native.a(energest.o)
                0x000000000000e140                energest_init
                0x000000000000e150                energest_flush
                0x000000000000e160                energest_get_total_time
 *fill*         0x000000000000e163        0xd 
 .text          0x000000000000e170      0x44d build/native/contiki-ng-native.a(etimer.o)
                0x000000000000e410                etimer_request_poll
                0x000000000000e420                etimer_set
                0x000000000000e440                etimer_reset_with_new_interval
                0x000000000000e470                etimer_reset
                0x000000000000e490                etimer_restart
                0x000000000000e4b0                etimer_adjust
                0x000000000000e4e0                etimer_expired
                0x000000000000e4f0                etimer_expiration_time
                0x000000000000e500                etimer_start_time
                0x000000000000e510                etimer_pending
                0x000000000000e520                etimer_next_expiration_time
                0x000000000000e540                etimer_stop
 *fill*         0x000000000000e5bd        0x3 
 .text          0x000000000000e5c0       0x1b build/native/contiki-ng-native.a(node-id.o)
                0x000000000000e5c0                node_id_init
 *fill*         0x000000000000e5db        0x5 
 .text          0x000000000000e5e0       0xaa build/native/contiki-ng-native.a(rtimer.o)
                0x000000000000e5e0                rtimer_init
                0x000000000000e5f0                rtimer_set
                0x000000000000e640                rtimer_run_next
 *fill*         0x000000000000e68a        0x6 
 .text          0x000000000000e690      0x44a build/native/contiki-ng-native.a(process.o)
                0x000000000000e850                process_alloc_event
                0x000000000000e870                process_start
                0x000000000000e8e0                process_exit
                0x000000000000e8f0                process_init
                0x000000000000e920                process_run
                0x000000000000ea10                process_nevents
                0x000000000000ea30                process_post
                0x000000000000ea80                process_post_synch
                0x000000000000eaa0                process_poll
                0x000000000000ead0                process_is_running
 *fill*         0x000000000000eada        0x6 
 .text          0x000000000000eae0       0x95 build/native/contiki-ng-native.a(timer.o)
                0x000000000000eae0                timer_set
                0x000000000000eb00                timer_reset
                0x000000000000eb30                timer_restart
                0x000000000000eb40                timer_expired
                0x000000000000eb60                timer_remaining
 *fill*         0x000000000000eb75        0xb 
 .text          0x000000000000eb80      0x343 build/native/contiki-ng-native.a(list.o)
                0x000000000000eb80                list_init
                0x000000000000eb90                list_head
                0x000000000000eba0                list_copy
                0x000000000000ebb0                list_tail
                0x000000000000ebd0                list_add
                0x000000000000ec50                list_push
                0x000000000000ecc0                list_chop
                0x000000000000ed00                list_pop
                0x000000000000ed10                list_remove
                0x000000000000ed80                list_length
                0x000000000000edb0                list_insert
                0x000000000000ee70                list_item_next
                0x000000000000ee90                list_contains
 *fill*         0x000000000000eec3        0xd 
 .text          0x000000000000eed0      0x15b build/native/contiki-ng-native.a(memb.o)
                0x000000000000eed0                memb_init
                0x000000000000ef00                memb_alloc
                0x000000000000ef60                memb_free
                0x000000000000efc0                memb_inmemb
                0x000000000000eff0                memb_numfree
 *fill*         0x000000000000f02b        0x5 
 .text          0x000000000000f030       0x83 build/native/contiki-ng-native.a(leds.o)
                0x000000000000f030                leds_init
                0x000000000000f040                leds_single_on
                0x000000000000f050                leds_single_off
                0x000000000000f060                leds_single_toggle
                0x000000000000f070                leds_on
                0x000000000000f080                leds_off
                0x000000000000f090                leds_toggle
                0x000000000000f0a0                leds_set
                0x000000000000f0b0                leds_get
 *fill*         0x000000000000f0b3        0xd 
 .text          0x000000000000f0c0      0x202 build/native/contiki-ng-native.a(queuebuf.o)
                0x000000000000f0c0                queuebuf_init
                0x000000000000f0e0                queuebuf_numfree
                0x000000000000f0f0                queuebuf_new_from_packetbuf
                0x000000000000f170                queuebuf_update_attr_from_packetbuf
                0x000000000000f190                queuebuf_update_from_packetbuf
                0x000000000000f1c0                queuebuf_free
                0x000000000000f200                queuebuf_to_packetbuf
                0x000000000000f250                queuebuf_dataptr
                0x000000000000f280                queuebuf_datalen
                0x000000000000f290                queuebuf_addr
                0x000000000000f2b0                queuebuf_attr
                0x000000000000f2c0                queuebuf_debug_print
 *fill*         0x000000000000f2c2        0xe 
 .text          0x000000000000f2d0      0x3e3 build/native/contiki-ng-native.a(packetbuf.o)
                0x000000000000f2d0                packetbuf_copyto
                0x000000000000f3b0                packetbuf_hdralloc
                0x000000000000f420                packetbuf_hdrreduce
                0x000000000000f450                packetbuf_set_datalen
                0x000000000000f460                packetbuf_dataptr
                0x000000000000f480                packetbuf_hdrptr
                0x000000000000f490                packetbuf_datalen
                0x000000000000f4a0                packetbuf_hdrlen
                0x000000000000f4b0                packetbuf_totlen
                0x000000000000f4d0                packetbuf_remaininglen
                0x000000000000f4f0                packetbuf_attr_clear
                0x000000000000f540                packetbuf_clear
                0x000000000000f560                packetbuf_copyfrom
                0x000000000000f5c0                packetbuf_attr_copyto
                0x000000000000f5f0                packetbuf_attr_copyfrom
                0x000000000000f620                packetbuf_set_attr
                0x000000000000f640                packetbuf_attr
                0x000000000000f650                packetbuf_set_addr
                0x000000000000f680                packetbuf_addr
                0x000000000000f6a0                packetbuf_holds_broadcast
 *fill*         0x000000000000f6b3        0xd 
 .text          0x000000000000f6c0       0xba build/native/contiki-ng-native.a(netstack.o)
                0x000000000000f6c0                netstack_process_ip_callback
                0x000000000000f730                netstack_ip_packet_processor_add
                0x000000000000f750                uip_ds6_ip_packet_processor_rm
                0x000000000000f760                netstack_init
 *fill*         0x000000000000f77a        0x6 
 .text          0x000000000000f780       0x2b build/native/contiki-ng-native.a(linkaddr.o)
                0x000000000000f780                linkaddr_copy
                0x000000000000f790                linkaddr_cmp
                0x000000000000f7a0                linkaddr_set_node_addr
 *fill*         0x000000000000f7ab        0x5 
 .text          0x000000000000f7b0       0x52 build/native/contiki-ng-native.a(nullmac.o)
 *fill*         0x000000000000f802        0xe 
 .text          0x000000000000f810      0xb04 build/native/contiki-ng-native.a(uip-ds6.o)
                0x000000000000f8d0                uip_ds6_default_prefix
                0x000000000000f8e0                uip_ds6_set_default_prefix
                0x000000000000f8f0                uip_ds6_list_loop
                0x000000000000f930                uip_ds6_prefix_add
                0x000000000000f9e0                uip_ds6_prefix_rm
                0x000000000000f9f0                uip_ds6_prefix_lookup
                0x000000000000fa50                uip_ds6_is_addr_onlink
                0x000000000000fac0                uip_ds6_addr_lookup
                0x000000000000fb20                uip_ds6_get_link_local
                0x000000000000fb90                uip_ds6_get_global
                0x000000000000fc00                uip_ds6_maddr_add
                0x000000000000fc60                uip_ds6_addr_add
                0x000000000000fd50                uip_ds6_maddr_rm
                0x000000000000fd60                uip_ds6_maddr_lookup
                0x000000000000fe20                uip_ds6_addr_rm
                0x000000000000fe40                uip_ds6_periodic
                0x000000000000fec0                uip_ds6_aaddr_add
                0x000000000000ff20                uip_ds6_aaddr_rm
                0x000000000000ff30                uip_ds6_aaddr_lookup
                0x000000000000ff90                uip_ds6_select_src
                0x00000000000100d0                uip_ds6_set_addr_iid
                0x00000000000100e0                uip_ds6_set_lladdr_from_iid
                0x00000000000100f0                get_match_length
                0x0000000000010140                uip_ds6_compute_reachable_time
                0x0000000000010180                uip_ds6_init
 *fill*         0x0000000000010314        0xc 
 .text          0x0000000000010320       0xc3 build/native/contiki-ng-native.a(uip-udp-packet.)
                0x0000000000010320                uip_udp_packet_send
                0x0000000000010380                uip_udp_packet_sendto
 *fill*         0x00000000000103e3        0xd 
 .text          0x00000000000103f0      0x2ea build/native/contiki-ng-native.a(uip-ds6-route.o)
                0x00000000000103f0                uip_ds6_route_init
                0x0000000000010410                uip_ds6_route_nexthop
                0x0000000000010420                uip_ds6_route_head
                0x0000000000010430                uip_ds6_route_next
                0x0000000000010440                uip_ds6_route_is_nexthop
                0x0000000000010450                uip_ds6_route_num_routes
                0x0000000000010460                uip_ds6_route_lookup
                0x0000000000010470                uip_ds6_route_add
                0x0000000000010480                uip_ds6_route_rm
                0x0000000000010490                uip_ds6_route_rm_by_nexthop
                0x00000000000104a0                uip_ds6_defrt_head
                0x00000000000104b0                uip_ds6_defrt_rm
                0x0000000000010510                uip_ds6_defrt_lookup
                0x0000000000010560                uip_ds6_defrt_add
                0x0000000000010610                uip_ds6_defrt_choose
                0x0000000000010670                uip_ds6_defrt_periodic
 *fill*         0x00000000000106da        0x6 
 .text          0x00000000000106e0      0x575 build/native/contiki-ng-native.a(tcpip.o)
                0x00000000000106e0                tcpip_output
                0x0000000000010710                udp_attach
                0x0000000000010720                udp_new
                0x0000000000010750                udp_broadcast_new
                0x00000000000107d0                tcpip_input
                0x0000000000010800                tcpip_ipv6_output
                0x0000000000010bf0                tcpip_poll_udp
                0x0000000000010c10                tcpip_uipcall
 *fill*         0x0000000000010c55        0xb 
 .text          0x0000000000010c60      0xb6e build/native/contiki-ng-native.a(uip6.o)
                0x0000000000010d60                uip_chksum
                0x0000000000010d80                uip_icmp6chksum
                0x0000000000010d90                uip_udpchksum
                0x0000000000010da0                uip_init
                0x0000000000010e20                uip_remove_ext_hdr
                0x0000000000010ed0                uip_udp_new
                0x0000000000010f90                uip_process
                0x0000000000011710                uip_htons
                0x0000000000011720                uip_htonl
                0x0000000000011740                uip_send
 *fill*         0x00000000000117ce        0x2 
 .text          0x00000000000117d0      0x2e2 build/native/contiki-ng-native.a(uip-ds6-nbr.o)
                0x0000000000011800                uip_ds6_nbr_rm
                0x0000000000011820                uip_ds6_neighbors_init
                0x0000000000011840                uip_ds6_nbr_add
                0x0000000000011890                uip_ds6_nbr_update_ll
                0x0000000000011960                uip_ds6_nbr_get_ipaddr
                0x0000000000011970                uip_ds6_nbr_get_ll
                0x0000000000011980                uip_ds6_nbr_num
                0x00000000000119c0                uip_ds6_nbr_head
                0x00000000000119d0                uip_ds6_nbr_next
                0x00000000000119e0                uip_ds6_nbr_lookup
                0x0000000000011a60                uip_ds6_nbr_ll_lookup
                0x0000000000011a70                uip_ds6_nbr_ipaddr_from_lladdr
                0x0000000000011a80                uip_ds6_nbr_lladdr_from_ipaddr
                0x0000000000011ab0                uip_ds6_link_callback
 *fill*         0x0000000000011ab2        0xe 
 .text          0x0000000000011ac0      0x45c build/native/contiki-ng-native.a(uip-nd6.o)
                0x0000000000011f10                uip_nd6_init
 *fill*         0x0000000000011f1c        0x4 
 .text          0x0000000000011f20      0x4a9 build/native/contiki-ng-native.a(uiplib.o)
                0x0000000000011f20                uiplib_ip6addrconv
                0x0000000000012120                uiplib_ip4addrconv
                0x00000000000121a0                uiplib_ipaddr_snprint
                0x0000000000012370                uiplib_ipaddr_print
 *fill*         0x00000000000123c9        0x7 
 .text          0x00000000000123d0      0x498 build/native/contiki-ng-native.a(rpl.o)
                0x00000000000123d0                rpl_has_joined
                0x00000000000123f0                rpl_is_reachable
                0x0000000000012420                rpl_get_leaf_only
                0x0000000000012560                rpl_link_callback
                0x00000000000125c0                rpl_lollipop_greater_than
                0x0000000000012610                rpl_get_global_address
                0x00000000000126e0                rpl_reset_prefix
                0x0000000000012740                rpl_set_prefix_from_addr
                0x0000000000012820                rpl_set_prefix
                0x0000000000012860                rpl_set_leaf_only
 *fill*         0x0000000000012868        0x8 
 .text          0x0000000000012870      0xc18 build/native/contiki-ng-native.a(rpl-icmp6.o)
                0x0000000000012e50                rpl_icmp6_update_nbr_table
                0x0000000000012ea0                rpl_icmp6_dis_output
                0x0000000000012ee0                rpl_icmp6_dio_output
                0x0000000000013300                rpl_icmp6_dao_output
                0x00000000000133f0                rpl_icmp6_dao_ack_output
                0x0000000000013450                rpl_icmp6_init
 *fill*         0x0000000000013488        0x8 
 .text          0x0000000000013490      0x221 build/native/contiki-ng-native.a(rpl-dag-root.o)
                0x0000000000013510                rpl_dag_root_print_links
                0x00000000000135b0                rpl_dag_root_set_prefix
                0x00000000000135e0                rpl_dag_root_start
                0x0000000000013690                rpl_dag_root_is_root
 *fill*         0x00000000000136b1        0xf 
 .text          0x00000000000136c0      0x44d build/native/contiki-ng-native.a(platform.o)
                0x0000000000013730                select_set_callback
                0x00000000000137c0                native_uart_set_input
                0x00000000000137d0                platform_process_args
                0x00000000000137e0                platform_init_stage_one
                0x0000000000013800                platform_init_stage_two
                0x0000000000013860                platform_init_stage_three
                0x0000000000013970                platform_main_loop
                0x0000000000013ad0                log_message
                0x0000000000013af0                uip_log
 *fill*         0x0000000000013b0d        0x3 
 .text          0x0000000000013b10       0xc2 build/native/contiki-ng-native.a(clock.o)
                0x0000000000013b10                clock_time
                0x0000000000013b80                clock_seconds
                0x0000000000013bc0                clock_delay
                0x0000000000013bd0                clock_init
 *fill*         0x0000000000013bd2        0xe 
 .text          0x0000000000013be0      0x51f build/native/contiki-ng-native.a(tun6-net.o)
 *fill*         0x00000000000140ff        0x1 
 .text          0x0000000000014100       0xbe build/native/contiki-ng-native.a(rtimer-arch.o)
                0x0000000000014120                rtimer_arch_init
                0x0000000000014140                rtimer_arch_schedule
 *fill*         0x00000000000141be        0x2 
 .text          0x00000000000141c0       0x4e build/native/contiki-ng-native.a(watchdog.o)
                0x00000000000141c0                watchdog_init
                0x00000000000141d0                watchdog_start
                0x00000000000141e0                watchdog_periodic
                0x00000000000141f0                watchdog_stop
                0x0000000000014200                watchdog_reboot
 *fill*         0x000000000001420e        0x2 
 .text          0x0000000000014210      0x15e build/native/contiki-ng-native.a(coap-timer-defa)
 *fill*         0x000000000001436e        0x2 
 .text          0x0000000000014370       0xbe build/native/contiki-ng-native.a(stimer.o)
                0x0000000000014370                stimer_set
                0x0000000000014390                stimer_reset
                0x00000000000143c0                stimer_restart
                0x00000000000143d0                stimer_expired
                0x0000000000014400                stimer_remaining
                0x0000000000014420                stimer_elapsed
 *fill*         0x000000000001442e        0x2 
 .text          0x0000000000014430       0x1e build/native/contiki-ng-native.a(random.o)
                0x0000000000014430                random_init
                0x0000000000014440                random_rand
 *fill*         0x000000000001444e        0x2 
 .text          0x0000000000014450      0x378 build/native/contiki-ng-native.a(button-hal.o)
                0x00000000000145a0                button_hal_get_by_id
                0x00000000000145e0                button_hal_get_by_index
                0x0000000000014610                button_hal_get_state
                0x00000000000146f0                button_hal_init
 *fill*         0x00000000000147c8        0x8 
 .text          0x00000000000147d0      0x1be build/native/contiki-ng-native.a(serial-line.o)
                0x00000000000148f0                serial_line_input_byte
                0x0000000000014960                serial_line_init
 *fill*         0x000000000001498e        0x2 
 .text          0x0000000000014990       0xf3 build/native/contiki-ng-native.a(nullradio.o)
 *fill*         0x0000000000014a83        0xd 
 .text          0x0000000000014a90      0x104 build/native/contiki-ng-native.a(gpio-hal.o)
                0x0000000000014a90                gpio_hal_register_handler
                0x0000000000014aa0                gpio_hal_event_handler
                0x0000000000014af0                gpio_hal_init
                0x0000000000014b10                gpio_hal_arch_port_toggle_pin
                0x0000000000014b30                gpio_hal_arch_port_toggle_pins
                0x0000000000014b50                gpio_hal_arch_no_port_toggle_pin
                0x0000000000014b80                gpio_hal_arch_no_port_toggle_pins
 *fill*         0x0000000000014b94        0xc 
 .text          0x0000000000014ba0      0x6e3 build/native/contiki-ng-native.a(nbr-table.o)
                0x0000000000014c20                nbr_table_register
                0x0000000000014c80                nbr_table_is_registered
                0x0000000000014cb0                nbr_table_next
                0x0000000000014d50                nbr_table_head
                0x0000000000014dd0                nbr_table_add_lladdr
                0x00000000000150e0                nbr_table_get_from_lladdr
                0x0000000000015140                nbr_table_remove
                0x00000000000151c0                nbr_table_lock
                0x0000000000015200                nbr_table_unlock
                0x0000000000015240                nbr_table_get_lladdr
 *fill*         0x0000000000015283        0xd 
 .text          0x0000000000015290      0x3b0 build/native/contiki-ng-native.a(link-stats.o)
                0x00000000000152d0                link_stats_from_lladdr
                0x00000000000152e0                link_stats_get_lladdr
                0x00000000000152f0                link_stats_is_fresh
                0x0000000000015330                guess_etx_from_rssi
                0x0000000000015380                link_stats_packet_sent
                0x00000000000154f0                link_stats_input_callback
                0x00000000000155c0                link_stats_reset
                0x0000000000015610                link_stats_init
 .text          0x0000000000015640      0x3a1 build/native/contiki-ng-native.a(uipbuf.o)
                0x0000000000015640                uipbuf_clear
                0x0000000000015680                uipbuf_add_ext_hdr
                0x00000000000156d0                uipbuf_set_len
                0x00000000000156f0                uipbuf_set_len_field
                0x0000000000015700                uipbuf_get_len_field
                0x0000000000015710                uipbuf_get_next_header
                0x00000000000157c0                uipbuf_get_last_header
                0x0000000000015840                uipbuf_search_header
                0x0000000000015900                uipbuf_get_attr
                0x0000000000015920                uipbuf_set_attr
                0x0000000000015940                uipbuf_set_default_attr
                0x0000000000015960                uipbuf_clear_attr
                0x0000000000015980                uipbuf_set_attr_flag
                0x0000000000015990                uipbuf_clr_attr_flag
                0x00000000000159a0                uipbuf_is_attr_flag
                0x00000000000159c0                uipbuf_init
 *fill*         0x00000000000159e1        0xf 
 .text          0x00000000000159f0      0x4ce build/native/contiki-ng-native.a(uip-icmp6.o)
                0x0000000000015b30                uip_icmp6_input
                0x0000000000015ba0                uip_icmp6_register_input_handler
                0x0000000000015bb0                uip_icmp6_error_output
                0x0000000000015d90                uip_icmp6_send
                0x0000000000015e50                uip_icmp6_echo_reply_callback_add
                0x0000000000015e80                uip_icmp6_echo_reply_callback_rm
                0x0000000000015e90                uip_icmp6_init
 *fill*         0x0000000000015ebe        0x2 
 .text          0x0000000000015ec0      0x5ab build/native/contiki-ng-native.a(uip-sr.o)
                0x0000000000015f20                uip_sr_num_nodes
                0x0000000000015f30                uip_sr_get_node
                0x0000000000015fa0                uip_sr_is_addr_reachable
                0x0000000000016050                uip_sr_expire_parent
                0x00000000000160a0                uip_sr_update_node
                0x00000000000161b0                uip_sr_init
                0x00000000000161e0                uip_sr_node_head
                0x00000000000161f0                uip_sr_node_next
                0x0000000000016200                uip_sr_periodic
                0x00000000000162d0                uip_sr_free_all
                0x0000000000016330                uip_sr_link_snprint
 *fill*         0x000000000001646b        0x5 
 .text          0x0000000000016470      0x121 build/native/contiki-ng-native.a(uip-packetqueue)
                0x0000000000016490                uip_packetqueue_new
                0x00000000000164a0                uip_packetqueue_alloc
                0x0000000000016500                uip_packetqueue_free
                0x0000000000016540                uip_packetqueue_buf
                0x0000000000016560                uip_packetqueue_buflen
                0x0000000000016580                uip_packetqueue_set_buflen
 *fill*         0x0000000000016591        0xf 
 .text          0x00000000000165a0      0x12e build/native/contiki-ng-native.a(rpl-nbr-policy.)
                0x0000000000016640                rpl_nbr_policy_find_removable
 *fill*         0x00000000000166ce        0x2 
 .text          0x00000000000166d0      0x8c3 build/native/contiki-ng-native.a(rpl-neighbor.o)
                0x0000000000016720                rpl_neighbor_count
                0x0000000000016760                rpl_neighbor_get_from_lladdr
                0x0000000000016770                rpl_neighbor_is_acceptable_parent
                0x00000000000167a0                rpl_neighbor_get_link_metric
                0x00000000000167d0                rpl_neighbor_rank_via_nbr
                0x0000000000016800                rpl_neighbor_get_lladdr
                0x0000000000016810                rpl_neighbor_get_ipaddr
                0x0000000000016830                rpl_neighbor_get_link_stats
                0x0000000000016950                rpl_neighbor_snprint
                0x0000000000016cc0                rpl_neighbor_print_list
                0x0000000000016d50                rpl_neighbor_is_fresh
                0x0000000000016d70                rpl_neighbor_is_reachable
                0x0000000000016dc0                rpl_neighbor_is_parent
                0x0000000000016de0                rpl_neighbor_set_preferred_parent
                0x0000000000016e60                rpl_neighbor_remove_all
                0x0000000000016eb0                rpl_neighbor_get_from_ipaddr
                0x0000000000016ee0                rpl_neighbor_select_best
                0x0000000000016f80                rpl_neighbor_init
 *fill*         0x0000000000016f93        0xd 
 .text          0x0000000000016fa0      0xcb5 build/native/contiki-ng-native.a(rpl-dag.o)
                0x00000000000173e0                rpl_dag_state_to_str
                0x0000000000017420                rpl_dag_get_root_ipaddr
                0x0000000000017450                rpl_dag_leave
                0x00000000000174c0                rpl_dag_poison_and_leave
                0x00000000000174d0                rpl_dag_periodic
                0x0000000000017550                rpl_is_addr_in_our_dag
                0x00000000000175a0                rpl_get_default_instance
                0x00000000000175c0                rpl_get_any_dag
                0x00000000000175e0                rpl_refresh_routes
                0x0000000000017610                rpl_global_repair
                0x0000000000017640                rpl_local_repair
                0x0000000000017660                rpl_dag_ready_to_advertise
                0x0000000000017690                rpl_dag_update_state
                0x00000000000176b0                rpl_process_dio
                0x0000000000017970                rpl_process_dis
                0x00000000000179b0                rpl_process_dao
                0x0000000000017a30                rpl_process_dao_ack
                0x0000000000017ad0                rpl_process_hbh
                0x0000000000017b30                rpl_dag_init_root
                0x0000000000017c40                rpl_dag_init
 *fill*         0x0000000000017c55        0xb 
 .text          0x0000000000017c60      0x927 build/native/contiki-ng-native.a(rpl-timers.o)
                0x0000000000017f10                rpl_timers_schedule_periodic_dis
                0x0000000000018030                rpl_timers_dio_reset
                0x0000000000018080                rpl_timers_schedule_unicast_dio
                0x00000000000180b0                rpl_timers_schedule_dao
                0x0000000000018110                rpl_timers_schedule_dao_ack
                0x0000000000018150                rpl_timers_notify_dao_ack
                0x00000000000181d0                get_probing_delay
                0x00000000000181f0                get_probing_target
                0x00000000000183b0                rpl_schedule_probing
                0x00000000000183d0                rpl_schedule_probing_now
                0x0000000000018420                rpl_timers_unschedule_leaving
                0x0000000000018460                rpl_timers_schedule_leaving
                0x00000000000184b0                rpl_timers_init
                0x00000000000184e0                rpl_timers_stop_dag_timers
                0x0000000000018540                rpl_timers_unschedule_state_update
                0x0000000000018560                rpl_timers_schedule_state_update
 *fill*         0x0000000000018587        0x9 
 .text          0x0000000000018590      0xb0e build/native/contiki-ng-native.a(rpl-ext-header.)
                0x0000000000018600                rpl_ext_header_srh_get_next_hop
                0x00000000000186a0                rpl_ext_header_srh_update
                0x00000000000188f0                rpl_ext_header_hbh_update
                0x00000000000189b0                rpl_ext_header_remove
                0x0000000000018b20                rpl_ext_header_update
 *fill*         0x000000000001909e        0x2 
 .text          0x00000000000190a0      0x27d build/native/contiki-ng-native.a(rpl-mrhof.o)
 .text          0x000000000001931d        0x0 build/native/contiki-ng-native.a(buttons.o)
 *fill*         0x000000000001931d        0x3 
 .text          0x0000000000019320       0x4c build/native/contiki-ng-native.a(int-master.o)
                0x0000000000019320                int_master_enable
                0x0000000000019330                int_master_read_and_disable
                0x0000000000019350                int_master_status_set
                0x0000000000019360                int_master_is_enabled
 *fill*         0x000000000001936c        0x4 
 .text          0x0000000000019370      0x1cb build/native/contiki-ng-native.a(gpio-hal-arch.o)
                0x0000000000019370                gpio_hal_arch_init
                0x0000000000019380                gpio_hal_arch_no_port_interrupt_enable
                0x0000000000019390                gpio_hal_arch_no_port_interrupt_disable
                0x00000000000193a0                gpio_hal_arch_no_port_pin_cfg_set
                0x00000000000193c0                gpio_hal_arch_no_port_pin_cfg_get
                0x00000000000193e0                gpio_hal_arch_no_port_pin_set_input
                0x00000000000193f0                gpio_hal_arch_no_port_pin_set_output
                0x0000000000019400                gpio_hal_arch_no_port_set_pin
                0x0000000000019420                gpio_hal_arch_no_port_clear_pin
                0x0000000000019440                gpio_hal_arch_no_port_read_pin
                0x0000000000019460                gpio_hal_arch_no_port_write_pin
                0x0000000000019480                gpio_hal_arch_no_port_set_pins
                0x00000000000194b0                gpio_hal_arch_no_port_clear_pins
                0x00000000000194e0                gpio_hal_arch_no_port_read_pins
                0x0000000000019510                gpio_hal_arch_no_port_write_pins
 *fill*         0x000000000001953b        0x5 
 .text          0x0000000000019540       0xb1 build/native/contiki-ng-native.a(ringbuf.o)
                0x0000000000019540                ringbuf_init
                0x0000000000019550                ringbuf_put
                0x0000000000019590                ringbuf_get
                0x00000000000195d0                ringbuf_size
                0x00000000000195e0                ringbuf_elements
 *fill*         0x00000000000195f1        0xf 
 .text          0x0000000000019600       0x72 /usr/lib/x86_64-linux-gnu/libc_nonshared.a(elf-init.oS)
                0x0000000000019600                __libc_csu_init
                0x0000000000019670                __libc_csu_fini
 *fill*         0x0000000000019672        0xe 
 .text          0x0000000000019680        0xe /usr/lib/x86_64-linux-gnu/libc_nonshared.a(atexit.oS)
                0x0000000000019680                atexit
 .text          0x000000000001968e        0x0 /usr/lib/gcc/x86_64-linux-gnu/7/crtendS.o
 .text          0x000000000001968e        0x0 /usr/lib/gcc/x86_64-linux-gnu/7/../../../x86_64-linux-gnu/crtn.o
 *(.gnu.warning)

.fini           0x0000000000019690        0x9
 *(SORT_NONE(.fini))
 .fini          0x0000000000019690        0x4 /usr/lib/gcc/x86_64-linux-gnu/7/../../../x86_64-linux-gnu/crti.o
                0x0000000000019690                _fini
 .fini          0x0000000000019694        0x5 /usr/lib/gcc/x86_64-linux-gnu/7/../../../x86_64-linux-gnu/crtn.o
                [!provide]                        PROVIDE (__etext = .)
                [!provide]                        PROVIDE (_etext = .)
                [!provide]                        PROVIDE (etext = .)

.rodata         0x00000000000196a0      0x809
 *(.rodata .rodata.* .gnu.linkonce.r.*)
 .rodata.cst4   0x00000000000196a0        0x4 /usr/lib/gcc/x86_64-linux-gnu/7/../../../x86_64-linux-gnu/Scrt1.o
                0x00000000000196a0                _IO_stdin_used
 .rodata.str1.1
                0x00000000000196a4       0x6c device.o
 .rodata.str1.8
                0x0000000000019710       0x25 device.o
 .rodata.str1.1
                0x0000000000019735       0x41 build/native/contiki-ng-native.a(coap-engine.o)
 .rodata.str1.1
                0x0000000000019776        0x6 build/native/contiki-ng-native.a(coap-res-well-k)
                                         0x19 (size before relaxing)
 .rodata.str1.1
                0x000000000001977c       0x11 build/native/contiki-ng-native.a(coap-observe.o)
 .rodata.str1.1
                0x000000000001978d       0x35 build/native/contiki-ng-native.a(coap-uip.o)
 *fill*         0x00000000000197c2        0x6 
 .rodata.str1.8
                0x00000000000197c8       0x7f build/native/contiki-ng-native.a(coap.o)
 .rodata.str1.1
                0x0000000000019847       0x33 build/native/contiki-ng-native.a(coap.o)
                                         0x34 (size before relaxing)
 *fill*         0x000000000001987a        0x2 
 .rodata        0x000000000001987c       0xf4 build/native/contiki-ng-native.a(coap.o)
 .rodata.str1.1
                0x0000000000019970       0x66 build/native/contiki-ng-native.a(contiki-main.o)
                                         0x7a (size before relaxing)
 *fill*         0x00000000000199d6        0x2 
 .rodata.str1.8
                0x00000000000199d8       0x74 build/native/contiki-ng-native.a(contiki-main.o)
 .rodata.str1.1
                0x0000000000019a4c        0xf build/native/contiki-ng-native.a(ctimer.o)
 .rodata.str1.1
                0x0000000000019a5b       0xa5 build/native/contiki-ng-native.a(log.o)
                                         0xac (size before relaxing)
 .rodata        0x0000000000019b00       0x14 build/native/contiki-ng-native.a(log.o)
 .rodata.str1.1
                0x0000000000019b14        0xc build/native/contiki-ng-native.a(etimer.o)
 .rodata        0x0000000000019b20        0x8 build/native/contiki-ng-native.a(linkaddr.o)
                0x0000000000019b20                linkaddr_null
 .rodata.str1.1
                0x0000000000019b28        0x8 build/native/contiki-ng-native.a(nullmac.o)
 .rodata.str1.1
                0x0000000000019b30        0xd build/native/contiki-ng-native.a(tcpip.o)
 .rodata.str1.1
                0x0000000000019b3d       0x28 build/native/contiki-ng-native.a(uiplib.o)
                                         0x2d (size before relaxing)
 .rodata.str1.1
                0x0000000000019b65        0x9 build/native/contiki-ng-native.a(rpl.o)
 .rodata.str1.1
                0x0000000000019b6e       0x2f build/native/contiki-ng-native.a(platform.o)
                                         0x47 (size before relaxing)
 *fill*         0x0000000000019b9d        0x3 
 .rodata        0x0000000000019ba0        0x8 build/native/contiki-ng-native.a(platform.o)
 .rodata.str1.1
                0x0000000000019ba8       0xa6 build/native/contiki-ng-native.a(tun6-net.o)
                                         0xb9 (size before relaxing)
 *fill*         0x0000000000019c4e        0x2 
 .rodata.str1.8
                0x0000000000019c50       0xc7 build/native/contiki-ng-native.a(tun6-net.o)
 .rodata.str1.1
                0x0000000000019d17       0x13 build/native/contiki-ng-native.a(coap-timer-defa)
 .rodata.str1.1
                0x0000000000019d2a       0x13 build/native/contiki-ng-native.a(button-hal.o)
 .rodata.str1.1
                0x0000000000019d3d        0xe build/native/contiki-ng-native.a(serial-line.o)
 .rodata.str1.1
                0x0000000000019d4b       0x44 build/native/contiki-ng-native.a(uip-sr.o)
 *fill*         0x0000000000019d8f        0x1 
 .rodata.str1.8
                0x0000000000019d90       0x28 build/native/contiki-ng-native.a(rpl-neighbor.o)
                                         0x22 (size before relaxing)
 .rodata.str1.1
                0x0000000000019db8       0x34 build/native/contiki-ng-native.a(rpl-neighbor.o)
                                         0x36 (size before relaxing)
 .rodata.str1.1
                0x0000000000019dec       0xb0 build/native/contiki-ng-native.a(rpl-dag.o)
 .rodata.str1.1
                0x0000000000019e9c        0xc build/native/contiki-ng-native.a(rpl-timers.o)
 .rodata        0x0000000000019ea8        0x1 build/native/contiki-ng-native.a(buttons.o)
                0x0000000000019ea8                button_hal_button_count

.rodata1
 *(.rodata1)

.eh_frame_hdr   0x0000000000019eac     0x1324
 *(.eh_frame_hdr)
 .eh_frame_hdr  0x0000000000019eac     0x1324 /usr/lib/gcc/x86_64-linux-gnu/7/../../../x86_64-linux-gnu/Scrt1.o
                0x0000000000019eac                __GNU_EH_FRAME_HDR
 *(.eh_frame_entry .eh_frame_entry.*)

.eh_frame       0x000000000001b1d0     0x4ac0
 *(.eh_frame)
 .eh_frame      0x000000000001b1d0       0x30 /usr/lib/gcc/x86_64-linux-gnu/7/../../../x86_64-linux-gnu/Scrt1.o
                                         0x2c (size before relaxing)
 *fill*         0x000000000001b200        0x0 
 .eh_frame      0x000000000001b200       0x40 /usr/lib/gcc/x86_64-linux-gnu/7/../../../x86_64-linux-gnu/Scrt1.o
 .eh_frame      0x000000000001b240       0x18 /usr/lib/gcc/x86_64-linux-gnu/7/../../../x86_64-linux-gnu/Scrt1.o
                                         0x30 (size before relaxing)
 .eh_frame      0x000000000001b258       0x70 device.o
                                         0x88 (size before relaxing)
 .eh_frame      0x000000000001b2c8       0x78 build/native/contiki-ng-native.a(coap-blocking-a)
                                         0x90 (size before relaxing)
 .eh_frame      0x000000000001b340      0x150 build/native/contiki-ng-native.a(coap-engine.o)
                                        0x168 (size before relaxing)
 .eh_frame      0x000000000001b490       0x68 build/native/contiki-ng-native.a(coap-res-well-k)
                                         0x80 (size before relaxing)
 .eh_frame      0x000000000001b4f8      0x260 build/native/contiki-ng-native.a(coap-observe.o)
                                        0x278 (size before relaxing)
 .eh_frame      0x000000000001b758      0x1b0 build/native/contiki-ng-native.a(coap-uip.o)
                                        0x1c8 (size before relaxing)
 .eh_frame      0x000000000001b908      0x118 build/native/contiki-ng-native.a(coap-timer.o)
                                        0x130 (size before relaxing)
 .eh_frame      0x000000000001ba20       0xf8 build/native/contiki-ng-native.a(coap-transactio)
                                        0x110 (size before relaxing)
 .eh_frame      0x000000000001bb18      0x560 build/native/contiki-ng-native.a(coap.o)
                                        0x578 (size before relaxing)
 .eh_frame      0x000000000001c078       0x20 build/native/contiki-ng-native.a(contiki-main.o)
                                         0x38 (size before relaxing)
 .eh_frame      0x000000000001c098       0x38 build/native/contiki-ng-native.a(autostart.o)
                                         0x50 (size before relaxing)
 .eh_frame      0x000000000001c0d0      0x118 build/native/contiki-ng-native.a(ctimer.o)
                                        0x130 (size before relaxing)
 .eh_frame      0x000000000001c1e8      0x170 build/native/contiki-ng-native.a(log.o)
                                        0x188 (size before relaxing)
 .eh_frame      0x000000000001c358       0x40 build/native/contiki-ng-native.a(energest.o)
                                         0x58 (size before relaxing)
 .eh_frame      0x000000000001c398      0x1b0 build/native/contiki-ng-native.a(etimer.o)
                                        0x1c8 (size before relaxing)
 .eh_frame      0x000000000001c548       0x18 build/native/contiki-ng-native.a(node-id.o)
                                         0x30 (size before relaxing)
 .eh_frame      0x000000000001c560       0x50 build/native/contiki-ng-native.a(rtimer.o)
                                         0x68 (size before relaxing)
 .eh_frame      0x000000000001c5b0      0x188 build/native/contiki-ng-native.a(process.o)
                                        0x1a0 (size before relaxing)
 .eh_frame      0x000000000001c738       0x90 build/native/contiki-ng-native.a(timer.o)
                                         0xa8 (size before relaxing)
 .eh_frame      0x000000000001c7c8      0x108 build/native/contiki-ng-native.a(list.o)
                                        0x120 (size before relaxing)
 .eh_frame      0x000000000001c8d0       0x70 build/native/contiki-ng-native.a(memb.o)
                                         0x88 (size before relaxing)
 .eh_frame      0x000000000001c940       0xb8 build/native/contiki-ng-native.a(leds.o)
                                         0xd0 (size before relaxing)
 .eh_frame      0x000000000001c9f8      0x138 build/native/contiki-ng-native.a(queuebuf.o)
                                        0x150 (size before relaxing)
 .eh_frame      0x000000000001cb30      0x1c0 build/native/contiki-ng-native.a(packetbuf.o)
                                        0x1d8 (size before relaxing)
 .eh_frame      0x000000000001ccf0       0x78 build/native/contiki-ng-native.a(netstack.o)
                                         0x90 (size before relaxing)
 .eh_frame      0x000000000001cd68       0x40 build/native/contiki-ng-native.a(linkaddr.o)
                                         0x58 (size before relaxing)
 .eh_frame      0x000000000001cda8       0x78 build/native/contiki-ng-native.a(nullmac.o)
                                         0x90 (size before relaxing)
 .eh_frame      0x000000000001ce20      0x3b8 build/native/contiki-ng-native.a(uip-ds6.o)
                                        0x3d0 (size before relaxing)
 .eh_frame      0x000000000001d1d8       0x48 build/native/contiki-ng-native.a(uip-udp-packet.)
                                         0x60 (size before relaxing)
 .eh_frame      0x000000000001d220      0x1b0 build/native/contiki-ng-native.a(uip-ds6-route.o)
                                        0x1c8 (size before relaxing)
 .eh_frame      0x000000000001d3d0      0x138 build/native/contiki-ng-native.a(tcpip.o)
                                        0x150 (size before relaxing)
 .eh_frame      0x000000000001d508      0x198 build/native/contiki-ng-native.a(uip6.o)
                                        0x1b0 (size before relaxing)
 .eh_frame      0x000000000001d6a0      0x1b8 build/native/contiki-ng-native.a(uip-ds6-nbr.o)
                                        0x1d0 (size before relaxing)
 .eh_frame      0x000000000001d858       0x60 build/native/contiki-ng-native.a(uip-nd6.o)
                                         0x78 (size before relaxing)
 .eh_frame      0x000000000001d8b8       0xc8 build/native/contiki-ng-native.a(uiplib.o)
                                         0xe0 (size before relaxing)
 .eh_frame      0x000000000001d980      0x1b0 build/native/contiki-ng-native.a(rpl.o)
                                        0x1c8 (size before relaxing)
 .eh_frame      0x000000000001db30      0x1f0 build/native/contiki-ng-native.a(rpl-icmp6.o)
                                        0x208 (size before relaxing)
 .eh_frame      0x000000000001dd20       0xa8 build/native/contiki-ng-native.a(rpl-dag-root.o)
                                         0xc0 (size before relaxing)
 .eh_frame      0x000000000001ddc8      0x128 build/native/contiki-ng-native.a(platform.o)
                                        0x140 (size before relaxing)
 .eh_frame      0x000000000001def0       0x60 build/native/contiki-ng-native.a(clock.o)
                                         0x78 (size before relaxing)
 .eh_frame      0x000000000001df50      0x100 build/native/contiki-ng-native.a(tun6-net.o)
                                        0x118 (size before relaxing)
 .eh_frame      0x000000000001e050       0x50 build/native/contiki-ng-native.a(rtimer-arch.o)
                                         0x68 (size before relaxing)
 .eh_frame      0x000000000001e0a0       0x68 build/native/contiki-ng-native.a(watchdog.o)
                                         0x80 (size before relaxing)
 .eh_frame      0x000000000001e108       0x70 build/native/contiki-ng-native.a(coap-timer-defa)
                                         0x88 (size before relaxing)
 .eh_frame      0x000000000001e178       0xa8 build/native/contiki-ng-native.a(stimer.o)
                                         0xc0 (size before relaxing)
 .eh_frame      0x000000000001e220       0x30 build/native/contiki-ng-native.a(random.o)
                                         0x48 (size before relaxing)
 .eh_frame      0x000000000001e250      0x138 build/native/contiki-ng-native.a(button-hal.o)
                                        0x150 (size before relaxing)
 .eh_frame      0x000000000001e388       0x80 build/native/contiki-ng-native.a(serial-line.o)
                                         0x98 (size before relaxing)
 .eh_frame      0x000000000001e408      0x118 build/native/contiki-ng-native.a(nullradio.o)
                                        0x130 (size before relaxing)
 .eh_frame      0x000000000001e520       0xc8 build/native/contiki-ng-native.a(gpio-hal.o)
                                         0xe0 (size before relaxing)
 .eh_frame      0x000000000001e5e8      0x180 build/native/contiki-ng-native.a(nbr-table.o)
                                        0x198 (size before relaxing)
 .eh_frame      0x000000000001e768      0x130 build/native/contiki-ng-native.a(link-stats.o)
                                        0x148 (size before relaxing)
 .eh_frame      0x000000000001e898      0x150 build/native/contiki-ng-native.a(uipbuf.o)
                                        0x168 (size before relaxing)
 .eh_frame      0x000000000001e9e8      0x198 build/native/contiki-ng-native.a(uip-icmp6.o)
                                        0x1b0 (size before relaxing)
 .eh_frame      0x000000000001eb80      0x210 build/native/contiki-ng-native.a(uip-sr.o)
                                        0x228 (size before relaxing)
 .eh_frame      0x000000000001ed90       0xb8 build/native/contiki-ng-native.a(uip-packetqueue)
                                         0xd0 (size before relaxing)
 .eh_frame      0x000000000001ee48       0x50 build/native/contiki-ng-native.a(rpl-nbr-policy.)
                                         0x68 (size before relaxing)
 .eh_frame      0x000000000001ee98      0x288 build/native/contiki-ng-native.a(rpl-neighbor.o)
                                        0x2a0 (size before relaxing)
 .eh_frame      0x000000000001f120      0x348 build/native/contiki-ng-native.a(rpl-dag.o)
                                        0x360 (size before relaxing)
 .eh_frame      0x000000000001f468      0x338 build/native/contiki-ng-native.a(rpl-timers.o)
                                        0x350 (size before relaxing)
 .eh_frame      0x000000000001f7a0      0x140 build/native/contiki-ng-native.a(rpl-ext-header.)
                                        0x158 (size before relaxing)
 .eh_frame      0x000000000001f8e0      0x150 build/native/contiki-ng-native.a(rpl-mrhof.o)
                                        0x168 (size before relaxing)
 .eh_frame      0x000000000001fa30       0x50 build/native/contiki-ng-native.a(int-master.o)
                                         0x68 (size before relaxing)
 .eh_frame      0x000000000001fa80      0x130 build/native/contiki-ng-native.a(gpio-hal-arch.o)
                                        0x148 (size before relaxing)
 .eh_frame      0x000000000001fbb0       0x68 build/native/contiki-ng-native.a(ringbuf.o)
                                         0x80 (size before relaxing)
 .eh_frame      0x000000000001fc18       0x60 /usr/lib/x86_64-linux-gnu/libc_nonshared.a(elf-init.oS)
                                         0x78 (size before relaxing)
 .eh_frame      0x000000000001fc78       0x14 /usr/lib/x86_64-linux-gnu/libc_nonshared.a(atexit.oS)
                                         0x30 (size before relaxing)
 .eh_frame      0x000000000001fc8c        0x4 /usr/lib/gcc/x86_64-linux-gnu/7/crtendS.o
 *(.eh_frame.*)

.gcc_except_table
 *(.gcc_except_table .gcc_except_table.*)

.gnu_extab
 *(.gnu_extab*)

.exception_ranges
 *(.exception_ranges .exception_ranges*)
                0x0000000000220a50                . = DATA_SEGMENT_ALIGN (CONSTANT (MAXPAGESIZE), CONSTANT (COMMONPAGESIZE))

.eh_frame
 *(.eh_frame)
 *(.eh_frame.*)

.gnu_extab
 *(.gnu_extab)

.gcc_except_table
 *(.gcc_except_table .gcc_except_table.*)

.exception_ranges
 *(.exception_ranges .exception_ranges*)

.tdata
 *(.tdata .tdata.* .gnu.linkonce.td.*)

.tbss
 *(.tbss .tbss.* .gnu.linkonce.tb.*)
 *(.tcommon)

.preinit_array  0x0000000000220a50        0x0
                [!provide]                        PROVIDE (__preinit_array_start = .)
 *(.preinit_array)
                [!provide]                        PROVIDE (__preinit_array_end = .)

.init_array     0x0000000000220a50        0x8
                0x0000000000220a50                PROVIDE (__init_array_start = .)
 *(SORT_BY_INIT_PRIORITY(.init_array.*) SORT_BY_INIT_PRIORITY(.ctors.*))
 *(.init_array EXCLUDE_FILE(*crtend?.o *crtend.o *crtbegin?.o *crtbegin.o) .ctors)
 .init_array    0x0000000000220a50        0x8 /usr/lib/gcc/x86_64-linux-gnu/7/crtbeginS.o
                0x0000000000220a58                PROVIDE (__init_array_end = .)

.fini_array     0x0000000000220a58        0x8
                [!provide]                        PROVIDE (__fini_array_start = .)
 *(SORT_BY_INIT_PRIORITY(.fini_array.*) SORT_BY_INIT_PRIORITY(.dtors.*))
 *(.fini_array EXCLUDE_FILE(*crtend?.o *crtend.o *crtbegin?.o *crtbegin.o) .dtors)
 .fini_array    0x0000000000220a58        0x8 /usr/lib/gcc/x86_64-linux-gnu/7/crtbeginS.o
                [!provide]                        PROVIDE (__fini_array_end = .)

.ctors
 *crtbegin.o(.ctors)
 *crtbegin?.o(.ctors)
 *(EXCLUDE_FILE(*crtend?.o *crtend.o) .ctors)
 *(SORT_BY_NAME(.ctors.*))
 *(.ctors)

.dtors
 *crtbegin.o(.dtors)
 *crtbegin?.o(.dtors)
 *(EXCLUDE_FILE(*crtend?.o *crtend.o) .dtors)
 *(SORT_BY_NAME(.dtors.*))
 *(.dtors)

.jcr
 *(.jcr)

.data.rel.ro    0x0000000000220a60      0x208
 *(.data.rel.ro.local* .gnu.linkonce.d.rel.ro.local.*)
 .data.rel.ro.local
                0x0000000000220a60       0x10 device.o
                0x0000000000220a60                autostart_processes
 *fill*         0x0000000000220a70       0x10 
 .data.rel.ro.local
                0x0000000000220a80       0x38 build/native/contiki-ng-native.a(nullmac.o)
                0x0000000000220a80                nullmac_driver
 *fill*         0x0000000000220ab8        0x8 
 .data.rel.ro.local
                0x0000000000220ac0       0x10 build/native/contiki-ng-native.a(platform.o)
 *fill*         0x0000000000220ad0       0x10 
 .data.rel.ro.local
                0x0000000000220ae0       0x30 build/native/contiki-ng-native.a(tun6-net.o)
                0x0000000000220ae0                tun6_net_driver
 .data.rel.ro.local
                0x0000000000220b10       0x18 build/native/contiki-ng-native.a(coap-timer-defa)
                0x0000000000220b10                coap_timer_default_driver
 *fill*         0x0000000000220b28       0x18 
 .data.rel.ro.local
                0x0000000000220b40       0x70 build/native/contiki-ng-native.a(nullradio.o)
                0x0000000000220b40                nullradio_driver
 *(.data.rel.ro .data.rel.ro.* .gnu.linkonce.d.rel.ro.*)
 .data.rel.ro   0x0000000000220bb0        0x0 /usr/lib/gcc/x86_64-linux-gnu/7/../../../x86_64-linux-gnu/Scrt1.o
 *fill*         0x0000000000220bb0       0x10 
 .data.rel.ro   0x0000000000220bc0       0xa8 build/native/contiki-ng-native.a(rpl.o)
                0x0000000000220bc0                rpl_lite_driver

.dynamic        0x0000000000220c68      0x210
 *(.dynamic)
 .dynamic       0x0000000000220c68      0x210 /usr/lib/gcc/x86_64-linux-gnu/7/../../../x86_64-linux-gnu/Scrt1.o
                0x0000000000220c68                _DYNAMIC

.got            0x0000000000220e78      0x188
 *(.got.plt)
 .got.plt       0x0000000000220e78      0x160 /usr/lib/gcc/x86_64-linux-gnu/7/../../../x86_64-linux-gnu/Scrt1.o
                0x0000000000220e78                _GLOBAL_OFFSET_TABLE_
 *(.igot.plt)
 *(.got)
 .got           0x0000000000220fd8       0x28 /usr/lib/gcc/x86_64-linux-gnu/7/../../../x86_64-linux-gnu/Scrt1.o
 *(.igot)
                0x0000000000221000                . = DATA_SEGMENT_RELRO_END (., 0x0)

.data           0x0000000000221000      0x5e8
 *(.data .data.* .gnu.linkonce.d.*)
 .data          0x0000000000221000        0x4 /usr/lib/gcc/x86_64-linux-gnu/7/../../../x86_64-linux-gnu/Scrt1.o
                0x0000000000221000                data_start
                0x0000000000221000                __data_start
 .data          0x0000000000221004        0x0 /usr/lib/gcc/x86_64-linux-gnu/7/../../../x86_64-linux-gnu/crti.o
 .data          0x0000000000221004        0x0 /usr/lib/gcc/x86_64-linux-gnu/7/crtbeginS.o
 *fill*         0x0000000000221004        0x4 
 .data.rel.local
                0x0000000000221008        0x8 /usr/lib/gcc/x86_64-linux-gnu/7/crtbeginS.o
                0x0000000000221008                __dso_handle
 .data          0x0000000000221010        0x0 device.o
 *fill*         0x0000000000221010       0x10 
 .data.rel.local
                0x0000000000221020       0x20 device.o
                0x0000000000221020                node_process
 .data          0x0000000000221040        0x0 build/native/contiki-ng-native.a(coap-blocking-a)
 .data          0x0000000000221040        0x0 build/native/contiki-ng-native.a(coap-engine.o)
 .data          0x0000000000221040        0x0 build/native/contiki-ng-native.a(coap-res-well-k)
 .data.rel.local
                0x0000000000221040       0x48 build/native/contiki-ng-native.a(coap-res-well-k)
                0x0000000000221040                res_well_known_core
 .data          0x0000000000221088        0x0 build/native/contiki-ng-native.a(coap-observe.o)
 *fill*         0x0000000000221088        0x8 
 .data.rel.local
                0x0000000000221090       0x18 build/native/contiki-ng-native.a(coap-observe.o)
 .data          0x00000000002210a8        0x0 build/native/contiki-ng-native.a(coap-uip.o)
 *fill*         0x00000000002210a8       0x18 
 .data.rel.local
                0x00000000002210c0       0x20 build/native/contiki-ng-native.a(coap-uip.o)
                0x00000000002210c0                coap_engine
 .data          0x00000000002210e0        0x0 build/native/contiki-ng-native.a(coap-timer.o)
 .data          0x00000000002210e0        0x0 build/native/contiki-ng-native.a(coap-transactio)
 .data.rel.local
                0x00000000002210e0       0x18 build/native/contiki-ng-native.a(coap-transactio)
 .data          0x00000000002210f8        0x0 build/native/contiki-ng-native.a(coap.o)
 .data.rel.local
                0x00000000002210f8        0x8 build/native/contiki-ng-native.a(coap.o)
                0x00000000002210f8                coap_error_message
 .data          0x0000000000221100        0x0 build/native/contiki-ng-native.a(contiki-main.o)
 .data          0x0000000000221100        0x0 build/native/contiki-ng-native.a(autostart.o)
 .data          0x0000000000221100        0x0 build/native/contiki-ng-native.a(ctimer.o)
 .data.rel.local
                0x0000000000221100       0x20 build/native/contiki-ng-native.a(ctimer.o)
                0x0000000000221100                ctimer_process
 .data          0x0000000000221120        0x4 build/native/contiki-ng-native.a(log.o)
                0x0000000000221120                curr_log_level_main
 *fill*         0x0000000000221124       0x1c 
 .data.rel.local
                0x0000000000221140      0x138 build/native/contiki-ng-native.a(log.o)
                0x0000000000221140                all_modules
 .data          0x0000000000221278        0x0 build/native/contiki-ng-native.a(energest.o)
 .data          0x0000000000221278        0x0 build/native/contiki-ng-native.a(etimer.o)
 *fill*         0x0000000000221278        0x8 
 .data.rel.local
                0x0000000000221280       0x20 build/native/contiki-ng-native.a(etimer.o)
                0x0000000000221280                etimer_process
 .data          0x00000000002212a0        0x0 build/native/contiki-ng-native.a(node-id.o)
 .data          0x00000000002212a0        0x0 build/native/contiki-ng-native.a(rtimer.o)
 .data          0x00000000002212a0        0x0 build/native/contiki-ng-native.a(process.o)
 .data          0x00000000002212a0        0x0 build/native/contiki-ng-native.a(timer.o)
 .data          0x00000000002212a0        0x0 build/native/contiki-ng-native.a(list.o)
 .data          0x00000000002212a0        0x0 build/native/contiki-ng-native.a(memb.o)
 .data          0x00000000002212a0        0x0 build/native/contiki-ng-native.a(leds.o)
 .data          0x00000000002212a0        0x0 build/native/contiki-ng-native.a(queuebuf.o)
 .data.rel.local
                0x00000000002212a0       0x38 build/native/contiki-ng-native.a(queuebuf.o)
 .data          0x00000000002212d8        0x0 build/native/contiki-ng-native.a(packetbuf.o)
 .data          0x00000000002212d8        0x0 build/native/contiki-ng-native.a(netstack.o)
 .data          0x00000000002212d8        0x0 build/native/contiki-ng-native.a(linkaddr.o)
 .data          0x00000000002212d8        0x0 build/native/contiki-ng-native.a(nullmac.o)
 .data          0x00000000002212d8        0x0 build/native/contiki-ng-native.a(uip-ds6.o)
 .data          0x00000000002212d8        0x0 build/native/contiki-ng-native.a(uip-udp-packet.)
 .data          0x00000000002212d8        0x0 build/native/contiki-ng-native.a(uip-ds6-route.o)
 *fill*         0x00000000002212d8        0x8 
 .data.rel.local
                0x00000000002212e0       0x18 build/native/contiki-ng-native.a(uip-ds6-route.o)
 .data          0x00000000002212f8        0x0 build/native/contiki-ng-native.a(tcpip.o)
 *fill*         0x00000000002212f8        0x8 
 .data.rel.local
                0x0000000000221300       0x20 build/native/contiki-ng-native.a(tcpip.o)
                0x0000000000221300                tcpip_process
 .data          0x0000000000221320        0x0 build/native/contiki-ng-native.a(uip6.o)
 .data          0x0000000000221320        0x0 build/native/contiki-ng-native.a(uip-ds6-nbr.o)
 .data.rel.local
                0x0000000000221320       0x18 build/native/contiki-ng-native.a(uip-ds6-nbr.o)
 .data          0x0000000000221338        0x0 build/native/contiki-ng-native.a(uip-nd6.o)
 *fill*         0x0000000000221338        0x8 
 .data.rel.local
                0x0000000000221340       0x18 build/native/contiki-ng-native.a(uip-nd6.o)
 .data          0x0000000000221358        0x0 build/native/contiki-ng-native.a(uiplib.o)
 .data          0x0000000000221358        0x0 build/native/contiki-ng-native.a(rpl.o)
 .data          0x0000000000221358        0x0 build/native/contiki-ng-native.a(rpl-icmp6.o)
 *fill*         0x0000000000221358        0x8 
 .data.rel.local
                0x0000000000221360       0x78 build/native/contiki-ng-native.a(rpl-icmp6.o)
 .data          0x00000000002213d8        0x0 build/native/contiki-ng-native.a(rpl-dag-root.o)
 .data          0x00000000002213d8        0x0 build/native/contiki-ng-native.a(platform.o)
 .data          0x00000000002213d8        0x0 build/native/contiki-ng-native.a(clock.o)
 *fill*         0x00000000002213d8        0x8 
 .data          0x00000000002213e0       0x60 build/native/contiki-ng-native.a(tun6-net.o)
 .data          0x0000000000221440        0x0 build/native/contiki-ng-native.a(rtimer-arch.o)
 .data          0x0000000000221440        0x0 build/native/contiki-ng-native.a(watchdog.o)
 .data          0x0000000000221440        0x0 build/native/contiki-ng-native.a(coap-timer-defa)
 .data.rel.local
                0x0000000000221440       0x20 build/native/contiki-ng-native.a(coap-timer-defa)
                0x0000000000221440                coap_timer_process
 .data          0x0000000000221460        0x0 build/native/contiki-ng-native.a(stimer.o)
 .data          0x0000000000221460        0x0 build/native/contiki-ng-native.a(random.o)
 .data          0x0000000000221460        0x0 build/native/contiki-ng-native.a(button-hal.o)
 .data.rel.local
                0x0000000000221460       0x20 build/native/contiki-ng-native.a(button-hal.o)
                0x0000000000221460                button_hal_process
 .data          0x0000000000221480        0x0 build/native/contiki-ng-native.a(serial-line.o)
 .data.rel.local
                0x0000000000221480       0x20 build/native/contiki-ng-native.a(serial-line.o)
                0x0000000000221480                serial_line_process
 .data          0x00000000002214a0        0x0 build/native/contiki-ng-native.a(nullradio.o)
 .data          0x00000000002214a0        0x0 build/native/contiki-ng-native.a(gpio-hal.o)
 .data          0x00000000002214a0        0x0 build/native/contiki-ng-native.a(nbr-table.o)
 .data.rel.local
                0x00000000002214a0       0x18 build/native/contiki-ng-native.a(nbr-table.o)
 .data          0x00000000002214b8        0x0 build/native/contiki-ng-native.a(link-stats.o)
 *fill*         0x00000000002214b8        0x8 
 .data.rel.local
                0x00000000002214c0       0x18 build/native/contiki-ng-native.a(link-stats.o)
 .data          0x00000000002214d8        0x0 build/native/contiki-ng-native.a(uipbuf.o)
 .data          0x00000000002214d8        0x0 build/native/contiki-ng-native.a(uip-icmp6.o)
 *fill*         0x00000000002214d8        0x8 
 .data.rel.local
                0x00000000002214e0       0x38 build/native/contiki-ng-native.a(uip-icmp6.o)
 .data          0x0000000000221518        0x0 build/native/contiki-ng-native.a(uip-sr.o)
 *fill*         0x0000000000221518        0x8 
 .data.rel.local
                0x0000000000221520       0x18 build/native/contiki-ng-native.a(uip-sr.o)
 .data          0x0000000000221538        0x0 build/native/contiki-ng-native.a(uip-packetqueue)
 *fill*         0x0000000000221538        0x8 
 .data.rel.local
                0x0000000000221540       0x18 build/native/contiki-ng-native.a(uip-packetqueue)
 .data          0x0000000000221558        0x0 build/native/contiki-ng-native.a(rpl-nbr-policy.)
 .data          0x0000000000221558        0x0 build/native/contiki-ng-native.a(rpl-neighbor.o)
 *fill*         0x0000000000221558        0x8 
 .data.rel.local
                0x0000000000221560       0x28 build/native/contiki-ng-native.a(rpl-neighbor.o)
                0x0000000000221560                rpl_neighbors
 .data          0x0000000000221588        0x0 build/native/contiki-ng-native.a(rpl-dag.o)
 .data          0x0000000000221588        0x0 build/native/contiki-ng-native.a(rpl-timers.o)
 .data          0x0000000000221588        0x0 build/native/contiki-ng-native.a(rpl-ext-header.)
 .data          0x0000000000221588        0x0 build/native/contiki-ng-native.a(rpl-mrhof.o)
 *fill*         0x0000000000221588       0x18 
 .data.rel.local
                0x00000000002215a0       0x48 build/native/contiki-ng-native.a(rpl-mrhof.o)
                0x00000000002215a0                rpl_mrhof
 .data          0x00000000002215e8        0x0 build/native/contiki-ng-native.a(buttons.o)
 .data          0x00000000002215e8        0x0 build/native/contiki-ng-native.a(int-master.o)
 .data          0x00000000002215e8        0x0 build/native/contiki-ng-native.a(gpio-hal-arch.o)
 .data          0x00000000002215e8        0x0 build/native/contiki-ng-native.a(ringbuf.o)
 .data          0x00000000002215e8        0x0 /usr/lib/x86_64-linux-gnu/libc_nonshared.a(elf-init.oS)
 .data          0x00000000002215e8        0x0 /usr/lib/x86_64-linux-gnu/libc_nonshared.a(atexit.oS)
 .data          0x00000000002215e8        0x0 /usr/lib/gcc/x86_64-linux-gnu/7/crtendS.o
 .data          0x00000000002215e8        0x0 /usr/lib/gcc/x86_64-linux-gnu/7/../../../x86_64-linux-gnu/crtn.o

.tm_clone_table
                0x00000000002215e8        0x0
 .tm_clone_table
                0x00000000002215e8        0x0 /usr/lib/gcc/x86_64-linux-gnu/7/crtbeginS.o
 .tm_clone_table
                0x00000000002215e8        0x0 /usr/lib/gcc/x86_64-linux-gnu/7/crtendS.o

.data1
 *(.data1)
                0x00000000002215e8                _edata = .
                [!provide]                        PROVIDE (edata = .)
                0x00000000002215e8                . = .
                0x00000000002215e8                __bss_start = .

.bss            0x0000000000221600     0xea20
 *(.dynbss)
 .dynbss        0x0000000000221600       0x28 /usr/lib/gcc/x86_64-linux-gnu/7/../../../x86_64-linux-gnu/Scrt1.o
                0x0000000000221600                stdout@@GLIBC_2.2.5
                0x0000000000221620                stderr@@GLIBC_2.2.5
 *(.bss .bss.* .gnu.linkonce.b.*)
 .bss           0x0000000000221628        0x0 /usr/lib/gcc/x86_64-linux-gnu/7/../../../x86_64-linux-gnu/Scrt1.o
 .bss           0x0000000000221628        0x0 /usr/lib/gcc/x86_64-linux-gnu/7/../../../x86_64-linux-gnu/crti.o
 .bss           0x0000000000221628        0x1 /usr/lib/gcc/x86_64-linux-gnu/7/crtbeginS.o
 *fill*         0x0000000000221629       0x17 
 .bss           0x0000000000221640      0x220 device.o
                0x0000000000221640                registered
 .bss           0x0000000000221860        0x0 build/native/contiki-ng-native.a(coap-blocking-a)
 .bss           0x0000000000221860      0x218 build/native/contiki-ng-native.a(coap-engine.o)
 .bss           0x0000000000221a78        0x0 build/native/contiki-ng-native.a(coap-res-well-k)
 *fill*         0x0000000000221a78        0x8 
 .bss           0x0000000000221a80      0x15b build/native/contiki-ng-native.a(coap-observe.o)
 *fill*         0x0000000000221bdb        0x5 
 .bss           0x0000000000221be0       0x20 build/native/contiki-ng-native.a(coap-uip.o)
 .bss           0x0000000000221c00       0x10 build/native/contiki-ng-native.a(coap-timer.o)
 *fill*         0x0000000000221c10       0x10 
 .bss           0x0000000000221c20      0x3c4 build/native/contiki-ng-native.a(coap-transactio)
 .bss           0x0000000000221fe4        0x6 build/native/contiki-ng-native.a(coap.o)
                0x0000000000221fe4                coap_status_code
 .bss           0x0000000000221fea        0x0 build/native/contiki-ng-native.a(contiki-main.o)
 .bss           0x0000000000221fea        0x0 build/native/contiki-ng-native.a(autostart.o)
 *fill*         0x0000000000221fea        0x6 
 .bss           0x0000000000221ff0       0x10 build/native/contiki-ng-native.a(ctimer.o)
 .bss           0x0000000000222000       0x2c build/native/contiki-ng-native.a(log.o)
                0x0000000000222000                curr_log_level_lwm2m
                0x0000000000222004                curr_log_level_snmp
                0x0000000000222008                curr_log_level_coap
                0x000000000022200c                curr_log_level_6top
                0x0000000000222010                curr_log_level_framer
                0x0000000000222014                curr_log_level_mac
                0x0000000000222018                curr_log_level_nullnet
                0x000000000022201c                curr_log_level_6lowpan
                0x0000000000222020                curr_log_level_ipv6
                0x0000000000222024                curr_log_level_tcpip
                0x0000000000222028                curr_log_level_rpl
 .bss           0x000000000022202c        0x0 build/native/contiki-ng-native.a(energest.o)
 *fill*         0x000000000022202c        0x4 
 .bss           0x0000000000222030       0x10 build/native/contiki-ng-native.a(etimer.o)
 .bss           0x0000000000222040        0x2 build/native/contiki-ng-native.a(node-id.o)
                0x0000000000222040                node_id
 *fill*         0x0000000000222042        0x6 
 .bss           0x0000000000222048        0x8 build/native/contiki-ng-native.a(rtimer.o)
 *fill*         0x0000000000222050       0x10 
 .bss           0x0000000000222060      0x323 build/native/contiki-ng-native.a(process.o)
                0x0000000000222060                process_current
                0x0000000000222068                process_list
 .bss           0x0000000000222383        0x0 build/native/contiki-ng-native.a(timer.o)
 .bss           0x0000000000222383        0x0 build/native/contiki-ng-native.a(list.o)
 .bss           0x0000000000222383        0x0 build/native/contiki-ng-native.a(memb.o)
 .bss           0x0000000000222383        0x0 build/native/contiki-ng-native.a(leds.o)
 *fill*         0x0000000000222383       0x1d 
 .bss           0x00000000002223a0     0x2d80 build/native/contiki-ng-native.a(queuebuf.o)
 .bss           0x0000000000225120       0x86 build/native/contiki-ng-native.a(packetbuf.o)
 *fill*         0x00000000002251a6        0x2 
 .bss           0x00000000002251a8        0x8 build/native/contiki-ng-native.a(netstack.o)
 .bss           0x00000000002251b0        0x0 build/native/contiki-ng-native.a(linkaddr.o)
 .bss           0x00000000002251b0        0x0 build/native/contiki-ng-native.a(nullmac.o)
 .bss           0x00000000002251b0       0x40 build/native/contiki-ng-native.a(uip-ds6.o)
 .bss           0x00000000002251f0        0x0 build/native/contiki-ng-native.a(uip-udp-packet.)
 *fill*         0x00000000002251f0       0x10 
 .bss           0x0000000000225200       0x70 build/native/contiki-ng-native.a(uip-ds6-route.o)
 *fill*         0x0000000000225270       0x10 
 .bss           0x0000000000225280       0x20 build/native/contiki-ng-native.a(tcpip.o)
 .bss           0x00000000002252a0        0x8 build/native/contiki-ng-native.a(uip6.o)
                0x00000000002252a0                uip_last_proto
                0x00000000002252a2                uip_ext_len
                0x00000000002252a4                uip_ext_bitmap
 *fill*         0x00000000002252a8       0x18 
 .bss           0x00000000002252c0     0x2580 build/native/contiki-ng-native.a(uip-ds6-nbr.o)
 .bss           0x0000000000227840       0x19 build/native/contiki-ng-native.a(uip-nd6.o)
 .bss           0x0000000000227859        0x0 build/native/contiki-ng-native.a(uiplib.o)
 .bss           0x0000000000227859        0x1 build/native/contiki-ng-native.a(rpl.o)
 .bss           0x000000000022785a        0x0 build/native/contiki-ng-native.a(rpl-icmp6.o)
 *fill*         0x000000000022785a        0x6 
 .bss           0x0000000000227860       0x11 build/native/contiki-ng-native.a(rpl-dag-root.o)
 *fill*         0x0000000000227871        0xf 
 .bss           0x0000000000227880       0x60 build/native/contiki-ng-native.a(platform.o)
                0x0000000000227880                contiki_argc
 .bss           0x00000000002278e0        0x0 build/native/contiki-ng-native.a(clock.o)
 .bss           0x00000000002278e0        0x0 build/native/contiki-ng-native.a(tun6-net.o)
 .bss           0x00000000002278e0        0x0 build/native/contiki-ng-native.a(rtimer-arch.o)
 .bss           0x00000000002278e0        0x0 build/native/contiki-ng-native.a(watchdog.o)
 .bss           0x00000000002278e0       0x48 build/native/contiki-ng-native.a(coap-timer-defa)
 .bss           0x0000000000227928        0x0 build/native/contiki-ng-native.a(stimer.o)
 .bss           0x0000000000227928        0x0 build/native/contiki-ng-native.a(random.o)
 *fill*         0x0000000000227928        0x8 
 .bss           0x0000000000227930       0x1c build/native/contiki-ng-native.a(button-hal.o)
 *fill*         0x000000000022794c       0x14 
 .bss           0x0000000000227960      0x150 build/native/contiki-ng-native.a(serial-line.o)
 .bss           0x0000000000227ab0        0x0 build/native/contiki-ng-native.a(nullradio.o)
 .bss           0x0000000000227ab0        0x8 build/native/contiki-ng-native.a(gpio-hal.o)
 *fill*         0x0000000000227ab8        0x8 
 .bss           0x0000000000227ac0     0x16cc build/native/contiki-ng-native.a(nbr-table.o)
 *fill*         0x000000000022918c       0x14 
 .bss           0x00000000002291a0     0x12c0 build/native/contiki-ng-native.a(link-stats.o)
 .bss           0x000000000022a460       0x1c build/native/contiki-ng-native.a(uipbuf.o)
 *fill*         0x000000000022a47c        0x4 
 .bss           0x000000000022a480       0x20 build/native/contiki-ng-native.a(uip-icmp6.o)
 .bss           0x000000000022a4a0     0x301c build/native/contiki-ng-native.a(uip-sr.o)
 *fill*         0x000000000022d4bc        0x4 
 .bss           0x000000000022d4c0      0xab2 build/native/contiki-ng-native.a(uip-packetqueue)
 *fill*         0x000000000022df72        0x6 
 .bss           0x000000000022df78       0x14 build/native/contiki-ng-native.a(rpl-nbr-policy.)
 *fill*         0x000000000022df8c       0x14 
 .bss           0x000000000022dfa0     0x12c0 build/native/contiki-ng-native.a(rpl-neighbor.o)
 .bss           0x000000000022f260        0x0 build/native/contiki-ng-native.a(rpl-dag.o)
 .bss           0x000000000022f260       0x80 build/native/contiki-ng-native.a(rpl-timers.o)
 .bss           0x000000000022f2e0        0x0 build/native/contiki-ng-native.a(rpl-ext-header.)
 .bss           0x000000000022f2e0        0x0 build/native/contiki-ng-native.a(rpl-mrhof.o)
 .bss           0x000000000022f2e0        0x8 build/native/contiki-ng-native.a(buttons.o)
                0x000000000022f2e0                button_hal_buttons
 .bss           0x000000000022f2e8        0x4 build/native/contiki-ng-native.a(int-master.o)
 *fill*         0x000000000022f2ec       0x14 
 .bss           0x000000000022f300       0xa0 build/native/contiki-ng-native.a(gpio-hal-arch.o)
 .bss           0x000000000022f3a0        0x0 build/native/contiki-ng-native.a(ringbuf.o)
 .bss           0x000000000022f3a0        0x0 /usr/lib/x86_64-linux-gnu/libc_nonshared.a(elf-init.oS)
 .bss           0x000000000022f3a0        0x0 /usr/lib/x86_64-linux-gnu/libc_nonshared.a(atexit.oS)
 .bss           0x000000000022f3a0        0x0 /usr/lib/gcc/x86_64-linux-gnu/7/crtendS.o
 .bss           0x000000000022f3a0        0x0 /usr/lib/gcc/x86_64-linux-gnu/7/../../../x86_64-linux-gnu/crtn.o
 *(COMMON)
 COMMON         0x000000000022f3a0       0xf0 build/native/contiki-ng-native.a(contiki-main.o)
                0x000000000022f3a0                eb_per_time_source
                0x000000000022f3e0                unicast_per_neighbor_rpl_storing
                0x000000000022f420                unicast_per_neighbor_rpl_ns
                0x000000000022f460                default_common
 COMMON         0x000000000022f490       0x30 build/native/contiki-ng-native.a(packetbuf.o)
                0x000000000022f490                packetbuf_attrs
                0x000000000022f4b0                packetbuf_addrs
 COMMON         0x000000000022f4c0        0x8 build/native/contiki-ng-native.a(linkaddr.o)
                0x000000000022f4c0                linkaddr_node_addr
 *fill*         0x000000000022f4c8       0x18 
 COMMON         0x000000000022f4e0      0x1c1 build/native/contiki-ng-native.a(uip-ds6.o)
                0x000000000022f4e0                uip_ds6_prefix_list