Archive member included to satisfy reference by file (symbol)

build/cooja/mtype705.a(simEnvChange.o)
                              build/cooja/mtype705.o (simDontFallAsleep)
build/cooja/mtype705.a(cooja_mt.o)
                              build/cooja/mtype705.o (cooja_mt_start)
build/cooja/mtype705.a(cooja_mtarch.o)
                              build/cooja/mtype705.a(cooja_mt.o) (cooja_mtarch_start)
build/cooja/mtype705.a(rtimer-arch.o)
                              build/cooja/mtype705.o (rtimer_arch_check)
build/cooja/mtype705.a(beep.o)
                              build/cooja/mtype705.o (beep_interface)
build/cooja/mtype705.a(leds-arch.o)
                              build/cooja/mtype705.o (leds_interface)
build/cooja/mtype705.a(moteid.o)
                              build/cooja/mtype705.o (moteid_interface)
build/cooja/mtype705.a(pir-sensor.o)
                              build/cooja/mtype705.o (pir_interface)
build/cooja/mtype705.a(rs232.o)
                              build/cooja/mtype705.o (rs232_interface)
build/cooja/mtype705.a(vib-sensor.o)
                              build/cooja/mtype705.o (vib_interface)
build/cooja/mtype705.a(clock.o)
                              build/cooja/mtype705.o (clock_interface)
build/cooja/mtype705.a(cooja-log.o)
                              build/cooja/mtype705.o (simlog_interface)
build/cooja/mtype705.a(cfs-cooja.o)
                              build/cooja/mtype705.o (cfs_interface)
build/cooja/mtype705.a(cooja-radio.o)
                              build/cooja/mtype705.o (radio_interface)
build/cooja/mtype705.a(eeprom.o)
                              build/cooja/mtype705.o (eeprom_interface)
build/cooja/mtype705.a(random.o)
                              build/cooja/mtype705.a(moteid.o) (random_init)
build/cooja/mtype705.a(sensors.o)
                              build/cooja/mtype705.a(pir-sensor.o) (sensors_changed)
build/cooja/mtype705.a(leds.o)
                              build/cooja/mtype705.a(leds-arch.o) (leds_get)
build/cooja/mtype705.a(gpio-hal-arch.o)
                              build/cooja/mtype705.a(leds-arch.o) (gpio_hal_arch_register_pin_callback)
build/cooja/mtype705.a(buttons.o)
                              build/cooja/mtype705.o (button_interface)
build/cooja/mtype705.a(bin.o)
                              device.o (bin)
build/cooja/mtype705.a(res_unregister.)
                              device.o (UNREGISTER)
build/cooja/mtype705.a(coap-blocking-a)
                              device.o (coap_blocking_request)
build/cooja/mtype705.a(coap-engine.o)
                              device.o (coap_activate_resource)
build/cooja/mtype705.a(coap-res-well-k)
                              build/cooja/mtype705.a(coap-engine.o) (res_well_known_core)
build/cooja/mtype705.a(coap-observe.o)
                              build/cooja/mtype705.a(coap-engine.o) (coap_remove_observer_by_mid)
build/cooja/mtype705.a(coap-uip.o)
                              build/cooja/mtype705.a(coap-observe.o) (coap_endpoint_copy)
build/cooja/mtype705.a(coap-timer.o)
                              build/cooja/mtype705.a(coap-engine.o) (coap_timer_set)
build/cooja/mtype705.a(coap-transactio)
                              build/cooja/mtype705.a(coap-blocking-a) (coap_send_transaction)
build/cooja/mtype705.a(coap.o)
                              build/cooja/mtype705.a(coap-engine.o) (coap_status_code)
build/cooja/mtype705.a(contiki-main.o)
                              build/cooja/mtype705.o (main)
build/cooja/mtype705.a(autostart.o)
                              build/cooja/mtype705.a(contiki-main.o) (autostart_start)
build/cooja/mtype705.a(ctimer.o)
                              build/cooja/mtype705.a(contiki-main.o) (ctimer_init)
build/cooja/mtype705.a(log.o)
                              build/cooja/mtype705.a(contiki-main.o) (curr_log_level_main)
build/cooja/mtype705.a(energest.o)
                              build/cooja/mtype705.a(contiki-main.o) (energest_init)
build/cooja/mtype705.a(etimer.o)
                              build/cooja/mtype705.a(contiki-main.o) (etimer_process)
build/cooja/mtype705.a(node-id.o)
                              build/cooja/mtype705.a(contiki-main.o) (node_id)
build/cooja/mtype705.a(rtimer.o)
                              build/cooja/mtype705.a(contiki-main.o) (rtimer_init)
build/cooja/mtype705.a(process.o)
                              build/cooja/mtype705.a(coap-blocking-a) (process_current)
build/cooja/mtype705.a(timer.o)
                              build/cooja/mtype705.a(etimer.o) (timer_set)
build/cooja/mtype705.a(list.o)
                              build/cooja/mtype705.a(coap-engine.o) (list_init)
build/cooja/mtype705.a(memb.o)
                              build/cooja/mtype705.a(coap-observe.o) (memb_alloc)
build/cooja/mtype705.a(button-hal.o)
                              build/cooja/mtype705.o (button_hal_init)
build/cooja/mtype705.a(serial-line.o)
                              device.o (serial_line_event_message)
[...]
Memory Configuration

Name             Origin             Length             Attributes
*default*        0x0000000000000000 0xffffffffffffffff

Linker script and memory map

LOAD /usr/lib/gcc/i686-linux-gnu/5/../../../i386-linux-gnu/crti.o
LOAD /usr/lib/gcc/i686-linux-gnu/5/crtbeginS.o
LOAD device.o
LOAD build/cooja/mtype705.o
LOAD build/cooja/mtype705.a
LOAD /usr/lib/gcc/i686-linux-gnu/5/libgcc.a
LOAD /usr/lib/gcc/i686-linux-gnu/5/libgcc_s.so
LOAD /usr/lib/gcc/i686-linux-gnu/5/../../../i386-linux-gnu/libc.so
START GROUP
LOAD /lib/i386-linux-gnu/libc.so.6
LOAD /usr/lib/i386-linux-gnu/libc_nonshared.a
LOAD /lib/i386-linux-gnu/ld-linux.so.2
END GROUP
LOAD /usr/lib/gcc/i686-linux-gnu/5/libgcc.a
LOAD /usr/lib/gcc/i686-linux-gnu/5/libgcc_s.so
LOAD /usr/lib/gcc/i686-linux-gnu/5/crtendS.o
LOAD /usr/lib/gcc/i686-linux-gnu/5/../../../i386-linux-gnu/crtn.o
                0x0000000000000114                . = (0x0 + SIZEOF_HEADERS)

.note.gnu.build-id
                0x0000000000000114       0x24
 *(.note.gnu.build-id)
 .note.gnu.build-id
                0x0000000000000114       0x24 /usr/lib/gcc/i686-linux-gnu/5/../../../i386-linux-gnu/crti.o

.hash
 *(.hash)

.gnu.hash       0x0000000000000138     0x15b0
 *(.gnu.hash)
 .gnu.hash      0x0000000000000138     0x15b0 /usr/lib/gcc/i686-linux-gnu/5/../../../i386-linux-gnu/crti.o

.dynsym         0x00000000000016e8     0x2f80
 *(.dynsym)
 .dynsym        0x00000000000016e8     0x2f80 /usr/lib/gcc/i686-linux-gnu/5/../../../i386-linux-gnu/crti.o

.dynstr         0x0000000000004668     0x370f
 *(.dynstr)
 .dynstr        0x0000000000004668     0x370f /usr/lib/gcc/i686-linux-gnu/5/../../../i386-linux-gnu/crti.o

.gnu.version    0x0000000000007d78      0x5f0
 *(.gnu.version)
 .gnu.version   0x0000000000007d78      0x5f0 /usr/lib/gcc/i686-linux-gnu/5/../../../i386-linux-gnu/crti.o

.gnu.version_d  0x0000000000008368        0x0
 *(.gnu.version_d)
 .gnu.version_d
                0x0000000000008368        0x0 /usr/lib/gcc/i686-linux-gnu/5/../../../i386-linux-gnu/crti.o

.gnu.version_r  0x0000000000008368       0x40
 *(.gnu.version_r)
 .gnu.version_r
                0x0000000000008368       0x40 /usr/lib/gcc/i686-linux-gnu/5/../../../i386-linux-gnu/crti.o

.rel.dyn        0x00000000000083a8     0x9778
 *(.rel.init)
 .rel.init      0x00000000000083a8        0x0 /usr/lib/gcc/i686-linux-gnu/5/../../../i386-linux-gnu/crti.o
 *(.rel.text .rel.text.* .rel.gnu.linkonce.t.*)
 .rel.text      0x00000000000083a8     0x8d58 /usr/lib/gcc/i686-linux-gnu/5/../../../i386-linux-gnu/crti.o
 *(.rel.fini)
 .rel.fini      0x0000000000011100        0x0 /usr/lib/gcc/i686-linux-gnu/5/../../../i386-linux-gnu/crti.o
 *(.rel.rodata .rel.rodata.* .rel.gnu.linkonce.r.*)
 .rel.rodata    0x0000000000011100      0x588 /usr/lib/gcc/i686-linux-gnu/5/../../../i386-linux-gnu/crti.o
 *(.rel.data.rel.ro .rel.data.rel.ro.* .rel.gnu.linkonce.d.rel.ro.*)
 *(.rel.data .rel.data.* .rel.gnu.linkonce.d.*)
 .rel.data.rel.local
                0x0000000000011688        0x8 /usr/lib/gcc/i686-linux-gnu/5/../../../i386-linux-gnu/crti.o
 .rel.data      0x0000000000011690      0x458 /usr/lib/gcc/i686-linux-gnu/5/../../../i386-linux-gnu/crti.o
 *(.rel.tdata .rel.tdata.* .rel.gnu.linkonce.td.*)
 *(.rel.tbss .rel.tbss.* .rel.gnu.linkonce.tb.*)
 *(.rel.ctors)
 *(.rel.dtors)
 *(.rel.got)
 .rel.got       0x0000000000011ae8       0x28 /usr/lib/gcc/i686-linux-gnu/5/../../../i386-linux-gnu/crti.o
 *(.rel.bss .rel.bss.* .rel.gnu.linkonce.b.*)
 *(.rel.ifunc)
 .rel.ifunc     0x0000000000011b10        0x0 /usr/lib/gcc/i686-linux-gnu/5/../../../i386-linux-gnu/crti.o
 .rel.fini_array
                0x0000000000011b10        0x8 /usr/lib/gcc/i686-linux-gnu/5/../../../i386-linux-gnu/crti.o
 .rel.init_array
                0x0000000000011b18        0x8 /usr/lib/gcc/i686-linux-gnu/5/../../../i386-linux-gnu/crti.o

.rel.plt        0x0000000000011b20        0x0
 *(.rel.plt)
 .rel.plt       0x0000000000011b20        0x0 /usr/lib/gcc/i686-linux-gnu/5/../../../i386-linux-gnu/crti.o
 *(.rel.iplt)

.init           0x0000000000011b20       0x23
 *(SORT(.init))
 .init          0x0000000000011b20       0x1e /usr/lib/gcc/i686-linux-gnu/5/../../../i386-linux-gnu/crti.o
                0x0000000000011b20                _init
 .init          0x0000000000011b3e        0x5 /usr/lib/gcc/i686-linux-gnu/5/../../../i386-linux-gnu/crtn.o

.plt            0x0000000000011b50       0x10
 *(.plt)
 .plt           0x0000000000011b50       0x10 /usr/lib/gcc/i686-linux-gnu/5/../../../i386-linux-gnu/crti.o
 *(.iplt)

.plt.got        0x0000000000011b60       0x10
 *(.plt.got)
 .plt.got       0x0000000000011b60       0x10 /usr/lib/gcc/i686-linux-gnu/5/../../../i386-linux-gnu/crti.o

.text           0x0000000000011b70    0x19272
 *(.text.unlikely .text.*_unlikely .text.unlikely.*)
 .text.unlikely
                0x0000000000011b70        0x0 /usr/lib/gcc/i686-linux-gnu/5/crtbeginS.o
 .text.unlikely
                0x0000000000011b70        0x0 /usr/lib/gcc/i686-linux-gnu/5/libgcc.a(_udivdi3.o)
 *(.text.exit .text.exit.*)
 *(.text.startup .text.startup.*)
 *(.text.hot .text.hot.*)
 *(.text .stub .text.* .gnu.linkonce.t.*)
 .text          0x0000000000011b70        0x0 /usr/lib/gcc/i686-linux-gnu/5/../../../i386-linux-gnu/crti.o
 .gnu.linkonce.t.__x86.get_pc_thunk.bx
                0x0000000000011b70        0x4 /usr/lib/gcc/i686-linux-gnu/5/../../../i386-linux-gnu/crti.o
                0x0000000000011b70                __x86.get_pc_thunk.bx
 *fill*         0x0000000000011b74        0xc 
 .text          0x0000000000011b80      0x11c /usr/lib/gcc/i686-linux-gnu/5/crtbeginS.o
 .text.__x86.get_pc_thunk.dx
                0x0000000000011c9c        0x4 /usr/lib/gcc/i686-linux-gnu/5/crtbeginS.o
                0x0000000000011c9c                __x86.get_pc_thunk.dx
 .text          0x0000000000011ca0      0x358 device.o
                0x0000000000011ca0                client_chunk_handler
 .text          0x0000000000011ff8      0x283 build/cooja/mtype705.o
                0x000000000001208a                platform_init_stage_one
                0x000000000001209d                platform_init_stage_two
                0x00000000000120b0                platform_init_stage_three
                0x00000000000120c3                platform_main_loop
                0x0000000000012136                Java_org_contikios_cooja_corecomm_Lib4_init
                0x000000000001216d                Java_org_contikios_cooja_corecomm_Lib4_getMemory
                0x00000000000121a0                Java_org_contikios_cooja_corecomm_Lib4_setMemory
                0x0000000000012200                Java_org_contikios_cooja_corecomm_Lib4_tick
                0x0000000000012268                Java_org_contikios_cooja_corecomm_Lib4_setReferenceAddress
 .text          0x000000000001227b       0x65 build/cooja/mtype705.a(simEnvChange.o)
                0x000000000001227b                doActionsBeforeTick
                0x00000000000122ad                doActionsAfterTick
 .text          0x00000000000122e0       0x83 build/cooja/mtype705.a(cooja_mt.o)
                0x00000000000122e0                cooja_mt_start
                0x000000000001230a                cooja_mt_exec
                0x0000000000012340                cooja_mt_yield
 .text          0x0000000000012363       0xbe build/cooja/mtype705.a(cooja_mtarch.o)
                0x0000000000012363                cooja_mtarch_start
                0x00000000000123d6                cooja_sw
                0x00000000000123f9                cooja_mtarch_exec
                0x0000000000012416                cooja_mtarch_yield
 .text          0x0000000000012421       0xc5 build/cooja/mtype705.a(rtimer-arch.o)
                0x0000000000012421                rtimer_arch_init
                0x0000000000012445                rtimer_arch_schedule
                0x0000000000012475                rtimer_arch_next
                0x0000000000012485                rtimer_arch_pending
                0x000000000001248f                rtimer_arch_check
                0x00000000000124d6                rtimer_arch_now
 .text          0x00000000000124e6       0x81 build/cooja/mtype705.a(beep.o)
                0x00000000000124e6                beep_alarm
                0x00000000000124f3                beep_beep
                0x0000000000012500                beep
                0x000000000001250d                beep_down
                0x000000000001251a                beep_on
                0x0000000000012527                beep_off
                0x0000000000012534                beep_spinup
                0x0000000000012541                beep_quick
                0x000000000001254e                beep_long
 .text          0x0000000000012567       0x65 build/cooja/mtype705.a(leds-arch.o)
                0x000000000001257a                leds_arch_init
 .text          0x00000000000125cc       0x35 build/cooja/mtype705.a(moteid.o)
 .text          0x0000000000012601       0xb7 build/cooja/mtype705.a(pir-sensor.o)
 .text          0x00000000000126b8      0x148 build/cooja/mtype705.a(rs232.o)
                0x00000000000126b8                rs232_init
                0x00000000000126be                rs232_set_speed
                0x00000000000126cd                rs232_set_input
                0x00000000000126db                rs232_send
                0x00000000000126ff                rs232_print
                0x000000000001271b                slip_arch_writeb
 .text          0x0000000000012800       0xb7 build/cooja/mtype705.a(vib-sensor.o)
 .text          0x00000000000128b7       0x38 build/cooja/mtype705.a(clock.o)
                0x00000000000128b7                clock_init
                0x00000000000128bd                clock_time
                0x00000000000128c7                clock_seconds
                0x00000000000128dd                clock_delay
 .text          0x00000000000128ef      0x219 build/cooja/mtype705.a(cooja-log.o)
                0x00000000000128ef                simlog_char
                0x0000000000012932                simlog
                0x00000000000129a8                log_message
                0x00000000000129d9                log_set_putchar_with_slip
                0x00000000000129e7                log_putchar
                0x0000000000012a62                log_puts
                0x0000000000012a8a                log_printf
 .text          0x0000000000012b08      0x2b9 build/cooja/mtype705.a(cfs-cooja.o)
                0x0000000000012b08                cfs_open
                0x0000000000012b71                cfs_close
                0x0000000000012b7e                cfs_read
                0x0000000000012c13                cfs_write
                0x0000000000012cef                cfs_seek
                0x0000000000012d77                cfs_remove
                0x0000000000012d9b                cfs_opendir
                0x0000000000012da5                cfs_readdir
                0x0000000000012daf                cfs_closedir
 .text          0x0000000000012dc1      0x620 build/cooja/mtype705.a(cooja-radio.o)
                0x0000000000012e03                radio_set_channel
                0x0000000000012e11                radio_set_txpower
                0x0000000000012e29                radio_signal_strength_last
                0x0000000000012e33                radio_signal_strength_current
                0x0000000000012e3d                radio_LQI
 .text          0x00000000000133e1       0xee build/cooja/mtype705.a(eeprom.o)
                0x00000000000133e1                eeprom_init
                0x00000000000133e7                eeprom_read
                0x0000000000013455                eeprom_write
 .text          0x00000000000134cf       0x2d build/cooja/mtype705.a(random.o)
                0x00000000000134cf                random_init
                0x00000000000134ef                random_rand
 .text          0x00000000000134fc      0x29c build/cooja/mtype705.a(sensors.o)
                0x0000000000013537                sensors_first
                0x0000000000013541                sensors_next
                0x000000000001355b                sensors_changed
                0x000000000001358f                sensors_find
 .text          0x0000000000013798      0x349 build/cooja/mtype705.a(leds.o)
                0x0000000000013798                leds_init
                0x00000000000137df                leds_single_on
                0x000000000001383e                leds_single_off
                0x000000000001389d                leds_single_toggle
                0x00000000000138cf                leds_on
                0x0000000000013951                leds_off
                0x00000000000139d3                leds_toggle
                0x0000000000013a28                leds_set
                0x0000000000013a54                leds_get
 .text          0x0000000000013ae1      0x343 build/cooja/mtype705.a(gpio-hal-arch.o)
                0x0000000000013ae1                gpio_hal_arch_register_pin_callback
                0x0000000000013b4d                gpio_hal_arch_init
                0x0000000000013b92                gpio_hal_arch_no_port_interrupt_enable
                0x0000000000013bc2                gpio_hal_arch_no_port_interrupt_disable
                0x0000000000013bf2                gpio_hal_arch_no_port_pin_cfg_set
                0x0000000000013c17                gpio_hal_arch_no_port_pin_cfg_get
                0x0000000000013c3d                gpio_hal_arch_no_port_pin_set_input
                0x0000000000013c4f                gpio_hal_arch_no_port_pin_set_output
                0x0000000000013c61                gpio_hal_arch_no_port_set_pin
                0x0000000000013c82                gpio_hal_arch_no_port_clear_pin
                0x0000000000013ca3                gpio_hal_arch_no_port_read_pin
                0x0000000000013cc9                gpio_hal_arch_no_port_write_pin
                0x0000000000013cf3                gpio_hal_arch_no_port_set_pins
                0x0000000000013d3a                gpio_hal_arch_no_port_clear_pins
                0x0000000000013d81                gpio_hal_arch_no_port_read_pins
                0x0000000000013dc4                gpio_hal_arch_no_port_write_pins
 .text          0x0000000000013e24       0x89 build/cooja/mtype705.a(buttons.o)
 .text          0x0000000000013ead      0x517 build/cooja/mtype705.a(bin.o)
 .text          0x00000000000143c4      0x26b build/cooja/mtype705.a(res_unregister.)
 .text          0x000000000001462f      0x27b build/cooja/mtype705.a(coap-blocking-a)
                0x000000000001462f                coap_blocking_request_callback
                0x0000000000014659                coap_blocking_request
 .text          0x00000000000148aa      0xbea build/cooja/mtype705.a(coap-engine.o)
                0x000000000001493f                coap_add_handler
                0x000000000001495c                coap_remove_handler
                0x0000000000014979                coap_call_handlers
                0x0000000000014a81                coap_receive
                0x000000000001507c                coap_engine_init
                0x00000000000150da                coap_activate_resource
                0x0000000000015185                coap_get_first_resource
                0x000000000001519e                coap_get_next_resource
 .text          0x0000000000015494      0x2d9 build/cooja/mtype705.a(coap-res-well-k)
 .text          0x000000000001576d      0x96a build/cooja/mtype705.a(coap-observe.o)
                0x0000000000015882                coap_remove_observer
                0x00000000000158b2                coap_remove_observer_by_client
                0x000000000001591a                coap_remove_observer_by_token
                0x00000000000159ad                coap_remove_observer_by_uri
                0x0000000000015a54                coap_remove_observer_by_mid
                0x0000000000015ad0                coap_notify_observers
                0x0000000000015ae9                coap_notify_observers_sub
                0x0000000000015f53                coap_observe_handler
                0x000000000001606e                coap_has_observers
 .text          0x00000000000160d7      0x733 build/cooja/mtype705.a(coap-uip.o)
                0x00000000000160d7                coap_endpoint_log
                0x000000000001615d                coap_endpoint_print
                0x00000000000161e3                coap_endpoint_snprint
                0x0000000000016316                coap_endpoint_copy
                0x0000000000016353                coap_endpoint_cmp
                0x0000000000016461                coap_endpoint_parse
                0x000000000001664c                coap_endpoint_is_secure
                0x000000000001665b                coap_endpoint_is_connected
                0x000000000001668f                coap_endpoint_connect
                0x00000000000166ab                coap_endpoint_disconnect
                0x00000000000166b1                coap_databuf
                0x00000000000166bb                coap_transport_init
                0x000000000001670b                coap_sendto
 .text          0x000000000001680a      0x324 build/cooja/mtype705.a(coap-timer.o)
                0x0000000000016907                coap_timer_stop
                0x0000000000016932                coap_timer_set
                0x0000000000016975                coap_timer_reset
                0x00000000000169b8                coap_timer_time_to_next_expiration
                0x0000000000016a24                coap_timer_run
                0x0000000000016af0                coap_timer_init
 .text          0x0000000000016b2e      0x2c6 build/cooja/mtype705.a(coap-transactio)
                0x0000000000016b94                coap_new_transaction
                0x0000000000016bfa                coap_send_transaction
                0x0000000000016d5b                coap_clear_transaction
                0x0000000000016da3                coap_get_transaction_by_mid
 .text          0x0000000000016df4     0x1c53 build/cooja/mtype705.a(coap.o)
                0x0000000000017361                coap_init_connection
                0x0000000000017375                coap_get_mid
                0x0000000000017391                coap_init_message
                0x00000000000173da                coap_serialize_message
                0x0000000000017a5c                coap_parse_message
                0x00000000000180c3                coap_get_query_variable
                0x0000000000018105                coap_get_post_variable
                0x0000000000018149                coap_set_status_code
                0x000000000001816e                coap_set_token
                0x00000000000181b5                coap_get_header_content_format
                0x00000000000181e6                coap_set_header_content_format
                0x0000000000018209                coap_get_header_accept
                0x000000000001823a                coap_set_header_accept
                0x000000000001825d                coap_get_header_max_age
                0x000000000001828e                coap_set_header_max_age
                0x00000000000182ae                coap_get_header_etag
                0x00000000000182e0                coap_set_header_etag
                0x0000000000018337                coap_get_header_if_match
                0x0000000000018369                coap_set_header_if_match
                0x00000000000183c0                coap_get_header_if_none_match
                0x00000000000183da                coap_set_header_if_none_match
                0x00000000000183f1                coap_get_header_proxy_uri
                0x000000000001841f                coap_set_header_proxy_uri
                0x000000000001845c                coap_get_header_uri_host
                0x000000000001848a                coap_set_header_uri_host
                0x00000000000184c7                coap_get_header_uri_path
                0x00000000000184f5                coap_set_header_uri_path
                0x0000000000018542                coap_get_header_uri_query
                0x0000000000018576                coap_set_header_uri_query
                0x00000000000185cc                coap_get_header_location_path
                0x00000000000185fa                coap_set_header_location_path
                0x0000000000018693                coap_get_header_location_query
                0x00000000000186c1                coap_set_header_location_query
                0x000000000001870e                coap_get_header_observe
                0x000000000001873d                coap_set_header_observe
                0x000000000001875d                coap_get_header_block2
                0x00000000000187c9                coap_set_header_block2
                0x0000000000018840                coap_get_header_block1
                0x00000000000188b5                coap_set_header_block1
                0x0000000000018930                coap_get_header_size2
                0x0000000000018960                coap_set_header_size2
                0x0000000000018983                coap_get_header_size1
                0x00000000000189b3                coap_set_header_size1
                0x00000000000189d6                coap_get_payload
                0x0000000000018a10                coap_set_payload
 .text          0x0000000000018a47      0x332 build/cooja/mtype705.a(contiki-main.o)
                0x0000000000018a47                main
 .text          0x0000000000018d79       0x92 build/cooja/mtype705.a(autostart.o)
                0x0000000000018d79                autostart_start
                0x0000000000018dc3                autostart_exit
 .text          0x0000000000018e0b      0x355 build/cooja/mtype705.a(ctimer.o)
                0x0000000000018f33                ctimer_init
                0x0000000000018f66                ctimer_set
                0x0000000000018f8c                ctimer_set_with_process
                0x0000000000019009                ctimer_reset
                0x000000000001905d                ctimer_restart
                0x00000000000190b1                ctimer_stop
                0x0000000000019101                ctimer_expired
 .text          0x0000000000019160      0x394 build/cooja/mtype705.a(log.o)
                0x0000000000019160                log_6addr
                0x00000000000191b3                log_6addr_compact_snprint
                0x0000000000019251                log_6addr_compact
                0x00000000000192a4                log_lladdr
                0x0000000000019316                log_lladdr_compact
                0x000000000001937e                log_set_level
                0x0000000000019439                log_get_level
                0x00000000000194b2                log_level_to_str
 .text          0x00000000000194f4       0x1b build/cooja/mtype705.a(energest.o)
                0x00000000000194f4                energest_init
                0x00000000000194fa                energest_flush
                0x0000000000019500                energest_get_total_time
 .text          0x000000000001950f      0x43f build/cooja/mtype705.a(etimer.o)
                0x0000000000019733                etimer_request_poll
                0x00000000000197bc                etimer_set
                0x00000000000197e5                etimer_reset_with_new_interval
                0x0000000000019814                etimer_reset
                0x000000000001983a                etimer_restart
                0x0000000000019860                etimer_adjust
                0x000000000001987d                etimer_expired
                0x0000000000019890                etimer_expiration_time
                0x00000000000198a2                etimer_start_time
                0x00000000000198ac                etimer_pending
                0x00000000000198be                etimer_next_expiration_time
                0x00000000000198d8                etimer_stop
 .text          0x000000000001994e       0x25 build/cooja/mtype705.a(node-id.o)
                0x000000000001994e                node_id_init
 .text          0x0000000000019973       0xeb build/cooja/mtype705.a(rtimer.o)
                0x0000000000019973                rtimer_init
                0x0000000000019981                rtimer_set
                0x00000000000199fc                rtimer_run_next
 .text          0x0000000000019a5e      0x4fb build/cooja/mtype705.a(process.o)
                0x0000000000019a5e                process_alloc_event
                0x0000000000019a73                process_start
                0x0000000000019c4d                process_exit
                0x0000000000019c6a                process_init
                0x0000000000019dff                process_run
                0x0000000000019e32                process_nevents
                0x0000000000019e4d                process_post
                0x0000000000019ee0                process_post_synch
                0x0000000000019f15                process_poll
                0x0000000000019f45                process_is_running
 .text          0x0000000000019f59       0xb1 build/cooja/mtype705.a(timer.o)
                0x0000000000019f59                timer_set
                0x0000000000019f77                timer_reset
                0x0000000000019fa4                timer_restart
                0x0000000000019fb9                timer_expired
                0x0000000000019fe6                timer_remaining
 .text          0x000000000001a00a      0x28f build/cooja/mtype705.a(list.o)
                0x000000000001a00a                list_init
                0x000000000001a019                list_head
                0x000000000001a023                list_copy
                0x000000000001a033                list_tail
                0x000000000001a069                list_add
                0x000000000001a0b5                list_push
                0x000000000001a0e1                list_chop
                0x000000000001a14b                list_pop
                0x000000000001a173                list_remove
                0x000000000001a1db                list_length
                0x000000000001a209                list_insert
                0x000000000001a24e                list_item_next
                0x000000000001a265                list_contains
 .text          0x000000000001a299      0x1b5 build/cooja/mtype705.a(memb.o)
                0x000000000001a299                memb_init
                0x000000000001a2ee                memb_alloc
                0x000000000001a351                memb_free
                0x000000000001a3c8                memb_inmemb
                0x000000000001a407                memb_numfree
 .text          0x000000000001a44e      0x41c build/cooja/mtype705.a(button-hal.o)
                0x000000000001a5c7                button_hal_get_by_id
                0x000000000001a605                button_hal_get_by_index
                0x000000000001a631                button_hal_get_state
                0x000000000001a683                button_hal_init
 .text          0x000000000001a86a      0x1f3 build/cooja/mtype705.a(serial-line.o)
                0x000000000001a86a                serial_line_input_byte
                0x000000000001aa28                serial_line_init
 .text          0x000000000001aa5d      0x168 build/cooja/mtype705.a(gpio-hal.o)
                0x000000000001aa5d                gpio_hal_register_handler
                0x000000000001aa7a                gpio_hal_event_handler
                0x000000000001aad6                gpio_hal_init
                0x000000000001aaf5                gpio_hal_arch_port_toggle_pin
                0x000000000001ab31                gpio_hal_arch_port_toggle_pins
                0x000000000001ab5f                gpio_hal_arch_no_port_toggle_pin
                0x000000000001ab9d                gpio_hal_arch_no_port_toggle_pins
 .text          0x000000000001abc5      0x2e7 build/cooja/mtype705.a(queuebuf.o)
                0x000000000001abcf                queuebuf_init
                0x000000000001abf8                queuebuf_numfree
                0x000000000001ac10                queuebuf_new_from_packetbuf
                0x000000000001acaf                queuebuf_update_attr_from_packetbuf
                0x000000000001ace4                queuebuf_update_from_packetbuf
                0x000000000001ad34                queuebuf_free
                0x000000000001ad7d                queuebuf_to_packetbuf
                0x000000000001ade9                queuebuf_dataptr
                0x000000000001ae23                queuebuf_datalen
                0x000000000001ae46                queuebuf_addr
                0x000000000001ae7b                queuebuf_attr
                0x000000000001aea6                queuebuf_debug_print
 .text          0x000000000001aeac      0x407 build/cooja/mtype705.a(packetbuf.o)
                0x000000000001aeac                packetbuf_clear
                0x000000000001aed7                packetbuf_copyfrom
                0x000000000001af26                packetbuf_copyto
                0x000000000001afb9                packetbuf_hdralloc
                0x000000000001b035                packetbuf_hdrreduce
                0x000000000001b07b                packetbuf_set_datalen
                0x000000000001b095                packetbuf_dataptr
                0x000000000001b0b2                packetbuf_hdrptr
                0x000000000001b0bc                packetbuf_datalen
                0x000000000001b0c8                packetbuf_hdrlen
                0x000000000001b0df                packetbuf_totlen
                0x000000000001b0f5                packetbuf_remaininglen
                0x000000000001b108                packetbuf_attr_clear
                0x000000000001b154                packetbuf_attr_copyto
                0x000000000001b1ac                packetbuf_attr_copyfrom
                0x000000000001b204                packetbuf_set_attr
                0x000000000001b22e                packetbuf_attr
                0x000000000001b248                packetbuf_set_addr
                0x000000000001b279                packetbuf_addr
                0x000000000001b296                packetbuf_holds_broadcast
 .text          0x000000000001b2b3       0xef build/cooja/mtype705.a(netstack.o)
                0x000000000001b2b3                netstack_process_ip_callback
                0x000000000001b344                netstack_ip_packet_processor_add
                0x000000000001b367                uip_ds6_ip_packet_processor_rm
                0x000000000001b384                netstack_init
 .text          0x000000000001b3a2       0x4f build/cooja/mtype705.a(linkaddr.o)
                0x000000000001b3a2                linkaddr_copy
                0x000000000001b3b8                linkaddr_cmp
                0x000000000001b3db                linkaddr_set_node_addr
 .text          0x000000000001b3f1      0x1f6 build/cooja/mtype705.a(csma.o)
 .text          0x000000000001b5e7      0x95d build/cooja/mtype705.a(csma-output.o)
                0x000000000001bc7e                csma_output_packet
                0x000000000001bf0b                csma_output_init
 .text          0x000000000001bf44      0xc11 build/cooja/mtype705.a(uip-ds6.o)
                0x000000000001bf44                uip_ds6_default_prefix
                0x000000000001bf4e                uip_ds6_set_default_prefix
                0x000000000001bf79                uip_ds6_init
                0x000000000001c1db                uip_ds6_periodic
                0x000000000001c262                uip_ds6_list_loop
                0x000000000001c322                uip_ds6_prefix_add
                0x000000000001c3ce                uip_ds6_prefix_rm
                0x000000000001c3e1                uip_ds6_prefix_lookup
                0x000000000001c420                uip_ds6_is_addr_onlink
                0x000000000001c493                uip_ds6_addr_add
                0x000000000001c5b3                uip_ds6_addr_rm
                0x000000000001c65c                uip_ds6_addr_lookup
                0x000000000001c695                uip_ds6_get_link_local
                0x000000000001c716                uip_ds6_get_global
                0x000000000001c797                uip_ds6_maddr_add
                0x000000000001c7f7                uip_ds6_maddr_rm
                0x000000000001c80a                uip_ds6_maddr_lookup
                0x000000000001c843                uip_ds6_aaddr_add
                0x000000000001c8a3                uip_ds6_aaddr_rm
                0x000000000001c8b6                uip_ds6_aaddr_lookup
                0x000000000001c8ef                uip_ds6_select_src
                0x000000000001ca38                uip_ds6_set_addr_iid
                0x000000000001ca63                uip_ds6_set_lladdr_from_iid
                0x000000000001ca8c                get_match_length
                0x000000000001cb1d                uip_ds6_compute_reachable_time
 .text          0x000000000001cb55      0x128 build/cooja/mtype705.a(uip-udp-packet.)
                0x000000000001cb55                uip_udp_packet_send
                0x000000000001cbb0                uip_udp_packet_sendto
 .text          0x000000000001cc7d      0xa3c build/cooja/mtype705.a(uip-ds6-route.o)
                0x000000000001cd67                uip_ds6_notification_add
                0x000000000001cd99                uip_ds6_notification_rm
                0x000000000001cdb6                uip_ds6_route_init
                0x000000000001ce55                uip_ds6_route_nexthop
                0x000000000001ce84                uip_ds6_route_head
                0x000000000001ce9d                uip_ds6_route_next
                0x000000000001cec6                uip_ds6_route_is_nexthop
                0x000000000001cf08                uip_ds6_route_num_routes
                0x000000000001cf12                uip_ds6_route_lookup
                0x000000000001cfe9                uip_ds6_route_add
                0x000000000001d229                uip_ds6_route_rm
                0x000000000001d3c7                uip_ds6_route_rm_by_nexthop
                0x000000000001d406                uip_ds6_defrt_head
                0x000000000001d41f                uip_ds6_defrt_add
                0x000000000001d4e0                uip_ds6_defrt_rm
                0x000000000001d561                uip_ds6_defrt_lookup
                0x000000000001d5c8                uip_ds6_defrt_choose
                0x000000000001d63e                uip_ds6_defrt_periodic
 .text          0x000000000001d6b9      0x6f7 build/cooja/mtype705.a(tcpip.o)
                0x000000000001d6d3                tcpip_output
                0x000000000001d752                udp_attach
                0x000000000001d76a                udp_new
                0x000000000001d7b4                udp_broadcast_new
                0x000000000001d926                tcpip_input
                0x000000000001dab6                tcpip_ipv6_output
                0x000000000001dcaa                tcpip_poll_udp
                0x000000000001dcc8                tcpip_uipcall
 .text          0x000000000001ddb0     0x1205 build/cooja/mtype705.a(uip6.o)
                0x000000000001de5f                uip_chksum
                0x000000000001df36                uip_icmp6chksum
                0x000000000001df4b                uip_udpchksum
                0x000000000001df60                uip_init
                0x000000000001dfa9                uip_remove_ext_hdr
                0x000000000001e083                uip_udp_new
                0x000000000001e397                uip_process
                0x000000000001ee8f                uip_htons
                0x000000000001eeb1                uip_htonl
                0x000000000001eeef                uip_send
 .text          0x000000000001efb5      0x369 build/cooja/mtype705.a(uip-ds6-nbr.o)
                0x000000000001efb5                uip_ds6_neighbors_init
                0x000000000001efd9                uip_ds6_nbr_add
                0x000000000001f05f                uip_ds6_nbr_rm
                0x000000000001f0aa                uip_ds6_nbr_update_ll
                0x000000000001f198                uip_ds6_nbr_get_ipaddr
                0x000000000001f1ad                uip_ds6_nbr_get_ll
                0x000000000001f1c9                uip_ds6_nbr_num
                0x000000000001f212                uip_ds6_nbr_head
                0x000000000001f22b                uip_ds6_nbr_next
                0x000000000001f247                uip_ds6_nbr_lookup
                0x000000000001f29f                uip_ds6_nbr_ll_lookup
                0x000000000001f2bb                uip_ds6_nbr_ipaddr_from_lladdr
                0x000000000001f2e4                uip_ds6_nbr_lladdr_from_ipaddr
                0x000000000001f318                uip_ds6_link_callback
 .text          0x000000000001f31e      0x6a7 build/cooja/mtype705.a(uip-nd6.o)
                0x000000000001f9ac                uip_nd6_init
 .text          0x000000000001f9c5     0x2c17 build/cooja/mtype705.a(sicslowpan.o)
                0x000000000001ffcc                netstack_sniffer_add
                0x000000000001ffda                netstack_sniffer_remove
                0x00000000000225b0                sicslowpan_init
                0x00000000000225d2                sicslowpan_get_last_rssi
 .text          0x00000000000225dc      0x4d1 build/cooja/mtype705.a(uiplib.o)
                0x00000000000225dc                uiplib_ip6addrconv
                0x0000000000022794                uiplib_ip4addrconv
                0x0000000000022857                uiplib_ipaddr_print
                0x00000000000228aa                uiplib_ipaddr_snprint
 .text          0x0000000000022aad      0x4c9 build/cooja/mtype705.a(rpl.o)
                0x0000000000022aad                rpl_lollipop_greater_than
                0x0000000000022b07                rpl_get_global_address
                0x0000000000022bff                rpl_link_callback
                0x0000000000022c43                rpl_has_joined
                0x0000000000022c68                rpl_is_reachable
                0x0000000000022ce9                rpl_reset_prefix
                0x0000000000022d53                rpl_set_prefix_from_addr
                0x0000000000022e38                rpl_set_prefix
                0x0000000000022f52                rpl_set_leaf_only
                0x0000000000022f6a                rpl_get_leaf_only
 .text          0x0000000000022f76     0x138c build/cooja/mtype705.a(rpl-icmp6.o)
                0x000000000002309b                rpl_icmp6_update_nbr_table
                0x0000000000023124                rpl_icmp6_dis_output
                0x000000000002376a                rpl_icmp6_dio_output
                0x0000000000023f68                rpl_icmp6_dao_output
                0x0000000000024249                rpl_icmp6_dao_ack_output
                0x00000000000242b9                rpl_icmp6_init
 .text          0x0000000000024302      0x264 build/cooja/mtype705.a(rpl-dag-root.o)
                0x0000000000024302                rpl_dag_root_print_links
                0x000000000002442e                rpl_dag_root_set_prefix
                0x000000000002445a                rpl_dag_root_start
                0x0000000000024537                rpl_dag_root_is_root
 .text          0x0000000000024566       0x30 build/cooja/mtype705.a(watchdog.o)
                0x0000000000024566                watchdog_init
                0x000000000002456c                watchdog_start
                0x0000000000024572                watchdog_periodic
                0x000000000002458a                watchdog_stop
                0x0000000000024590                watchdog_reboot
 .text          0x0000000000024596       0x4a build/cooja/mtype705.a(int-master.o)
                0x0000000000024596                int_master_enable
                0x00000000000245a6                int_master_read_and_disable
                0x00000000000245c3                int_master_status_set
                0x00000000000245d1                int_master_is_enabled
 .text          0x00000000000245e0      0x226 build/cooja/mtype705.a(coap-timer-defa)
 .text          0x0000000000024806       0xc7 build/cooja/mtype705.a(stimer.o)
                0x0000000000024806                stimer_set
                0x0000000000024824                stimer_reset
                0x0000000000024851                stimer_restart
                0x0000000000024866                stimer_expired
                0x0000000000024891                stimer_remaining
                0x00000000000248b5                stimer_elapsed
 .text          0x00000000000248cd      0x156 build/cooja/mtype705.a(ringbuf.o)
                0x00000000000248cd                ringbuf_init
                0x00000000000248ff                ringbuf_put
                0x000000000002497d                ringbuf_get
                0x00000000000249ea                ringbuf_size
                0x00000000000249fc                ringbuf_elements
 .text          0x0000000000024a23       0x1f build/cooja/mtype705.a(assert.o)
                0x0000000000024a23                _xassert
 .text          0x0000000000024a42      0x79b build/cooja/mtype705.a(nbr-table.o)
                0x0000000000024ebb                nbr_table_register
                0x0000000000024f28                nbr_table_is_registered
                0x0000000000024f63                nbr_table_head
                0x0000000000024fbe                nbr_table_next
                0x000000000002501f                nbr_table_add_lladdr
                0x00000000000250f9                nbr_table_get_from_lladdr
                0x0000000000025145                nbr_table_remove
                0x000000000002517d                nbr_table_lock
                0x0000000000025197                nbr_table_unlock
                0x00000000000251b1                nbr_table_get_lladdr
 .text          0x00000000000251dd      0x3a5 build/cooja/mtype705.a(link-stats.o)
                0x00000000000251dd                link_stats_from_lladdr
                0x00000000000251f9                link_stats_get_lladdr
                0x0000000000025215                link_stats_is_fresh
                0x0000000000025251                guess_etx_from_rssi
                0x00000000000252cd                link_stats_packet_sent
                0x00000000000253ed                link_stats_input_callback
                0x00000000000254fd                link_stats_reset
                0x000000000002554d                link_stats_init
 .text          0x0000000000025582      0x187 build/cooja/mtype705.a(mac-sequence.o)
                0x0000000000025582                mac_sequence_is_duplicate
                0x0000000000025622                mac_sequence_register_seqno
 .text          0x0000000000025709       0x23 build/cooja/mtype705.a(mac.o)
                0x0000000000025709                mac_call_sent_callback
 .text          0x000000000002572c      0x432 build/cooja/mtype705.a(framer-802154.o)
                0x00000000000258bb                framer_802154_setup_params
 .text          0x0000000000025b5e      0xb6f build/cooja/mtype705.a(frame802154.o)
                0x0000000000025b8f                frame802154_get_pan_id
                0x0000000000025b9b                frame802154_set_pan_id
                0x0000000000025bb5                frame802154_has_panid
                0x0000000000025d64                frame802154_check_dest_panid
                0x0000000000025dec                frame802154_is_broadcast_addr
                0x0000000000025e39                frame802154_extract_linkaddr
                0x000000000002609e                frame802154_hdrlen
                0x0000000000026111                frame802154_create_fcf
                0x00000000000261c9                frame802154_create
                0x000000000002633e                frame802154_parse_fcf
                0x0000000000026420                frame802154_parse
 .text          0x00000000000266cd       0x2d build/cooja/mtype705.a(csma-security.o)
                0x00000000000266cd                csma_security_create_frame
                0x00000000000266eb                csma_security_parse_frame
 .text          0x00000000000266fa      0x4e4 build/cooja/mtype705.a(uipbuf.o)
                0x00000000000266fa                uipbuf_clear
                0x0000000000026721                uipbuf_add_ext_hdr
                0x00000000000267a1                uipbuf_set_len
                0x00000000000267ce                uipbuf_set_len_field
                0x00000000000267fa                uipbuf_get_len_field
                0x000000000002681a                uipbuf_get_next_header
                0x000000000002694c                uipbuf_get_last_header
                0x00000000000269c5                uipbuf_search_header
                0x0000000000026a7b                uipbuf_get_attr
                0x0000000000026aa2                uipbuf_set_attr
                0x0000000000026ad9                uipbuf_set_default_attr
                0x0000000000026b10                uipbuf_clear_attr
                0x0000000000026b34                uipbuf_set_attr_flag
                0x0000000000026b55                uipbuf_clr_attr_flag
                0x0000000000026b7c                uipbuf_is_attr_flag
                0x0000000000026ba0                uipbuf_init
 .text          0x0000000000026bde      0x73f build/cooja/mtype705.a(uip-icmp6.o)
                0x0000000000026c53                uip_icmp6_input
                0x0000000000026caa                uip_icmp6_register_input_handler
                0x0000000000026dfd                uip_icmp6_error_output
                0x00000000000270ae                uip_icmp6_send
                0x00000000000272a5                uip_icmp6_echo_reply_callback_add
                0x00000000000272d7                uip_icmp6_echo_reply_callback_rm
                0x00000000000272f4                uip_icmp6_init
 .text          0x000000000002731d      0x69b build/cooja/mtype705.a(uip-sr.o)
                0x000000000002731d                uip_sr_num_nodes
                0x00000000000273ab                uip_sr_get_node
                0x0000000000027402                uip_sr_is_addr_reachable
                0x00000000000274b0                uip_sr_expire_parent
                0x00000000000274f9                uip_sr_update_node
                0x0000000000027629                uip_sr_init
                0x000000000002765d                uip_sr_node_head
                0x0000000000027676                uip_sr_node_next
                0x000000000002768c                uip_sr_periodic
                0x0000000000027792                uip_sr_free_all
                0x0000000000027802                uip_sr_link_snprint
 .text          0x00000000000279b8      0x146 build/cooja/mtype705.a(uip-packetqueue)
                0x00000000000279e6                uip_packetqueue_new
                0x00000000000279f5                uip_packetqueue_alloc
                0x0000000000027a50                uip_packetqueue_free
                0x0000000000027a97                uip_packetqueue_buf
                0x0000000000027ab4                uip_packetqueue_buflen
                0x0000000000027ad5                uip_packetqueue_set_buflen
 .text          0x0000000000027afe      0x1b0 build/cooja/mtype705.a(rpl-nbr-policy.)
                0x0000000000027c6b                rpl_nbr_policy_find_removable
 .text          0x0000000000027cae      0x915 build/cooja/mtype705.a(rpl-neighbor.o)
                0x0000000000027d2a                rpl_neighbor_snprint
                0x0000000000027fdd                rpl_neighbor_print_list
                0x0000000000028092                rpl_neighbor_count
                0x0000000000028139                rpl_neighbor_get_from_lladdr
                0x0000000000028155                rpl_neighbor_is_acceptable_parent
                0x0000000000028189                rpl_neighbor_get_link_metric
                0x00000000000281bd                rpl_neighbor_rank_via_nbr
                0x00000000000281f1                rpl_neighbor_get_lladdr
                0x000000000002820d                rpl_neighbor_get_ipaddr
                0x0000000000028234                rpl_neighbor_get_link_stats
                0x000000000002825b                rpl_neighbor_is_fresh
                0x0000000000028282                rpl_neighbor_is_reachable
                0x00000000000282cd                rpl_neighbor_is_parent
                0x00000000000282f7                rpl_neighbor_set_preferred_parent
                0x000000000002838e                rpl_neighbor_remove_all
                0x00000000000283ea                rpl_neighbor_get_from_ipaddr
                0x00000000000284f8                rpl_neighbor_select_best
                0x00000000000285a4                rpl_neighbor_init
 .text          0x00000000000285c3      0xe69 build/cooja/mtype705.a(rpl-dag.o)
                0x00000000000285c3                rpl_dag_state_to_str
                0x0000000000028602                rpl_dag_get_root_ipaddr
                0x000000000002864a                rpl_dag_leave
                0x00000000000286d3                rpl_dag_poison_and_leave
                0x00000000000286eb                rpl_dag_periodic
                0x0000000000028773                rpl_is_addr_in_our_dag
                0x00000000000287b7                rpl_get_default_instance
                0x00000000000287d3                rpl_get_any_dag
                0x000000000002882c                rpl_refresh_routes
                0x000000000002886c                rpl_global_repair
                0x0000000000028905                rpl_local_repair
                0x000000000002894f                rpl_dag_ready_to_advertise
                0x0000000000028992                rpl_dag_update_state
                0x00000000000290bf                rpl_process_dio
                0x000000000002913d                rpl_process_dis
                0x0000000000029182                rpl_process_dao
                0x0000000000029211                rpl_process_dao_ack
                0x00000000000292a8                rpl_process_hbh
                0x00000000000292f8                rpl_dag_init_root
                0x000000000002940c                rpl_dag_init
 .text          0x000000000002942c      0x9e7 build/cooja/mtype705.a(rpl-timers.o)
                0x000000000002942c                rpl_timers_schedule_periodic_dis
                0x000000000002957a                rpl_timers_dio_reset
                0x0000000000029688                rpl_timers_schedule_unicast_dio
                0x00000000000297dc                rpl_timers_schedule_dao
                0x000000000002989b                rpl_timers_schedule_dao_ack
                0x0000000000029921                rpl_timers_notify_dao_ack
                0x000000000002997f                get_probing_delay
                0x00000000000299b3                get_probing_target
                0x0000000000029b9d                rpl_schedule_probing
                0x0000000000029bcb                rpl_schedule_probing_now
                0x0000000000029c35                rpl_timers_unschedule_leaving
                0x0000000000029c6d                rpl_timers_schedule_leaving
                0x0000000000029cae                rpl_timers_init
                0x0000000000029d3e                rpl_timers_stop_dag_timers
                0x0000000000029db7                rpl_timers_unschedule_state_update
                0x0000000000029ddb                rpl_timers_schedule_state_update
 .text          0x0000000000029e13      0xb8e build/cooja/mtype705.a(rpl-ext-header.)
                0x0000000000029e13                rpl_ext_header_srh_get_next_hop
                0x0000000000029efa                rpl_ext_header_srh_update
                0x000000000002a466                rpl_ext_header_hbh_update
                0x000000000002a766                rpl_ext_header_update
                0x000000000002a7ef                rpl_ext_header_remove
 .text          0x000000000002a9a1      0x31b build/cooja/mtype705.a(rpl-mrhof.o)
 *fill*         0x000000000002acbc        0x4 
 .text          0x000000000002acc0      0x122 /usr/lib/gcc/i686-linux-gnu/5/libgcc.a(_udivdi3.o)
                0x000000000002acc0                __udivdi3
 .text          0x000000000002ade2        0x0 /usr/lib/gcc/i686-linux-gnu/5/crtendS.o
 .text          0x000000000002ade2        0x0 /usr/lib/gcc/i686-linux-gnu/5/../../../i386-linux-gnu/crtn.o
 *(.gnu.warning)

.fini           0x000000000002ade4       0x14
 *(SORT(.fini))
 .fini          0x000000000002ade4        0xf /usr/lib/gcc/i686-linux-gnu/5/../../../i386-linux-gnu/crti.o
                0x000000000002ade4                _fini
 .fini          0x000000000002adf3        0x5 /usr/lib/gcc/i686-linux-gnu/5/../../../i386-linux-gnu/crtn.o
                [!provide]                        PROVIDE (__etext, .)
                [!provide]                        PROVIDE (_etext, .)
                [!provide]                        PROVIDE (etext, .)

.rodata         0x000000000002ae00      0xdab
 *(.rodata .rodata.* .gnu.linkonce.r.*)
 .rodata        0x000000000002ae00      0x1c3 device.o
                0x000000000002ae28                autostart_processes
 *fill*         0x000000000002afc3        0x1 
 .rodata        0x000000000002afc4        0x8 build/cooja/mtype705.a(beep.o)
                0x000000000002afc4                beep_interface
 .rodata        0x000000000002afcc        0xe build/cooja/mtype705.a(leds-arch.o)
                0x000000000002afcc                leds_interface
                0x000000000002afd4                leds_arch_leds
 *fill*         0x000000000002afda        0x2 
 .rodata        0x000000000002afdc        0x8 build/cooja/mtype705.a(moteid.o)
                0x000000000002afdc                moteid_interface
 .rodata        0x000000000002afe4       0x1c build/cooja/mtype705.a(pir-sensor.o)
                0x000000000002afe4                pir_interface
                0x000000000002aff0                pir_sensor
 .rodata        0x000000000002b000        0xe build/cooja/mtype705.a(rs232.o)
                0x000000000002b000                rs232_interface
 *fill*         0x000000000002b00e        0x2 
 .rodata        0x000000000002b010       0x24 build/cooja/mtype705.a(vib-sensor.o)
                0x000000000002b010                vib_interface
                0x000000000002b024                vib_sensor
 .rodata        0x000000000002b034        0x8 build/cooja/mtype705.a(clock.o)
                0x000000000002b034                clock_interface
 .rodata        0x000000000002b03c        0x8 build/cooja/mtype705.a(cooja-log.o)
                0x000000000002b03c                simlog_interface
 .rodata        0x000000000002b044       0x2f build/cooja/mtype705.a(cfs-cooja.o)
                0x000000000002b044                cfs_interface
 *fill*         0x000000000002b073        0xd 
 .rodata        0x000000000002b080       0xb8 build/cooja/mtype705.a(cooja-radio.o)
                0x000000000002b080                radio_interface
                0x000000000002b100                cooja_radio_driver
 .rodata        0x000000000002b138        0x8 build/cooja/mtype705.a(eeprom.o)
                0x000000000002b138                eeprom_interface
 .rodata        0x000000000002b140        0x8 build/cooja/mtype705.a(sensors.o)
 .rodata        0x000000000002b148       0x2c build/cooja/mtype705.a(buttons.o)
                0x000000000002b148                button_interface
                0x000000000002b15c                button_hal_button_count
                0x000000000002b164                button_sensor
 .rodata        0x000000000002b174      0x138 build/cooja/mtype705.a(bin.o)
 .rodata        0x000000000002b2ac       0xe9 build/cooja/mtype705.a(res_unregister.)
 .rodata        0x000000000002b395       0x41 build/cooja/mtype705.a(coap-engine.o)
 .rodata        0x000000000002b3d6       0x19 build/cooja/mtype705.a(coap-res-well-k)
 .rodata        0x000000000002b3ef       0x11 build/cooja/mtype705.a(coap-observe.o)
 .rodata        0x000000000002b400       0x35 build/cooja/mtype705.a(coap-uip.o)
 *fill*         0x000000000002b435        0x3 
 .rodata        0x000000000002b438      0x1ac build/cooja/mtype705.a(coap.o)
 .rodata        0x000000000002b5e4       0xf4 build/cooja/mtype705.a(contiki-main.o)
 .rodata        0x000000000002b6d8        0xf build/cooja/mtype705.a(ctimer.o)
 *fill*         0x000000000002b6e7        0x1 
 .rodata        0x000000000002b6e8       0xc4 build/cooja/mtype705.a(log.o)
 .rodata        0x000000000002b7ac        0xc build/cooja/mtype705.a(etimer.o)
 .rodata        0x000000000002b7b8       0x13 build/cooja/mtype705.a(button-hal.o)
 .rodata        0x000000000002b7cb        0xe build/cooja/mtype705.a(serial-line.o)
 *fill*         0x000000000002b7d9        0x3 
 .rodata        0x000000000002b7dc        0x8 build/cooja/mtype705.a(linkaddr.o)
                0x000000000002b7dc                linkaddr_null
 .rodata        0x000000000002b7e4       0x24 build/cooja/mtype705.a(csma.o)
                0x000000000002b7ec                csma_driver
 .rodata        0x000000000002b808       0x27 build/cooja/mtype705.a(csma-output.o)
 *fill*         0x000000000002b82f        0x1 
 .rodata        0x000000000002b830       0xb9 build/cooja/mtype705.a(uip-ds6-route.o)
 .rodata        0x000000000002b8e9        0xd build/cooja/mtype705.a(tcpip.o)
 *fill*         0x000000000002b8f6        0x2 
 .rodata        0x000000000002b8f8       0x30 build/cooja/mtype705.a(sicslowpan.o)
                0x000000000002b8f8                unc_llconf
                0x000000000002b8fc                unc_ctxconf
                0x000000000002b900                unc_mxconf
                0x000000000002b904                llprefix
                0x000000000002b918                sicslowpan_driver
 .rodata        0x000000000002b928       0x2d build/cooja/mtype705.a(uiplib.o)
 *fill*         0x000000000002b955        0xb 
 .rodata        0x000000000002b960       0x74 build/cooja/mtype705.a(rpl.o)
                0x000000000002b980                rpl_lite_driver
 .rodata        0x000000000002b9d4       0x20 build/cooja/mtype705.a(coap-timer-defa)
                0x000000000002b9e8                coap_timer_default_driver
 .rodata        0x000000000002b9f4       0x25 build/cooja/mtype705.a(assert.o)
 *fill*         0x000000000002ba19        0x3 
 .rodata        0x000000000002ba1c        0xc build/cooja/mtype705.a(framer-802154.o)
                0x000000000002ba1c                framer_802154
 .rodata        0x000000000002ba28       0x44 build/cooja/mtype705.a(uip-sr.o)
 .rodata        0x000000000002ba6c       0x58 build/cooja/mtype705.a(rpl-neighbor.o)
 .rodata        0x000000000002bac4       0xdb build/cooja/mtype705.a(rpl-dag.o)
 .rodata        0x000000000002bb9f        0xc build/cooja/mtype705.a(rpl-timers.o)

.rodata1
 *(.rodata1)

.eh_frame_hdr   0x000000000002bbac     0x1a14
 *(.eh_frame_hdr)
 .eh_frame_hdr  0x000000000002bbac     0x1a14 device.o
                0x000000000002bbac                __GNU_EH_FRAME_HDR
 *(.eh_frame_entry .eh_frame_entry.*)

.eh_frame       0x000000000002d5c0     0x69c8
 *(.eh_frame)
 .eh_frame      0x000000000002d5c0       0x3c /usr/lib/gcc/i686-linux-gnu/5/../../../i386-linux-gnu/crti.o
                                         0x40 (size before relaxing)
 .eh_frame      0x000000000002d5fc       0x40 device.o
                                         0x58 (size before relaxing)
 .eh_frame      0x000000000002d63c      0x178 build/cooja/mtype705.o
                                        0x190 (size before relaxing)
 .eh_frame      0x000000000002d7b4       0x40 build/cooja/mtype705.a(simEnvChange.o)
                                         0x58 (size before relaxing)
 .eh_frame      0x000000000002d7f4       0x60 build/cooja/mtype705.a(cooja_mt.o)
                                         0x78 (size before relaxing)
 .eh_frame      0x000000000002d854       0x80 build/cooja/mtype705.a(cooja_mtarch.o)
                                         0x98 (size before relaxing)
 .eh_frame      0x000000000002d8d4       0xc8 build/cooja/mtype705.a(rtimer-arch.o)
                                         0xe0 (size before relaxing)
 .eh_frame      0x000000000002d99c      0x160 build/cooja/mtype705.a(beep.o)
                                        0x178 (size before relaxing)
 .eh_frame      0x000000000002dafc       0x80 build/cooja/mtype705.a(leds-arch.o)
                                         0x98 (size before relaxing)
 .eh_frame      0x000000000002db7c       0x40 build/cooja/mtype705.a(moteid.o)
                                         0x58 (size before relaxing)
 .eh_frame      0x000000000002dbbc       0xa0 build/cooja/mtype705.a(pir-sensor.o)
                                         0xb8 (size before relaxing)
 .eh_frame      0x000000000002dc5c      0x100 build/cooja/mtype705.a(rs232.o)
                                        0x118 (size before relaxing)
 .eh_frame      0x000000000002dd5c       0xa0 build/cooja/mtype705.a(vib-sensor.o)
                                         0xb8 (size before relaxing)
 .eh_frame      0x000000000002ddfc       0xc0 build/cooja/mtype705.a(clock.o)
                                         0xd8 (size before relaxing)
 .eh_frame      0x000000000002debc      0x120 build/cooja/mtype705.a(cooja-log.o)
                                        0x138 (size before relaxing)
 .eh_frame      0x000000000002dfdc      0x160 build/cooja/mtype705.a(cfs-cooja.o)
                                        0x178 (size before relaxing)
 .eh_frame      0x000000000002e13c      0x340 build/cooja/mtype705.a(cooja-radio.o)
                                        0x358 (size before relaxing)
 .eh_frame      0x000000000002e47c       0xa0 build/cooja/mtype705.a(eeprom.o)
                                         0xb8 (size before relaxing)
 .eh_frame      0x000000000002e51c       0x40 build/cooja/mtype705.a(random.o)
                                         0x58 (size before relaxing)
 .eh_frame      0x000000000002e55c       0xc0 build/cooja/mtype705.a(sensors.o)
                                         0xd8 (size before relaxing)
 .eh_frame      0x000000000002e61c      0x120 build/cooja/mtype705.a(leds.o)
                                        0x138 (size before relaxing)
 .eh_frame      0x000000000002e73c      0x220 build/cooja/mtype705.a(gpio-hal-arch.o)
                                        0x238 (size before relaxing)
 .eh_frame      0x000000000002e95c       0xa0 build/cooja/mtype705.a(buttons.o)
                                         0xb8 (size before relaxing)
 .eh_frame      0x000000000002e9fc       0x60 build/cooja/mtype705.a(bin.o)
                                         0x78 (size before relaxing)
 .eh_frame      0x000000000002ea5c       0x20 build/cooja/mtype705.a(res_unregister.)
                                         0x38 (size before relaxing)
 .eh_frame      0x000000000002ea7c       0x44 build/cooja/mtype705.a(coap-blocking-a)
                                         0x5c (size before relaxing)
 .eh_frame      0x000000000002eac0      0x220 build/cooja/mtype705.a(coap-engine.o)
                                        0x238 (size before relaxing)
 .eh_frame      0x000000000002ece0       0x24 build/cooja/mtype705.a(coap-res-well-k)
                                         0x3c (size before relaxing)
 .eh_frame      0x000000000002ed04      0x188 build/cooja/mtype705.a(coap-observe.o)
                                        0x1a0 (size before relaxing)
 .eh_frame      0x000000000002ee8c      0x250 build/cooja/mtype705.a(coap-uip.o)
                                        0x268 (size before relaxing)
 .eh_frame      0x000000000002f0dc      0x114 build/cooja/mtype705.a(coap-timer.o)
                                        0x12c (size before relaxing)
 .eh_frame      0x000000000002f1f0      0x100 build/cooja/mtype705.a(coap-transactio)
                                        0x118 (size before relaxing)
 .eh_frame      0x000000000002f2f0      0x6ec build/cooja/mtype705.a(coap.o)
                                        0x704 (size before relaxing)
 .eh_frame      0x000000000002f9dc       0x30 build/cooja/mtype705.a(contiki-main.o)
                                         0x48 (size before relaxing)
 .eh_frame      0x000000000002fa0c       0x40 build/cooja/mtype705.a(autostart.o)
                                         0x58 (size before relaxing)
 .eh_frame      0x000000000002fa4c      0x100 build/cooja/mtype705.a(ctimer.o)
                                        0x118 (size before relaxing)
 .eh_frame      0x000000000002fb4c      0x100 build/cooja/mtype705.a(log.o)
                                        0x118 (size before relaxing)
 .eh_frame      0x000000000002fc4c       0x60 build/cooja/mtype705.a(energest.o)
                                         0x78 (size before relaxing)
 .eh_frame      0x000000000002fcac      0x1e0 build/cooja/mtype705.a(etimer.o)
                                        0x1f8 (size before relaxing)
 .eh_frame      0x000000000002fe8c       0x20 build/cooja/mtype705.a(node-id.o)
                                         0x38 (size before relaxing)
 .eh_frame      0x000000000002feac       0x60 build/cooja/mtype705.a(rtimer.o)
                                         0x78 (size before relaxing)
 .eh_frame      0x000000000002ff0c      0x1c4 build/cooja/mtype705.a(process.o)
                                        0x1dc (size before relaxing)
 .eh_frame      0x00000000000300d0       0xa4 build/cooja/mtype705.a(timer.o)
                                         0xbc (size before relaxing)
 .eh_frame      0x0000000000030174      0x1a0 build/cooja/mtype705.a(list.o)
                                        0x1b8 (size before relaxing)
 .eh_frame      0x0000000000030314       0xa0 build/cooja/mtype705.a(memb.o)
                                         0xb8 (size before relaxing)
 .eh_frame      0x00000000000303b4      0x144 build/cooja/mtype705.a(button-hal.o)
                                        0x15c (size before relaxing)
 .eh_frame      0x00000000000304f8       0x60 build/cooja/mtype705.a(serial-line.o)
                                         0x78 (size before relaxing)
 .eh_frame      0x0000000000030558       0xe0 build/cooja/mtype705.a(gpio-hal.o)
                                         0xf8 (size before relaxing)
 .eh_frame      0x0000000000030638      0x1a0 build/cooja/mtype705.a(queuebuf.o)
                                        0x1b8 (size before relaxing)
 .eh_frame      0x00000000000307d8      0x28c build/cooja/mtype705.a(packetbuf.o)
                                        0x2a4 (size before relaxing)
 .eh_frame      0x0000000000030a64       0x80 build/cooja/mtype705.a(netstack.o)
                                         0x98 (size before relaxing)
 .eh_frame      0x0000000000030ae4       0x60 build/cooja/mtype705.a(linkaddr.o)
                                         0x78 (size before relaxing)
 .eh_frame      0x0000000000030b44       0xe0 build/cooja/mtype705.a(csma.o)
                                         0xf8 (size before relaxing)
 .eh_frame      0x0000000000030c24      0x1d0 build/cooja/mtype705.a(csma-output.o)
                                        0x1e8 (size before relaxing)
 .eh_frame      0x0000000000030df4      0x328 build/cooja/mtype705.a(uip-ds6.o)
                                        0x340 (size before relaxing)
 .eh_frame      0x000000000003111c       0x40 build/cooja/mtype705.a(uip-udp-packet.)
                                         0x58 (size before relaxing)
 .eh_frame      0x000000000003115c      0x2e0 build/cooja/mtype705.a(uip-ds6-route.o)
                                        0x2f8 (size before relaxing)
 .eh_frame      0x000000000003143c      0x244 build/cooja/mtype705.a(tcpip.o)
                                        0x25c (size before relaxing)
 .eh_frame      0x0000000000031680      0x1e8 build/cooja/mtype705.a(uip6.o)
                                        0x200 (size before relaxing)
 .eh_frame      0x0000000000031868      0x1c0 build/cooja/mtype705.a(uip-ds6-nbr.o)
                                        0x1d8 (size before relaxing)
 .eh_frame      0x0000000000031a28       0x84 build/cooja/mtype705.a(uip-nd6.o)
                                         0x9c (size before relaxing)
 .eh_frame      0x0000000000031aac      0x2f8 build/cooja/mtype705.a(sicslowpan.o)
                                        0x310 (size before relaxing)
 .eh_frame      0x0000000000031da4       0x88 build/cooja/mtype705.a(uiplib.o)
                                         0xa0 (size before relaxing)
 .eh_frame      0x0000000000031e2c      0x1e0 build/cooja/mtype705.a(rpl.o)
                                        0x1f8 (size before relaxing)
 .eh_frame      0x000000000003200c      0x1c4 build/cooja/mtype705.a(rpl-icmp6.o)
                                        0x1dc (size before relaxing)
 .eh_frame      0x00000000000321d0       0xa0 build/cooja/mtype705.a(rpl-dag-root.o)
                                         0xb8 (size before relaxing)
 .eh_frame      0x0000000000032270       0xa0 build/cooja/mtype705.a(watchdog.o)
                                         0xb8 (size before relaxing)
 .eh_frame      0x0000000000032310       0x80 build/cooja/mtype705.a(int-master.o)
                                         0x98 (size before relaxing)
 .eh_frame      0x0000000000032390       0xa4 build/cooja/mtype705.a(coap-timer-defa)
                                         0xbc (size before relaxing)
 .eh_frame      0x0000000000032434       0xc4 build/cooja/mtype705.a(stimer.o)
                                         0xdc (size before relaxing)
 .eh_frame      0x00000000000324f8       0xa0 build/cooja/mtype705.a(ringbuf.o)
                                         0xb8 (size before relaxing)
 .eh_frame      0x0000000000032598       0x20 build/cooja/mtype705.a(assert.o)
                                         0x38 (size before relaxing)
 .eh_frame      0x00000000000325b8      0x2ac build/cooja/mtype705.a(nbr-table.o)
                                        0x2c4 (size before relaxing)
 .eh_frame      0x0000000000032864      0x120 build/cooja/mtype705.a(link-stats.o)
                                        0x138 (size before relaxing)
 .eh_frame      0x0000000000032984       0x48 build/cooja/mtype705.a(mac-sequence.o)
                                         0x60 (size before relaxing)
 .eh_frame      0x00000000000329cc       0x20 build/cooja/mtype705.a(mac.o)
                                         0x38 (size before relaxing)
 .eh_frame      0x00000000000329ec       0xa4 build/cooja/mtype705.a(framer-802154.o)
                                         0xbc (size before relaxing)
 .eh_frame      0x0000000000032a90      0x1a4 build/cooja/mtype705.a(frame802154.o)
                                        0x1bc (size before relaxing)
 .eh_frame      0x0000000000032c34       0x40 build/cooja/mtype705.a(csma-security.o)
                                         0x58 (size before relaxing)
 .eh_frame      0x0000000000032c74      0x200 build/cooja/mtype705.a(uipbuf.o)
                                        0x218 (size before relaxing)
 .eh_frame      0x0000000000032e74      0x150 build/cooja/mtype705.a(uip-icmp6.o)
                                        0x168 (size before relaxing)
 .eh_frame      0x0000000000032fc4      0x184 build/cooja/mtype705.a(uip-sr.o)
                                        0x19c (size before relaxing)
 .eh_frame      0x0000000000033148       0xe0 build/cooja/mtype705.a(uip-packetqueue)
                                         0xf8 (size before relaxing)
 .eh_frame      0x0000000000033228       0x80 build/cooja/mtype705.a(rpl-nbr-policy.)
                                         0x98 (size before relaxing)
 .eh_frame      0x00000000000332a8      0x2d4 build/cooja/mtype705.a(rpl-neighbor.o)
                                        0x2ec (size before relaxing)
 .eh_frame      0x000000000003357c      0x370 build/cooja/mtype705.a(rpl-dag.o)
                                        0x388 (size before relaxing)
 .eh_frame      0x00000000000338ec      0x3a8 build/cooja/mtype705.a(rpl-timers.o)
                                        0x3c0 (size before relaxing)
 .eh_frame      0x0000000000033c94      0x124 build/cooja/mtype705.a(rpl-ext-header.)
                                        0x13c (size before relaxing)
 .eh_frame      0x0000000000033db8      0x148 build/cooja/mtype705.a(rpl-mrhof.o)
                                        0x160 (size before relaxing)
 .eh_frame      0x0000000000033f00       0x84 /usr/lib/gcc/i686-linux-gnu/5/libgcc.a(_udivdi3.o)
                                         0x9c (size before relaxing)
 .eh_frame      0x0000000000033f84        0x4 /usr/lib/gcc/i686-linux-gnu/5/crtendS.o
 *(.eh_frame.*)

.gcc_except_table
 *(.gcc_except_table .gcc_except_table.*)

.gnu_extab
 *(.gnu_extab*)

.exception_ranges
 *(.exception_ranges .exception_ranges*)
                0x0000000000035f10                . = DATA_SEGMENT_ALIGN (0x1000, 0x1000)

.eh_frame
 *(.eh_frame)
 *(.eh_frame.*)

.gnu_extab
 *(.gnu_extab)

.gcc_except_table
 *(.gcc_except_table .gcc_except_table.*)

.exception_ranges
 *(.exception_ranges .exception_ranges*)

.tdata
 *(.tdata .tdata.* .gnu.linkonce.td.*)

.tbss
 *(.tbss .tbss.* .gnu.linkonce.tb.*)
 *(.tcommon)

.preinit_array
 *(.preinit_array)

.init_array     0x0000000000035f10        0x4
 *(SORT(.init_array.*) SORT(.ctors.*))
 *(.init_array EXCLUDE_FILE(*crtend?.o *crtend.o *crtbegin?.o *crtbegin.o) .ctors)
 .init_array    0x0000000000035f10        0x4 /usr/lib/gcc/i686-linux-gnu/5/crtbeginS.o

.fini_array     0x0000000000035f14        0x4
 *(SORT(.fini_array.*) SORT(.dtors.*))
 *(.fini_array EXCLUDE_FILE(*crtend?.o *crtend.o *crtbegin?.o *crtbegin.o) .dtors)
 .fini_array    0x0000000000035f14        0x4 /usr/lib/gcc/i686-linux-gnu/5/crtbeginS.o

.ctors
 *crtbegin.o(.ctors)
 *crtbegin?.o(.ctors)
 *(EXCLUDE_FILE(*crtend?.o *crtend.o) .ctors)
 *(SORT(.ctors.*))
 *(.ctors)

.dtors
 *crtbegin.o(.dtors)
 *crtbegin?.o(.dtors)
 *(EXCLUDE_FILE(*crtend?.o *crtend.o) .dtors)
 *(SORT(.dtors.*))
 *(.dtors)

.jcr            0x0000000000035f18        0x4
 *(.jcr)
 .jcr           0x0000000000035f18        0x0 /usr/lib/gcc/i686-linux-gnu/5/crtbeginS.o
 .jcr           0x0000000000035f18        0x4 /usr/lib/gcc/i686-linux-gnu/5/crtendS.o

.data.rel.ro
 *(.data.rel.ro.local* .gnu.linkonce.d.rel.ro.local.*)
 *(.data.rel.ro .data.rel.ro.* .gnu.linkonce.d.rel.ro.*)

.dynamic        0x0000000000035f1c       0xd0
 *(.dynamic)
 .dynamic       0x0000000000035f1c       0xd0 /usr/lib/gcc/i686-linux-gnu/5/../../../i386-linux-gnu/crti.o
                0x0000000000035f1c                _DYNAMIC

.got            0x0000000000035fec       0x14
 *(.got)
 .got           0x0000000000035fec       0x14 /usr/lib/gcc/i686-linux-gnu/5/../../../i386-linux-gnu/crti.o
 *(.igot)
                0x0000000000036ff4                . = DATA_SEGMENT_RELRO_END (., (SIZEOF (.got.plt) >= 0xc)?0xc:0x0)

.got.plt        0x0000000000036000        0xc
 *(.got.plt)
 .got.plt       0x0000000000036000        0xc /usr/lib/gcc/i686-linux-gnu/5/../../../i386-linux-gnu/crti.o
                0x0000000000036000                _GLOBAL_OFFSET_TABLE_
 *(.igot.plt)

.data           0x0000000000036020      0x504
 *(.data .data.* .gnu.linkonce.d.*)
 .data          0x0000000000036020        0x0 /usr/lib/gcc/i686-linux-gnu/5/../../../i386-linux-gnu/crti.o
 .data          0x0000000000036020        0x0 /usr/lib/gcc/i686-linux-gnu/5/crtbeginS.o
 .data.rel.local
                0x0000000000036020        0x4 /usr/lib/gcc/i686-linux-gnu/5/crtbeginS.o
                0x0000000000036020                __dso_handle
 .data          0x0000000000036024       0x14 device.o
                0x0000000000036024                reg_service_url
                0x0000000000036028                device_process
 *fill*         0x0000000000036038        0x8 
 .data          0x0000000000036040       0x44 build/cooja/mtype705.o
                0x0000000000036040                simInterfaces
                0x0000000000036074                sensors
 .data          0x0000000000036084        0x0 build/cooja/mtype705.a(simEnvChange.o)
 .data          0x0000000000036084        0x0 build/cooja/mtype705.a(cooja_mt.o)
 .data          0x0000000000036084        0x0 build/cooja/mtype705.a(cooja_mtarch.o)
 .data          0x0000000000036084        0x0 build/cooja/mtype705.a(rtimer-arch.o)
 .data          0x0000000000036084        0x0 build/cooja/mtype705.a(beep.o)
 .data          0x0000000000036084        0x0 build/cooja/mtype705.a(leds-arch.o)
 .data          0x0000000000036084        0x0 build/cooja/mtype705.a(moteid.o)
 .data          0x0000000000036084        0x0 build/cooja/mtype705.a(pir-sensor.o)
 .data          0x0000000000036084        0x0 build/cooja/mtype705.a(rs232.o)
 .data          0x0000000000036084        0x0 build/cooja/mtype705.a(vib-sensor.o)
 .data          0x0000000000036084        0x0 build/cooja/mtype705.a(clock.o)
 .data          0x0000000000036084        0x0 build/cooja/mtype705.a(cooja-log.o)
 .data          0x0000000000036084        0x0 build/cooja/mtype705.a(cfs-cooja.o)
 .data          0x0000000000036084       0x2c build/cooja/mtype705.a(cooja-radio.o)
                0x0000000000036084                simRadioHWOn
                0x0000000000036088                simSignalStrength
                0x000000000003608c                simLastSignalStrength
                0x0000000000036090                simPower
                0x0000000000036094                simRadioChannel
                0x0000000000036098                simLQI
                0x00000000000360a0                cooja_radio_process
 .data          0x00000000000360b0        0x0 build/cooja/mtype705.a(eeprom.o)
 .data          0x00000000000360b0        0x0 build/cooja/mtype705.a(random.o)
 .data          0x00000000000360b0       0x10 build/cooja/mtype705.a(sensors.o)
                0x00000000000360b0                sensors_process
 .data          0x00000000000360c0        0x0 build/cooja/mtype705.a(leds.o)
 .data          0x00000000000360c0        0x0 build/cooja/mtype705.a(gpio-hal-arch.o)
 .data          0x00000000000360c0       0x78 build/cooja/mtype705.a(buttons.o)
                0x00000000000360c0                simButtonIsActive
                0x0000000000036130                button_hal_buttons
 *fill*         0x0000000000036138        0x8 
 .data          0x0000000000036140       0x44 build/cooja/mtype705.a(bin.o)
                0x0000000000036140                max_bin_fullness
                0x0000000000036160                bin
 *fill*         0x0000000000036184       0x1c 
 .data          0x00000000000361a0       0x44 build/cooja/mtype705.a(res_unregister.)
                0x00000000000361c0                res_unregister
 .data          0x00000000000361e4        0x0 build/cooja/mtype705.a(coap-blocking-a)
 .data          0x00000000000361e4        0x8 build/cooja/mtype705.a(coap-engine.o)
 *fill*         0x00000000000361ec       0x14 
 .data          0x0000000000036200       0x24 build/cooja/mtype705.a(coap-res-well-k)
                0x0000000000036200                res_well_known_core
 .data          0x0000000000036224       0x10 build/cooja/mtype705.a(coap-observe.o)
 .data          0x0000000000036234       0x10 build/cooja/mtype705.a(coap-uip.o)
                0x0000000000036234                coap_engine
 .data          0x0000000000036244        0x4 build/cooja/mtype705.a(coap-timer.o)
 .data          0x0000000000036248       0x10 build/cooja/mtype705.a(coap-transactio)
 .data          0x0000000000036258        0x4 build/cooja/mtype705.a(coap.o)
                0x0000000000036258                coap_error_message
 .data          0x000000000003625c        0x0 build/cooja/mtype705.a(contiki-main.o)
 .data          0x000000000003625c        0x0 build/cooja/mtype705.a(autostart.o)
 .data          0x000000000003625c       0x14 build/cooja/mtype705.a(ctimer.o)
                0x0000000000036260                ctimer_process
 *fill*         0x0000000000036270       0x10 
 .data          0x0000000000036280       0xbc build/cooja/mtype705.a(log.o)
                0x0000000000036280                curr_log_level_main
                0x00000000000362a0                all_modules
 .data          0x000000000003633c        0x0 build/cooja/mtype705.a(energest.o)
 .data          0x000000000003633c       0x10 build/cooja/mtype705.a(etimer.o)
                0x000000000003633c                etimer_process
 .data          0x000000000003634c        0x0 build/cooja/mtype705.a(node-id.o)
 .data          0x000000000003634c        0x0 build/cooja/mtype705.a(rtimer.o)
 .data          0x000000000003634c        0x0 build/cooja/mtype705.a(process.o)
 .data          0x000000000003634c        0x0 build/cooja/mtype705.a(timer.o)
 .data          0x000000000003634c        0x0 build/cooja/mtype705.a(list.o)
 .data          0x000000000003634c        0x0 build/cooja/mtype705.a(memb.o)
 .data          0x000000000003634c       0x10 build/cooja/mtype705.a(button-hal.o)
                0x000000000003634c                button_hal_process
 .data          0x000000000003635c       0x10 build/cooja/mtype705.a(serial-line.o)
                0x000000000003635c                serial_line_process
 .data          0x000000000003636c        0x4 build/cooja/mtype705.a(gpio-hal.o)
 .data          0x0000000000036370       0x18 build/cooja/mtype705.a(queuebuf.o)
 .data          0x0000000000036388        0x4 build/cooja/mtype705.a(packetbuf.o)
 .data          0x000000000003638c        0x4 build/cooja/mtype705.a(netstack.o)
 .data          0x0000000000036390        0x0 build/cooja/mtype705.a(linkaddr.o)
 .data          0x0000000000036390        0x0 build/cooja/mtype705.a(csma.o)
 .data          0x0000000000036390       0x28 build/cooja/mtype705.a(csma-output.o)
 .data          0x00000000000363b8        0x0 build/cooja/mtype705.a(uip-ds6.o)
 .data          0x00000000000363b8        0x0 build/cooja/mtype705.a(uip-udp-packet.)
 .data          0x00000000000363b8       0x44 build/cooja/mtype705.a(uip-ds6-route.o)
                0x00000000000363c8                nbr_routes
 .data          0x00000000000363fc       0x10 build/cooja/mtype705.a(tcpip.o)
                0x00000000000363fc                tcpip_process
 .data          0x000000000003640c        0x0 build/cooja/mtype705.a(uip6.o)
 .data          0x000000000003640c       0x14 build/cooja/mtype705.a(uip-ds6-nbr.o)
 .data          0x0000000000036420        0xc build/cooja/mtype705.a(uip-nd6.o)
 .data          0x000000000003642c        0x0 build/cooja/mtype705.a(sicslowpan.o)
 .data          0x000000000003642c        0x0 build/cooja/mtype705.a(uiplib.o)
 .data          0x000000000003642c        0x0 build/cooja/mtype705.a(rpl.o)
 .data          0x000000000003642c       0x30 build/cooja/mtype705.a(rpl-icmp6.o)
 .data          0x000000000003645c        0x0 build/cooja/mtype705.a(rpl-dag-root.o)
 .data          0x000000000003645c        0x0 build/cooja/mtype705.a(watchdog.o)
 .data          0x000000000003645c        0x0 build/cooja/mtype705.a(int-master.o)
 .data          0x000000000003645c       0x10 build/cooja/mtype705.a(coap-timer-defa)
                0x000000000003645c                coap_timer_process
 .data          0x000000000003646c        0x0 build/cooja/mtype705.a(stimer.o)
 .data          0x000000000003646c        0x0 build/cooja/mtype705.a(ringbuf.o)
 .data          0x000000000003646c        0x0 build/cooja/mtype705.a(assert.o)
 .data          0x000000000003646c       0x10 build/cooja/mtype705.a(nbr-table.o)
 .data          0x000000000003647c       0x14 build/cooja/mtype705.a(link-stats.o)
 .data          0x0000000000036490        0x0 build/cooja/mtype705.a(mac-sequence.o)
 .data          0x0000000000036490        0x0 build/cooja/mtype705.a(mac.o)
 .data          0x0000000000036490        0x0 build/cooja/mtype705.a(framer-802154.o)
 .data          0x0000000000036490        0x2 build/cooja/mtype705.a(frame802154.o)
 .data          0x0000000000036492        0x0 build/cooja/mtype705.a(csma-security.o)
 .data          0x0000000000036492        0x0 build/cooja/mtype705.a(uipbuf.o)
 *fill*         0x0000000000036492        0x2 
 .data          0x0000000000036494       0x20 build/cooja/mtype705.a(uip-icmp6.o)
 .data          0x00000000000364b4       0x10 build/cooja/mtype705.a(uip-sr.o)
 .data          0x00000000000364c4        0xc build/cooja/mtype705.a(uip-packetqueue)
 .data          0x00000000000364d0        0x0 build/cooja/mtype705.a(rpl-nbr-policy.)
 .data          0x00000000000364d0       0x14 build/cooja/mtype705.a(rpl-neighbor.o)
                0x00000000000364e0                rpl_neighbors
 .data          0x00000000000364e4        0x0 build/cooja/mtype705.a(rpl-dag.o)
 .data          0x00000000000364e4        0x0 build/cooja/mtype705.a(rpl-timers.o)
 .data          0x00000000000364e4        0x0 build/cooja/mtype705.a(rpl-ext-header.)
 *fill*         0x00000000000364e4       0x1c 
 .data          0x0000000000036500       0x24 build/cooja/mtype705.a(rpl-mrhof.o)
                0x0000000000036500                rpl_mrhof
 .data          0x0000000000036524        0x0 /usr/lib/gcc/i686-linux-gnu/5/libgcc.a(_udivdi3.o)
 .data          0x0000000000036524        0x0 /usr/lib/gcc/i686-linux-gnu/5/crtendS.o
 .data          0x0000000000036524        0x0 /usr/lib/gcc/i686-linux-gnu/5/../../../i386-linux-gnu/crtn.o

.tm_clone_table
                0x0000000000036524        0x0
 .tm_clone_table
                0x0000000000036524        0x0 /usr/lib/gcc/i686-linux-gnu/5/crtbeginS.o
 .tm_clone_table
                0x0000000000036524        0x0 /usr/lib/gcc/i686-linux-gnu/5/crtendS.o

.data1
 *(.data1)
                0x0000000000036524                _edata = .
                [!provide]                        PROVIDE (edata, .)
                0x0000000000036524                . = .
                0x0000000000036524                __bss_start = .

.bss            0x0000000000036540    0x15c24
 *(.dynbss)
 .dynbss        0x0000000000036540        0x0 /usr/lib/gcc/i686-linux-gnu/5/../../../i386-linux-gnu/crti.o
 *(.bss .bss.* .gnu.linkonce.b.*)
 .bss           0x0000000000036540        0x0 /usr/lib/gcc/i686-linux-gnu/5/../../../i386-linux-gnu/crti.o
 .bss           0x0000000000036540        0x1 /usr/lib/gcc/i686-linux-gnu/5/crtbeginS.o
 *fill*         0x0000000000036541       0x1f 
 .bss           0x0000000000036560      0x12c device.o
 *fill*         0x000000000003668c       0x14 
 .bss           0x00000000000366a0     0x2030 build/cooja/mtype705.o
 .bss           0x00000000000386d0        0x1 build/cooja/mtype705.a(simEnvChange.o)
                0x00000000000386d0                simDontFallAsleep
 *fill*         0x00000000000386d1        0x3 
 .bss           0x00000000000386d4        0x4 build/cooja/mtype705.a(cooja_mt.o)
 .bss           0x00000000000386d8        0x4 build/cooja/mtype705.a(cooja_mtarch.o)
 .bss           0x00000000000386dc        0x0 build/cooja/mtype705.a(rtimer-arch.o)
 .bss           0x00000000000386dc        0x0 build/cooja/mtype705.a(beep.o)
 .bss           0x00000000000386dc        0x1 build/cooja/mtype705.a(leds-arch.o)
                0x00000000000386dc                simLedsValue
 .bss           0x00000000000386dd        0x0 build/cooja/mtype705.a(moteid.o)
 .bss           0x00000000000386dd        0x1 build/cooja/mtype705.a(pir-sensor.o)
                0x00000000000386dd                simPirValue
 *fill*         0x00000000000386de        0x2 
 .bss           0x00000000000386e0        0x4 build/cooja/mtype705.a(rs232.o)
 .bss           0x00000000000386e4        0x1 build/cooja/mtype705.a(vib-sensor.o)
                0x00000000000386e4                simVibValue
 .bss           0x00000000000386e5        0x0 build/cooja/mtype705.a(clock.o)
 *fill*         0x00000000000386e5       0x1b 
 .bss           0x0000000000038700     0x2020 build/cooja/mtype705.a(cooja-log.o)
 .bss           0x000000000003a720      0xfc0 build/cooja/mtype705.a(cfs-cooja.o)
                0x000000000003a720                simCFSData
                0x000000000003b6c0                simCFSSize
                0x000000000003b6c4                simCFSChanged
                0x000000000003b6c8                simCFSRead
                0x000000000003b6cc                simCFSWritten
 .bss           0x000000000003b6e0       0x24 build/cooja/mtype705.a(cooja-radio.o)
                0x000000000003b6e0                simReceiving
                0x000000000003b6e4                simInSize
                0x000000000003b6e8                simLastPacketTimestamp
                0x000000000003b6f0                simOutSize
 .bss           0x000000000003b704        0xc build/cooja/mtype705.a(eeprom.o)
                0x000000000003b704                simEEPROMChanged
                0x000000000003b708                simEEPROMRead
                0x000000000003b70c                simEEPROMWritten
 .bss           0x000000000003b710        0x0 build/cooja/mtype705.a(random.o)
 .bss           0x000000000003b710        0xc build/cooja/mtype705.a(sensors.o)
 .bss           0x000000000003b71c        0x0 build/cooja/mtype705.a(leds.o)
 .bss           0x000000000003b71c       0x24 build/cooja/mtype705.a(gpio-hal-arch.o)
 .bss           0x000000000003b740        0x0 build/cooja/mtype705.a(buttons.o)
 .bss           0x000000000003b740        0x8 build/cooja/mtype705.a(bin.o)
                0x000000000003b740                min_bin_fullness
                0x000000000003b744                bin_fullness
 .bss           0x000000000003b748        0x0 build/cooja/mtype705.a(res_unregister.)
 .bss           0x000000000003b748        0x0 build/cooja/mtype705.a(coap-blocking-a)
 *fill*         0x000000000003b748       0x18 
 .bss           0x000000000003b760      0x190 build/cooja/mtype705.a(coap-engine.o)
 .bss           0x000000000003b8f0        0x0 build/cooja/mtype705.a(coap-res-well-k)
 *fill*         0x000000000003b8f0       0x10 
 .bss           0x000000000003b900     0x2100 build/cooja/mtype705.a(coap-observe.o)
 .bss           0x000000000003da00       0x18 build/cooja/mtype705.a(coap-uip.o)
 .bss           0x000000000003da18        0x5 build/cooja/mtype705.a(coap-timer.o)
 *fill*         0x000000000003da1d        0x3 
 .bss           0x000000000003da20     0x4d14 build/cooja/mtype705.a(coap-transactio)
 .bss           0x0000000000042734        0x6 build/cooja/mtype705.a(coap.o)
                0x0000000000042734                coap_status_code
 .bss           0x000000000004273a        0x0 build/cooja/mtype705.a(contiki-main.o)
 .bss           0x000000000004273a        0x0 build/cooja/mtype705.a(autostart.o)
 *fill*         0x000000000004273a        0x2 
 .bss           0x000000000004273c        0x5 build/cooja/mtype705.a(ctimer.o)
 *fill*         0x0000000000042741        0x3 
 .bss           0x0000000000042744       0x2c build/cooja/mtype705.a(log.o)
                0x0000000000042744                curr_log_level_rpl
                0x0000000000042748                curr_log_level_tcpip
                0x000000000004274c                curr_log_level_ipv6
                0x0000000000042750                curr_log_level_6lowpan
                0x0000000000042754                curr_log_level_nullnet
                0x0000000000042758                curr_log_level_mac
                0x000000000004275c                curr_log_level_framer
                0x0000000000042760                curr_log_level_6top
                0x0000000000042764                curr_log_level_coap
                0x0000000000042768                curr_log_level_snmp
                0x000000000004276c                curr_log_level_lwm2m
 .bss           0x0000000000042770        0x0 build/cooja/mtype705.a(energest.o)
 .bss           0x0000000000042770        0x8 build/cooja/mtype705.a(etimer.o)
 .bss           0x0000000000042778        0x2 build/cooja/mtype705.a(node-id.o)
                0x0000000000042778                node_id
 *fill*         0x000000000004277a        0x2 
 .bss           0x000000000004277c        0x4 build/cooja/mtype705.a(rtimer.o)
 .bss           0x0000000000042780      0x1a1 build/cooja/mtype705.a(process.o)
                0x0000000000042780                process_list
                0x0000000000042784                process_current
 .bss           0x0000000000042921        0x0 build/cooja/mtype705.a(timer.o)
 .bss           0x0000000000042921        0x0 build/cooja/mtype705.a(list.o)
 .bss           0x0000000000042921        0x0 build/cooja/mtype705.a(memb.o)
 *fill*         0x0000000000042921        0x3 
 .bss           0x0000000000042924       0x10 build/cooja/mtype705.a(button-hal.o)
 *fill*         0x0000000000042934        0xc 
 .bss           0x0000000000042940      0x140 build/cooja/mtype705.a(serial-line.o)
 .bss           0x0000000000042a80        0x4 build/cooja/mtype705.a(gpio-hal.o)
 *fill*         0x0000000000042a84       0x1c 
 .bss           0x0000000000042aa0     0x2c80 build/cooja/mtype705.a(queuebuf.o)
 .bss           0x0000000000045720       0xa0 build/cooja/mtype705.a(packetbuf.o)
 .bss           0x00000000000457c0        0x4 build/cooja/mtype705.a(netstack.o)
 .bss           0x00000000000457c4        0x0 build/cooja/mtype705.a(linkaddr.o)
 .bss           0x00000000000457c4        0x0 build/cooja/mtype705.a(csma.o)
 *fill*         0x00000000000457c4       0x1c 
 .bss           0x00000000000457e0      0x726 build/cooja/mtype705.a(csma-output.o)
 *fill*         0x0000000000045f06        0x2 
 .bss           0x0000000000045f08       0x30 build/cooja/mtype705.a(uip-ds6.o)
 .bss           0x0000000000045f38        0x0 build/cooja/mtype705.a(uip-udp-packet.)
 *fill*         0x0000000000045f38        0x8 
 .bss           0x0000000000045f40      0x2a4 build/cooja/mtype705.a(uip-ds6-route.o)
 .bss           0x00000000000461e4       0x10 build/cooja/mtype705.a(tcpip.o)