Archive member included to satisfy reference by file (symbol)

build/cooja/mtype347.a(simEnvChange.o)
                              build/cooja/mtype347.o (simDontFallAsleep)
build/cooja/mtype347.a(cooja_mt.o)
                              build/cooja/mtype347.o (cooja_mt_start)
build/cooja/mtype347.a(cooja_mtarch.o)
                              build/cooja/mtype347.a(cooja_mt.o) (cooja_mtarch_start)
build/cooja/mtype347.a(rtimer-arch.o)
                              build/cooja/mtype347.o (rtimer_arch_check)
build/cooja/mtype347.a(beep.o)
                              build/cooja/mtype347.o (beep_interface)
build/cooja/mtype347.a(leds-arch.o)
                              build/cooja/mtype347.o (leds_interface)
build/cooja/mtype347.a(moteid.o)
                              build/cooja/mtype347.o (moteid_interface)
build/cooja/mtype347.a(pir-sensor.o)
                              build/cooja/mtype347.o (pir_interface)
build/cooja/mtype347.a(rs232.o)
                              build/cooja/mtype347.o (rs232_interface)
build/cooja/mtype347.a(vib-sensor.o)
                              build/cooja/mtype347.o (vib_interface)
build/cooja/mtype347.a(clock.o)
                              build/cooja/mtype347.o (clock_interface)
build/cooja/mtype347.a(cooja-log.o)
                              build/cooja/mtype347.o (simlog_interface)
build/cooja/mtype347.a(cfs-cooja.o)
                              build/cooja/mtype347.o (cfs_interface)
build/cooja/mtype347.a(cooja-radio.o)
                              build/cooja/mtype347.o (radio_interface)
build/cooja/mtype347.a(eeprom.o)
                              build/cooja/mtype347.o (eeprom_interface)
build/cooja/mtype347.a(random.o)
                              build/cooja/mtype347.a(moteid.o) (random_init)
build/cooja/mtype347.a(sensors.o)
                              build/cooja/mtype347.a(pir-sensor.o) (sensors_changed)
build/cooja/mtype347.a(leds.o)
                              build/cooja/mtype347.a(leds-arch.o) (leds_get)
build/cooja/mtype347.a(gpio-hal-arch.o)
                              build/cooja/mtype347.a(leds-arch.o) (gpio_hal_arch_register_pin_callback)
build/cooja/mtype347.a(buttons.o)
                              build/cooja/mtype347.o (button_interface)
build/cooja/mtype347.a(bin.o)
                              device.o (bin)
build/cooja/mtype347.a(res_unregister.)
                              device.o (UNREGISTER)
build/cooja/mtype347.a(coap-blocking-a)
                              device.o (coap_blocking_request)
build/cooja/mtype347.a(coap-engine.o)
                              device.o (coap_activate_resource)
build/cooja/mtype347.a(coap-res-well-k)
                              build/cooja/mtype347.a(coap-engine.o) (res_well_known_core)
build/cooja/mtype347.a(coap-observe.o)
                              build/cooja/mtype347.a(coap-engine.o) (coap_remove_observer_by_mid)
build/cooja/mtype347.a(coap-uip.o)
                              build/cooja/mtype347.a(coap-observe.o) (coap_endpoint_copy)
build/cooja/mtype347.a(coap-timer.o)
                              build/cooja/mtype347.a(coap-engine.o) (coap_timer_set)
build/cooja/mtype347.a(coap-transactio)
                              build/cooja/mtype347.a(coap-blocking-a) (coap_send_transaction)
build/cooja/mtype347.a(coap.o)
                              build/cooja/mtype347.a(coap-engine.o) (coap_status_code)
build/cooja/mtype347.a(contiki-main.o)
                              build/cooja/mtype347.o (main)
build/cooja/mtype347.a(autostart.o)
                              build/cooja/mtype347.a(contiki-main.o) (autostart_start)
build/cooja/mtype347.a(ctimer.o)
                              build/cooja/mtype347.a(contiki-main.o) (ctimer_init)
build/cooja/mtype347.a(log.o)
                              build/cooja/mtype347.a(contiki-main.o) (curr_log_level_main)
build/cooja/mtype347.a(energest.o)
                              build/cooja/mtype347.a(contiki-main.o) (energest_init)
build/cooja/mtype347.a(etimer.o)
                              build/cooja/mtype347.a(contiki-main.o) (etimer_process)
build/cooja/mtype347.a(node-id.o)
                              build/cooja/mtype347.a(contiki-main.o) (node_id)
build/cooja/mtype347.a(rtimer.o)
                              build/cooja/mtype347.a(contiki-main.o) (rtimer_init)
build/cooja/mtype347.a(process.o)
                              build/cooja/mtype347.a(coap-blocking-a) (process_current)
build/cooja/mtype347.a(timer.o)
                              build/cooja/mtype347.a(etimer.o) (timer_set)
build/cooja/mtype347.a(list.o)
                              build/cooja/mtype347.a(coap-engine.o) (list_init)
build/cooja/mtype347.a(memb.o)
                              build/cooja/mtype347.a(coap-observe.o) (memb_alloc)
build/cooja/mtype347.a(button-hal.o)
                              build/cooja/mtype347.o (button_hal_init)
build/cooja/mtype347.a(serial-line.o)
                              device.o (serial_line_event_message)
[...]
Memory Configuration

Name             Origin             Length             Attributes
*default*        0x0000000000000000 0xffffffffffffffff

Linker script and memory map

LOAD /usr/lib/gcc/i686-linux-gnu/5/../../../i386-linux-gnu/crti.o
LOAD /usr/lib/gcc/i686-linux-gnu/5/crtbeginS.o
LOAD device.o
LOAD build/cooja/mtype347.o
LOAD build/cooja/mtype347.a
LOAD /usr/lib/gcc/i686-linux-gnu/5/libgcc.a
LOAD /usr/lib/gcc/i686-linux-gnu/5/libgcc_s.so
LOAD /usr/lib/gcc/i686-linux-gnu/5/../../../i386-linux-gnu/libc.so
START GROUP
LOAD /lib/i386-linux-gnu/libc.so.6
LOAD /usr/lib/i386-linux-gnu/libc_nonshared.a
LOAD /lib/i386-linux-gnu/ld-linux.so.2
END GROUP
LOAD /usr/lib/gcc/i686-linux-gnu/5/libgcc.a
LOAD /usr/lib/gcc/i686-linux-gnu/5/libgcc_s.so
LOAD /usr/lib/gcc/i686-linux-gnu/5/crtendS.o
LOAD /usr/lib/gcc/i686-linux-gnu/5/../../../i386-linux-gnu/crtn.o
                0x0000000000000114                . = (0x0 + SIZEOF_HEADERS)

.note.gnu.build-id
                0x0000000000000114       0x24
 *(.note.gnu.build-id)
 .note.gnu.build-id
                0x0000000000000114       0x24 /usr/lib/gcc/i686-linux-gnu/5/../../../i386-linux-gnu/crti.o

.hash
 *(.hash)

.gnu.hash       0x0000000000000138     0x15b0
 *(.gnu.hash)
 .gnu.hash      0x0000000000000138     0x15b0 /usr/lib/gcc/i686-linux-gnu/5/../../../i386-linux-gnu/crti.o

.dynsym         0x00000000000016e8     0x2f80
 *(.dynsym)
 .dynsym        0x00000000000016e8     0x2f80 /usr/lib/gcc/i686-linux-gnu/5/../../../i386-linux-gnu/crti.o

.dynstr         0x0000000000004668     0x370f
 *(.dynstr)
 .dynstr        0x0000000000004668     0x370f /usr/lib/gcc/i686-linux-gnu/5/../../../i386-linux-gnu/crti.o

.gnu.version    0x0000000000007d78      0x5f0
 *(.gnu.version)
 .gnu.version   0x0000000000007d78      0x5f0 /usr/lib/gcc/i686-linux-gnu/5/../../../i386-linux-gnu/crti.o

.gnu.version_d  0x0000000000008368        0x0
 *(.gnu.version_d)
 .gnu.version_d
                0x0000000000008368        0x0 /usr/lib/gcc/i686-linux-gnu/5/../../../i386-linux-gnu/crti.o

.gnu.version_r  0x0000000000008368       0x40
 *(.gnu.version_r)
 .gnu.version_r
                0x0000000000008368       0x40 /usr/lib/gcc/i686-linux-gnu/5/../../../i386-linux-gnu/crti.o

.rel.dyn        0x00000000000083a8     0x9770
 *(.rel.init)
 .rel.init      0x00000000000083a8        0x0 /usr/lib/gcc/i686-linux-gnu/5/../../../i386-linux-gnu/crti.o
 *(.rel.text .rel.text.* .rel.gnu.linkonce.t.*)
 .rel.text      0x00000000000083a8     0x8d50 /usr/lib/gcc/i686-linux-gnu/5/../../../i386-linux-gnu/crti.o
 *(.rel.fini)
 .rel.fini      0x00000000000110f8        0x0 /usr/lib/gcc/i686-linux-gnu/5/../../../i386-linux-gnu/crti.o
 *(.rel.rodata .rel.rodata.* .rel.gnu.linkonce.r.*)
 .rel.rodata    0x00000000000110f8      0x588 /usr/lib/gcc/i686-linux-gnu/5/../../../i386-linux-gnu/crti.o
 *(.rel.data.rel.ro .rel.data.rel.ro.* .rel.gnu.linkonce.d.rel.ro.*)
 *(.rel.data .rel.data.* .rel.gnu.linkonce.d.*)
 .rel.data.rel.local
                0x0000000000011680        0x8 /usr/lib/gcc/i686-linux-gnu/5/../../../i386-linux-gnu/crti.o
 .rel.data      0x0000000000011688      0x458 /usr/lib/gcc/i686-linux-gnu/5/../../../i386-linux-gnu/crti.o
 *(.rel.tdata .rel.tdata.* .rel.gnu.linkonce.td.*)
 *(.rel.tbss .rel.tbss.* .rel.gnu.linkonce.tb.*)
 *(.rel.ctors)
 *(.rel.dtors)
 *(.rel.got)
 .rel.got       0x0000000000011ae0       0x28 /usr/lib/gcc/i686-linux-gnu/5/../../../i386-linux-gnu/crti.o
 *(.rel.bss .rel.bss.* .rel.gnu.linkonce.b.*)
 *(.rel.ifunc)
 .rel.ifunc     0x0000000000011b08        0x0 /usr/lib/gcc/i686-linux-gnu/5/../../../i386-linux-gnu/crti.o
 .rel.fini_array
                0x0000000000011b08        0x8 /usr/lib/gcc/i686-linux-gnu/5/../../../i386-linux-gnu/crti.o
 .rel.init_array
                0x0000000000011b10        0x8 /usr/lib/gcc/i686-linux-gnu/5/../../../i386-linux-gnu/crti.o

.rel.plt        0x0000000000011b18        0x0
 *(.rel.plt)
 .rel.plt       0x0000000000011b18        0x0 /usr/lib/gcc/i686-linux-gnu/5/../../../i386-linux-gnu/crti.o
 *(.rel.iplt)

.init           0x0000000000011b18       0x23
 *(SORT(.init))
 .init          0x0000000000011b18       0x1e /usr/lib/gcc/i686-linux-gnu/5/../../../i386-linux-gnu/crti.o
                0x0000000000011b18                _init
 .init          0x0000000000011b36        0x5 /usr/lib/gcc/i686-linux-gnu/5/../../../i386-linux-gnu/crtn.o

.plt            0x0000000000011b40       0x10
 *(.plt)
 .plt           0x0000000000011b40       0x10 /usr/lib/gcc/i686-linux-gnu/5/../../../i386-linux-gnu/crti.o
 *(.iplt)

.plt.got        0x0000000000011b50       0x10
 *(.plt.got)
 .plt.got       0x0000000000011b50       0x10 /usr/lib/gcc/i686-linux-gnu/5/../../../i386-linux-gnu/crti.o

.text           0x0000000000011b60    0x19252
 *(.text.unlikely .text.*_unlikely .text.unlikely.*)
 .text.unlikely
                0x0000000000011b60        0x0 /usr/lib/gcc/i686-linux-gnu/5/crtbeginS.o
 .text.unlikely
                0x0000000000011b60        0x0 /usr/lib/gcc/i686-linux-gnu/5/libgcc.a(_udivdi3.o)
 *(.text.exit .text.exit.*)
 *(.text.startup .text.startup.*)
 *(.text.hot .text.hot.*)
 *(.text .stub .text.* .gnu.linkonce.t.*)
 .text          0x0000000000011b60        0x0 /usr/lib/gcc/i686-linux-gnu/5/../../../i386-linux-gnu/crti.o
 .gnu.linkonce.t.__x86.get_pc_thunk.bx
                0x0000000000011b60        0x4 /usr/lib/gcc/i686-linux-gnu/5/../../../i386-linux-gnu/crti.o
                0x0000000000011b60                __x86.get_pc_thunk.bx
 *fill*         0x0000000000011b64        0xc 
 .text          0x0000000000011b70      0x11c /usr/lib/gcc/i686-linux-gnu/5/crtbeginS.o
 .text.__x86.get_pc_thunk.dx
                0x0000000000011c8c        0x4 /usr/lib/gcc/i686-linux-gnu/5/crtbeginS.o
                0x0000000000011c8c                __x86.get_pc_thunk.dx
 .text          0x0000000000011c90      0x351 device.o
                0x0000000000011c90                client_chunk_handler
 .text          0x0000000000011fe1      0x283 build/cooja/mtype347.o
                0x0000000000012073                platform_init_stage_one
                0x0000000000012086                platform_init_stage_two
                0x0000000000012099                platform_init_stage_three
                0x00000000000120ac                platform_main_loop
                0x000000000001211f                Java_org_contikios_cooja_corecomm_Lib4_init
                0x0000000000012156                Java_org_contikios_cooja_corecomm_Lib4_getMemory
                0x0000000000012189                Java_org_contikios_cooja_corecomm_Lib4_setMemory
                0x00000000000121e9                Java_org_contikios_cooja_corecomm_Lib4_tick
                0x0000000000012251                Java_org_contikios_cooja_corecomm_Lib4_setReferenceAddress
 .text          0x0000000000012264       0x65 build/cooja/mtype347.a(simEnvChange.o)
                0x0000000000012264                doActionsBeforeTick
                0x0000000000012296                doActionsAfterTick
 .text          0x00000000000122c9       0x83 build/cooja/mtype347.a(cooja_mt.o)
                0x00000000000122c9                cooja_mt_start
                0x00000000000122f3                cooja_mt_exec
                0x0000000000012329                cooja_mt_yield
 .text          0x000000000001234c       0xbe build/cooja/mtype347.a(cooja_mtarch.o)
                0x000000000001234c                cooja_mtarch_start
                0x00000000000123bf                cooja_sw
                0x00000000000123e2                cooja_mtarch_exec
                0x00000000000123ff                cooja_mtarch_yield
 .text          0x000000000001240a       0xc5 build/cooja/mtype347.a(rtimer-arch.o)
                0x000000000001240a                rtimer_arch_init
                0x000000000001242e                rtimer_arch_schedule
                0x000000000001245e                rtimer_arch_next
                0x000000000001246e                rtimer_arch_pending
                0x0000000000012478                rtimer_arch_check
                0x00000000000124bf                rtimer_arch_now
 .text          0x00000000000124cf       0x81 build/cooja/mtype347.a(beep.o)
                0x00000000000124cf                beep_alarm
                0x00000000000124dc                beep_beep
                0x00000000000124e9                beep
                0x00000000000124f6                beep_down
                0x0000000000012503                beep_on
                0x0000000000012510                beep_off
                0x000000000001251d                beep_spinup
                0x000000000001252a                beep_quick
                0x0000000000012537                beep_long
 .text          0x0000000000012550       0x65 build/cooja/mtype347.a(leds-arch.o)
                0x0000000000012563                leds_arch_init
 .text          0x00000000000125b5       0x35 build/cooja/mtype347.a(moteid.o)
 .text          0x00000000000125ea       0xb7 build/cooja/mtype347.a(pir-sensor.o)
 .text          0x00000000000126a1      0x148 build/cooja/mtype347.a(rs232.o)
                0x00000000000126a1                rs232_init
                0x00000000000126a7                rs232_set_speed
                0x00000000000126b6                rs232_set_input
                0x00000000000126c4                rs232_send
                0x00000000000126e8                rs232_print
                0x0000000000012704                slip_arch_writeb
 .text          0x00000000000127e9       0xb7 build/cooja/mtype347.a(vib-sensor.o)
 .text          0x00000000000128a0       0x38 build/cooja/mtype347.a(clock.o)
                0x00000000000128a0                clock_init
                0x00000000000128a6                clock_time
                0x00000000000128b0                clock_seconds
                0x00000000000128c6                clock_delay
 .text          0x00000000000128d8      0x219 build/cooja/mtype347.a(cooja-log.o)
                0x00000000000128d8                simlog_char
                0x000000000001291b                simlog
                0x0000000000012991                log_message
                0x00000000000129c2                log_set_putchar_with_slip
                0x00000000000129d0                log_putchar
                0x0000000000012a4b                log_puts
                0x0000000000012a73                log_printf
 .text          0x0000000000012af1      0x2b9 build/cooja/mtype347.a(cfs-cooja.o)
                0x0000000000012af1                cfs_open
                0x0000000000012b5a                cfs_close
                0x0000000000012b67                cfs_read
                0x0000000000012bfc                cfs_write
                0x0000000000012cd8                cfs_seek
                0x0000000000012d60                cfs_remove
                0x0000000000012d84                cfs_opendir
                0x0000000000012d8e                cfs_readdir
                0x0000000000012d98                cfs_closedir
 .text          0x0000000000012daa      0x620 build/cooja/mtype347.a(cooja-radio.o)
                0x0000000000012dec                radio_set_channel
                0x0000000000012dfa                radio_set_txpower
                0x0000000000012e12                radio_signal_strength_last
                0x0000000000012e1c                radio_signal_strength_current
                0x0000000000012e26                radio_LQI
 .text          0x00000000000133ca       0xee build/cooja/mtype347.a(eeprom.o)
                0x00000000000133ca                eeprom_init
                0x00000000000133d0                eeprom_read
                0x000000000001343e                eeprom_write
 .text          0x00000000000134b8       0x2d build/cooja/mtype347.a(random.o)
                0x00000000000134b8                random_init
                0x00000000000134d8                random_rand
 .text          0x00000000000134e5      0x29c build/cooja/mtype347.a(sensors.o)
                0x0000000000013520                sensors_first
                0x000000000001352a                sensors_next
                0x0000000000013544                sensors_changed
                0x0000000000013578                sensors_find
 .text          0x0000000000013781      0x349 build/cooja/mtype347.a(leds.o)
                0x0000000000013781                leds_init
                0x00000000000137c8                leds_single_on
                0x0000000000013827                leds_single_off
                0x0000000000013886                leds_single_toggle
                0x00000000000138b8                leds_on
                0x000000000001393a                leds_off
                0x00000000000139bc                leds_toggle
                0x0000000000013a11                leds_set
                0x0000000000013a3d                leds_get
 .text          0x0000000000013aca      0x343 build/cooja/mtype347.a(gpio-hal-arch.o)
                0x0000000000013aca                gpio_hal_arch_register_pin_callback
                0x0000000000013b36                gpio_hal_arch_init
                0x0000000000013b7b                gpio_hal_arch_no_port_interrupt_enable
                0x0000000000013bab                gpio_hal_arch_no_port_interrupt_disable
                0x0000000000013bdb                gpio_hal_arch_no_port_pin_cfg_set
                0x0000000000013c00                gpio_hal_arch_no_port_pin_cfg_get
                0x0000000000013c26                gpio_hal_arch_no_port_pin_set_input
                0x0000000000013c38                gpio_hal_arch_no_port_pin_set_output
                0x0000000000013c4a                gpio_hal_arch_no_port_set_pin
                0x0000000000013c6b                gpio_hal_arch_no_port_clear_pin
                0x0000000000013c8c                gpio_hal_arch_no_port_read_pin
                0x0000000000013cb2                gpio_hal_arch_no_port_write_pin
                0x0000000000013cdc                gpio_hal_arch_no_port_set_pins
                0x0000000000013d23                gpio_hal_arch_no_port_clear_pins
                0x0000000000013d6a                gpio_hal_arch_no_port_read_pins
                0x0000000000013dad                gpio_hal_arch_no_port_write_pins
 .text          0x0000000000013e0d       0x89 build/cooja/mtype347.a(buttons.o)
 .text          0x0000000000013e96      0x4fd build/cooja/mtype347.a(bin.o)
 .text          0x0000000000014393      0x26b build/cooja/mtype347.a(res_unregister.)
 .text          0x00000000000145fe      0x27b build/cooja/mtype347.a(coap-blocking-a)
                0x00000000000145fe                coap_blocking_request_callback
                0x0000000000014628                coap_blocking_request
 .text          0x0000000000014879      0xbea build/cooja/mtype347.a(coap-engine.o)
                0x000000000001490e                coap_add_handler
                0x000000000001492b                coap_remove_handler
                0x0000000000014948                coap_call_handlers
                0x0000000000014a50                coap_receive
                0x000000000001504b                coap_engine_init
                0x00000000000150a9                coap_activate_resource
                0x0000000000015154                coap_get_first_resource
                0x000000000001516d                coap_get_next_resource
 .text          0x0000000000015463      0x2d9 build/cooja/mtype347.a(coap-res-well-k)
 .text          0x000000000001573c      0x96a build/cooja/mtype347.a(coap-observe.o)
                0x0000000000015851                coap_remove_observer
                0x0000000000015881                coap_remove_observer_by_client
                0x00000000000158e9                coap_remove_observer_by_token
                0x000000000001597c                coap_remove_observer_by_uri
                0x0000000000015a23                coap_remove_observer_by_mid
                0x0000000000015a9f                coap_notify_observers
                0x0000000000015ab8                coap_notify_observers_sub
                0x0000000000015f22                coap_observe_handler
                0x000000000001603d                coap_has_observers
 .text          0x00000000000160a6      0x733 build/cooja/mtype347.a(coap-uip.o)
                0x00000000000160a6                coap_endpoint_log
                0x000000000001612c                coap_endpoint_print
                0x00000000000161b2                coap_endpoint_snprint
                0x00000000000162e5                coap_endpoint_copy
                0x0000000000016322                coap_endpoint_cmp
                0x0000000000016430                coap_endpoint_parse
                0x000000000001661b                coap_endpoint_is_secure
                0x000000000001662a                coap_endpoint_is_connected
                0x000000000001665e                coap_endpoint_connect
                0x000000000001667a                coap_endpoint_disconnect
                0x0000000000016680                coap_databuf
                0x000000000001668a                coap_transport_init
                0x00000000000166da                coap_sendto
 .text          0x00000000000167d9      0x324 build/cooja/mtype347.a(coap-timer.o)
                0x00000000000168d6                coap_timer_stop
                0x0000000000016901                coap_timer_set
                0x0000000000016944                coap_timer_reset
                0x0000000000016987                coap_timer_time_to_next_expiration
                0x00000000000169f3                coap_timer_run
                0x0000000000016abf                coap_timer_init
 .text          0x0000000000016afd      0x2c6 build/cooja/mtype347.a(coap-transactio)
                0x0000000000016b63                coap_new_transaction
                0x0000000000016bc9                coap_send_transaction
                0x0000000000016d2a                coap_clear_transaction
                0x0000000000016d72                coap_get_transaction_by_mid
 .text          0x0000000000016dc3     0x1c53 build/cooja/mtype347.a(coap.o)
                0x0000000000017330                coap_init_connection
                0x0000000000017344                coap_get_mid
                0x0000000000017360                coap_init_message
                0x00000000000173a9                coap_serialize_message
                0x0000000000017a2b                coap_parse_message
                0x0000000000018092                coap_get_query_variable
                0x00000000000180d4                coap_get_post_variable
                0x0000000000018118                coap_set_status_code
                0x000000000001813d                coap_set_token
                0x0000000000018184                coap_get_header_content_format
                0x00000000000181b5                coap_set_header_content_format
                0x00000000000181d8                coap_get_header_accept
                0x0000000000018209                coap_set_header_accept
                0x000000000001822c                coap_get_header_max_age
                0x000000000001825d                coap_set_header_max_age
                0x000000000001827d                coap_get_header_etag
                0x00000000000182af                coap_set_header_etag
                0x0000000000018306                coap_get_header_if_match
                0x0000000000018338                coap_set_header_if_match
                0x000000000001838f                coap_get_header_if_none_match
                0x00000000000183a9                coap_set_header_if_none_match
                0x00000000000183c0                coap_get_header_proxy_uri
                0x00000000000183ee                coap_set_header_proxy_uri
                0x000000000001842b                coap_get_header_uri_host
                0x0000000000018459                coap_set_header_uri_host
                0x0000000000018496                coap_get_header_uri_path
                0x00000000000184c4                coap_set_header_uri_path
                0x0000000000018511                coap_get_header_uri_query
                0x0000000000018545                coap_set_header_uri_query
                0x000000000001859b                coap_get_header_location_path
                0x00000000000185c9                coap_set_header_location_path
                0x0000000000018662                coap_get_header_location_query
                0x0000000000018690                coap_set_header_location_query
                0x00000000000186dd                coap_get_header_observe
                0x000000000001870c                coap_set_header_observe
                0x000000000001872c                coap_get_header_block2
                0x0000000000018798                coap_set_header_block2
                0x000000000001880f                coap_get_header_block1
                0x0000000000018884                coap_set_header_block1
                0x00000000000188ff                coap_get_header_size2
                0x000000000001892f                coap_set_header_size2
                0x0000000000018952                coap_get_header_size1
                0x0000000000018982                coap_set_header_size1
                0x00000000000189a5                coap_get_payload
                0x00000000000189df                coap_set_payload
 .text          0x0000000000018a16      0x332 build/cooja/mtype347.a(contiki-main.o)
                0x0000000000018a16                main
 .text          0x0000000000018d48       0x92 build/cooja/mtype347.a(autostart.o)
                0x0000000000018d48                autostart_start
                0x0000000000018d92                autostart_exit
 .text          0x0000000000018dda      0x355 build/cooja/mtype347.a(ctimer.o)
                0x0000000000018f02                ctimer_init
                0x0000000000018f35                ctimer_set
                0x0000000000018f5b                ctimer_set_with_process
                0x0000000000018fd8                ctimer_reset
                0x000000000001902c                ctimer_restart
                0x0000000000019080                ctimer_stop
                0x00000000000190d0                ctimer_expired
 .text          0x000000000001912f      0x394 build/cooja/mtype347.a(log.o)
                0x000000000001912f                log_6addr
                0x0000000000019182                log_6addr_compact_snprint
                0x0000000000019220                log_6addr_compact
                0x0000000000019273                log_lladdr
                0x00000000000192e5                log_lladdr_compact
                0x000000000001934d                log_set_level
                0x0000000000019408                log_get_level
                0x0000000000019481                log_level_to_str
 .text          0x00000000000194c3       0x1b build/cooja/mtype347.a(energest.o)
                0x00000000000194c3                energest_init
                0x00000000000194c9                energest_flush
                0x00000000000194cf                energest_get_total_time
 .text          0x00000000000194de      0x43f build/cooja/mtype347.a(etimer.o)
                0x0000000000019702                etimer_request_poll
                0x000000000001978b                etimer_set
                0x00000000000197b4                etimer_reset_with_new_interval
                0x00000000000197e3                etimer_reset
                0x0000000000019809                etimer_restart
                0x000000000001982f                etimer_adjust
                0x000000000001984c                etimer_expired
                0x000000000001985f                etimer_expiration_time
                0x0000000000019871                etimer_start_time
                0x000000000001987b                etimer_pending
                0x000000000001988d                etimer_next_expiration_time
                0x00000000000198a7                etimer_stop
 .text          0x000000000001991d       0x25 build/cooja/mtype347.a(node-id.o)
                0x000000000001991d                node_id_init
 .text          0x0000000000019942       0xeb build/cooja/mtype347.a(rtimer.o)
                0x0000000000019942                rtimer_init
                0x0000000000019950                rtimer_set
                0x00000000000199cb                rtimer_run_next
 .text          0x0000000000019a2d      0x4fb build/cooja/mtype347.a(process.o)
                0x0000000000019a2d                process_alloc_event
                0x0000000000019a42                process_start
                0x0000000000019c1c                process_exit
                0x0000000000019c39                process_init
                0x0000000000019dce                process_run
                0x0000000000019e01                process_nevents
                0x0000000000019e1c                process_post
                0x0000000000019eaf                process_post_synch
                0x0000000000019ee4                process_poll
                0x0000000000019f14                process_is_running
 .text          0x0000000000019f28       0xb1 build/cooja/mtype347.a(timer.o)
                0x0000000000019f28                timer_set
                0x0000000000019f46                timer_reset
                0x0000000000019f73                timer_restart
                0x0000000000019f88                timer_expired
                0x0000000000019fb5                timer_remaining
 .text          0x0000000000019fd9      0x28f build/cooja/mtype347.a(list.o)
                0x0000000000019fd9                list_init
                0x0000000000019fe8                list_head
                0x0000000000019ff2                list_copy
                0x000000000001a002                list_tail
                0x000000000001a038                list_add
                0x000000000001a084                list_push
                0x000000000001a0b0                list_chop
                0x000000000001a11a                list_pop
                0x000000000001a142                list_remove
                0x000000000001a1aa                list_length
                0x000000000001a1d8                list_insert
                0x000000000001a21d                list_item_next
                0x000000000001a234                list_contains
 .text          0x000000000001a268      0x1b5 build/cooja/mtype347.a(memb.o)
                0x000000000001a268                memb_init
                0x000000000001a2bd                memb_alloc
                0x000000000001a320                memb_free
                0x000000000001a397                memb_inmemb
                0x000000000001a3d6                memb_numfree
 .text          0x000000000001a41d      0x41c build/cooja/mtype347.a(button-hal.o)
                0x000000000001a596                button_hal_get_by_id
                0x000000000001a5d4                button_hal_get_by_index
                0x000000000001a600                button_hal_get_state
                0x000000000001a652                button_hal_init
 .text          0x000000000001a839      0x1f3 build/cooja/mtype347.a(serial-line.o)
                0x000000000001a839                serial_line_input_byte
                0x000000000001a9f7                serial_line_init
 .text          0x000000000001aa2c      0x168 build/cooja/mtype347.a(gpio-hal.o)
                0x000000000001aa2c                gpio_hal_register_handler
                0x000000000001aa49                gpio_hal_event_handler
                0x000000000001aaa5                gpio_hal_init
                0x000000000001aac4                gpio_hal_arch_port_toggle_pin
                0x000000000001ab00                gpio_hal_arch_port_toggle_pins
                0x000000000001ab2e                gpio_hal_arch_no_port_toggle_pin
                0x000000000001ab6c                gpio_hal_arch_no_port_toggle_pins
 .text          0x000000000001ab94      0x2e7 build/cooja/mtype347.a(queuebuf.o)
                0x000000000001ab9e                queuebuf_init
                0x000000000001abc7                queuebuf_numfree
                0x000000000001abdf                queuebuf_new_from_packetbuf
                0x000000000001ac7e                queuebuf_update_attr_from_packetbuf
                0x000000000001acb3                queuebuf_update_from_packetbuf
                0x000000000001ad03                queuebuf_free
                0x000000000001ad4c                queuebuf_to_packetbuf
                0x000000000001adb8                queuebuf_dataptr
                0x000000000001adf2                queuebuf_datalen
                0x000000000001ae15                queuebuf_addr
                0x000000000001ae4a                queuebuf_attr
                0x000000000001ae75                queuebuf_debug_print
 .text          0x000000000001ae7b      0x407 build/cooja/mtype347.a(packetbuf.o)
                0x000000000001ae7b                packetbuf_clear
                0x000000000001aea6                packetbuf_copyfrom
                0x000000000001aef5                packetbuf_copyto
                0x000000000001af88                packetbuf_hdralloc
                0x000000000001b004                packetbuf_hdrreduce
                0x000000000001b04a                packetbuf_set_datalen
                0x000000000001b064                packetbuf_dataptr
                0x000000000001b081                packetbuf_hdrptr
                0x000000000001b08b                packetbuf_datalen
                0x000000000001b097                packetbuf_hdrlen
                0x000000000001b0ae                packetbuf_totlen
                0x000000000001b0c4                packetbuf_remaininglen
                0x000000000001b0d7                packetbuf_attr_clear
                0x000000000001b123                packetbuf_attr_copyto
                0x000000000001b17b                packetbuf_attr_copyfrom
                0x000000000001b1d3                packetbuf_set_attr
                0x000000000001b1fd                packetbuf_attr
                0x000000000001b217                packetbuf_set_addr
                0x000000000001b248                packetbuf_addr
                0x000000000001b265                packetbuf_holds_broadcast
 .text          0x000000000001b282       0xef build/cooja/mtype347.a(netstack.o)
                0x000000000001b282                netstack_process_ip_callback
                0x000000000001b313                netstack_ip_packet_processor_add
                0x000000000001b336                uip_ds6_ip_packet_processor_rm
                0x000000000001b353                netstack_init
 .text          0x000000000001b371       0x4f build/cooja/mtype347.a(linkaddr.o)
                0x000000000001b371                linkaddr_copy
                0x000000000001b387                linkaddr_cmp
                0x000000000001b3aa                linkaddr_set_node_addr
 .text          0x000000000001b3c0      0x1f6 build/cooja/mtype347.a(csma.o)
 .text          0x000000000001b5b6      0x95d build/cooja/mtype347.a(csma-output.o)
                0x000000000001bc4d                csma_output_packet
                0x000000000001beda                csma_output_init
 .text          0x000000000001bf13      0xc11 build/cooja/mtype347.a(uip-ds6.o)
                0x000000000001bf13                uip_ds6_default_prefix
                0x000000000001bf1d                uip_ds6_set_default_prefix
                0x000000000001bf48                uip_ds6_init
                0x000000000001c1aa                uip_ds6_periodic
                0x000000000001c231                uip_ds6_list_loop
                0x000000000001c2f1                uip_ds6_prefix_add
                0x000000000001c39d                uip_ds6_prefix_rm
                0x000000000001c3b0                uip_ds6_prefix_lookup
                0x000000000001c3ef                uip_ds6_is_addr_onlink
                0x000000000001c462                uip_ds6_addr_add
                0x000000000001c582                uip_ds6_addr_rm
                0x000000000001c62b                uip_ds6_addr_lookup
                0x000000000001c664                uip_ds6_get_link_local
                0x000000000001c6e5                uip_ds6_get_global
                0x000000000001c766                uip_ds6_maddr_add
                0x000000000001c7c6                uip_ds6_maddr_rm
                0x000000000001c7d9                uip_ds6_maddr_lookup
                0x000000000001c812                uip_ds6_aaddr_add
                0x000000000001c872                uip_ds6_aaddr_rm
                0x000000000001c885                uip_ds6_aaddr_lookup
                0x000000000001c8be                uip_ds6_select_src
                0x000000000001ca07                uip_ds6_set_addr_iid
                0x000000000001ca32                uip_ds6_set_lladdr_from_iid
                0x000000000001ca5b                get_match_length
                0x000000000001caec                uip_ds6_compute_reachable_time
 .text          0x000000000001cb24      0x128 build/cooja/mtype347.a(uip-udp-packet.)
                0x000000000001cb24                uip_udp_packet_send
                0x000000000001cb7f                uip_udp_packet_sendto
 .text          0x000000000001cc4c      0xa3c build/cooja/mtype347.a(uip-ds6-route.o)
                0x000000000001cd36                uip_ds6_notification_add
                0x000000000001cd68                uip_ds6_notification_rm
                0x000000000001cd85                uip_ds6_route_init
                0x000000000001ce24                uip_ds6_route_nexthop
                0x000000000001ce53                uip_ds6_route_head
                0x000000000001ce6c                uip_ds6_route_next
                0x000000000001ce95                uip_ds6_route_is_nexthop
                0x000000000001ced7                uip_ds6_route_num_routes
                0x000000000001cee1                uip_ds6_route_lookup
                0x000000000001cfb8                uip_ds6_route_add
                0x000000000001d1f8                uip_ds6_route_rm
                0x000000000001d396                uip_ds6_route_rm_by_nexthop
                0x000000000001d3d5                uip_ds6_defrt_head
                0x000000000001d3ee                uip_ds6_defrt_add
                0x000000000001d4af                uip_ds6_defrt_rm
                0x000000000001d530                uip_ds6_defrt_lookup
                0x000000000001d597                uip_ds6_defrt_choose
                0x000000000001d60d                uip_ds6_defrt_periodic
 .text          0x000000000001d688      0x6f7 build/cooja/mtype347.a(tcpip.o)
                0x000000000001d6a2                tcpip_output
                0x000000000001d721                udp_attach
                0x000000000001d739                udp_new
                0x000000000001d783                udp_broadcast_new
                0x000000000001d8f5                tcpip_input
                0x000000000001da85                tcpip_ipv6_output
                0x000000000001dc79                tcpip_poll_udp
                0x000000000001dc97                tcpip_uipcall
 .text          0x000000000001dd7f     0x1205 build/cooja/mtype347.a(uip6.o)
                0x000000000001de2e                uip_chksum
                0x000000000001df05                uip_icmp6chksum
                0x000000000001df1a                uip_udpchksum
                0x000000000001df2f                uip_init
                0x000000000001df78                uip_remove_ext_hdr
                0x000000000001e052                uip_udp_new
                0x000000000001e366                uip_process
                0x000000000001ee5e                uip_htons
                0x000000000001ee80                uip_htonl
                0x000000000001eebe                uip_send
 .text          0x000000000001ef84      0x369 build/cooja/mtype347.a(uip-ds6-nbr.o)
                0x000000000001ef84                uip_ds6_neighbors_init
                0x000000000001efa8                uip_ds6_nbr_add
                0x000000000001f02e                uip_ds6_nbr_rm
                0x000000000001f079                uip_ds6_nbr_update_ll
                0x000000000001f167                uip_ds6_nbr_get_ipaddr
                0x000000000001f17c                uip_ds6_nbr_get_ll
                0x000000000001f198                uip_ds6_nbr_num
                0x000000000001f1e1                uip_ds6_nbr_head
                0x000000000001f1fa                uip_ds6_nbr_next
                0x000000000001f216                uip_ds6_nbr_lookup
                0x000000000001f26e                uip_ds6_nbr_ll_lookup
                0x000000000001f28a                uip_ds6_nbr_ipaddr_from_lladdr
                0x000000000001f2b3                uip_ds6_nbr_lladdr_from_ipaddr
                0x000000000001f2e7                uip_ds6_link_callback
 .text          0x000000000001f2ed      0x6a7 build/cooja/mtype347.a(uip-nd6.o)
                0x000000000001f97b                uip_nd6_init
 .text          0x000000000001f994     0x2c17 build/cooja/mtype347.a(sicslowpan.o)
                0x000000000001ff9b                netstack_sniffer_add
                0x000000000001ffa9                netstack_sniffer_remove
                0x000000000002257f                sicslowpan_init
                0x00000000000225a1                sicslowpan_get_last_rssi
 .text          0x00000000000225ab      0x4d1 build/cooja/mtype347.a(uiplib.o)
                0x00000000000225ab                uiplib_ip6addrconv
                0x0000000000022763                uiplib_ip4addrconv
                0x0000000000022826                uiplib_ipaddr_print
                0x0000000000022879                uiplib_ipaddr_snprint
 .text          0x0000000000022a7c      0x4c9 build/cooja/mtype347.a(rpl.o)
                0x0000000000022a7c                rpl_lollipop_greater_than
                0x0000000000022ad6                rpl_get_global_address
                0x0000000000022bce                rpl_link_callback
                0x0000000000022c12                rpl_has_joined
                0x0000000000022c37                rpl_is_reachable
                0x0000000000022cb8                rpl_reset_prefix
                0x0000000000022d22                rpl_set_prefix_from_addr
                0x0000000000022e07                rpl_set_prefix
                0x0000000000022f21                rpl_set_leaf_only
                0x0000000000022f39                rpl_get_leaf_only
 .text          0x0000000000022f45     0x138c build/cooja/mtype347.a(rpl-icmp6.o)
                0x000000000002306a                rpl_icmp6_update_nbr_table
                0x00000000000230f3                rpl_icmp6_dis_output
                0x0000000000023739                rpl_icmp6_dio_output
                0x0000000000023f37                rpl_icmp6_dao_output
                0x0000000000024218                rpl_icmp6_dao_ack_output
                0x0000000000024288                rpl_icmp6_init
 .text          0x00000000000242d1      0x264 build/cooja/mtype347.a(rpl-dag-root.o)
                0x00000000000242d1                rpl_dag_root_print_links
                0x00000000000243fd                rpl_dag_root_set_prefix
                0x0000000000024429                rpl_dag_root_start
                0x0000000000024506                rpl_dag_root_is_root
 .text          0x0000000000024535       0x30 build/cooja/mtype347.a(watchdog.o)
                0x0000000000024535                watchdog_init
                0x000000000002453b                watchdog_start
                0x0000000000024541                watchdog_periodic
                0x0000000000024559                watchdog_stop
                0x000000000002455f                watchdog_reboot
 .text          0x0000000000024565       0x4a build/cooja/mtype347.a(int-master.o)
                0x0000000000024565                int_master_enable
                0x0000000000024575                int_master_read_and_disable
                0x0000000000024592                int_master_status_set
                0x00000000000245a0                int_master_is_enabled
 .text          0x00000000000245af      0x226 build/cooja/mtype347.a(coap-timer-defa)
 .text          0x00000000000247d5       0xc7 build/cooja/mtype347.a(stimer.o)
                0x00000000000247d5                stimer_set
                0x00000000000247f3                stimer_reset
                0x0000000000024820                stimer_restart
                0x0000000000024835                stimer_expired
                0x0000000000024860                stimer_remaining
                0x0000000000024884                stimer_elapsed
 .text          0x000000000002489c      0x156 build/cooja/mtype347.a(ringbuf.o)
                0x000000000002489c                ringbuf_init
                0x00000000000248ce                ringbuf_put
                0x000000000002494c                ringbuf_get
                0x00000000000249b9                ringbuf_size
                0x00000000000249cb                ringbuf_elements
 .text          0x00000000000249f2       0x1f build/cooja/mtype347.a(assert.o)
                0x00000000000249f2                _xassert
 .text          0x0000000000024a11      0x79b build/cooja/mtype347.a(nbr-table.o)
                0x0000000000024e8a                nbr_table_register
                0x0000000000024ef7                nbr_table_is_registered
                0x0000000000024f32                nbr_table_head
                0x0000000000024f8d                nbr_table_next
                0x0000000000024fee                nbr_table_add_lladdr
                0x00000000000250c8                nbr_table_get_from_lladdr
                0x0000000000025114                nbr_table_remove
                0x000000000002514c                nbr_table_lock
                0x0000000000025166                nbr_table_unlock
                0x0000000000025180                nbr_table_get_lladdr
 .text          0x00000000000251ac      0x3a5 build/cooja/mtype347.a(link-stats.o)
                0x00000000000251ac                link_stats_from_lladdr
                0x00000000000251c8                link_stats_get_lladdr
                0x00000000000251e4                link_stats_is_fresh
                0x0000000000025220                guess_etx_from_rssi
                0x000000000002529c                link_stats_packet_sent
                0x00000000000253bc                link_stats_input_callback
                0x00000000000254cc                link_stats_reset
                0x000000000002551c                link_stats_init
 .text          0x0000000000025551      0x187 build/cooja/mtype347.a(mac-sequence.o)
                0x0000000000025551                mac_sequence_is_duplicate
                0x00000000000255f1                mac_sequence_register_seqno
 .text          0x00000000000256d8       0x23 build/cooja/mtype347.a(mac.o)
                0x00000000000256d8                mac_call_sent_callback
 .text          0x00000000000256fb      0x432 build/cooja/mtype347.a(framer-802154.o)
                0x000000000002588a                framer_802154_setup_params
 .text          0x0000000000025b2d      0xb6f build/cooja/mtype347.a(frame802154.o)
                0x0000000000025b5e                frame802154_get_pan_id
                0x0000000000025b6a                frame802154_set_pan_id
                0x0000000000025b84                frame802154_has_panid
                0x0000000000025d33                frame802154_check_dest_panid
                0x0000000000025dbb                frame802154_is_broadcast_addr
                0x0000000000025e08                frame802154_extract_linkaddr
                0x000000000002606d                frame802154_hdrlen
                0x00000000000260e0                frame802154_create_fcf
                0x0000000000026198                frame802154_create
                0x000000000002630d                frame802154_parse_fcf
                0x00000000000263ef                frame802154_parse
 .text          0x000000000002669c       0x2d build/cooja/mtype347.a(csma-security.o)
                0x000000000002669c                csma_security_create_frame
                0x00000000000266ba                csma_security_parse_frame
 .text          0x00000000000266c9      0x4e4 build/cooja/mtype347.a(uipbuf.o)
                0x00000000000266c9                uipbuf_clear
                0x00000000000266f0                uipbuf_add_ext_hdr
                0x0000000000026770                uipbuf_set_len
                0x000000000002679d                uipbuf_set_len_field
                0x00000000000267c9                uipbuf_get_len_field
                0x00000000000267e9                uipbuf_get_next_header
                0x000000000002691b                uipbuf_get_last_header
                0x0000000000026994                uipbuf_search_header
                0x0000000000026a4a                uipbuf_get_attr
                0x0000000000026a71                uipbuf_set_attr
                0x0000000000026aa8                uipbuf_set_default_attr
                0x0000000000026adf                uipbuf_clear_attr
                0x0000000000026b03                uipbuf_set_attr_flag
                0x0000000000026b24                uipbuf_clr_attr_flag
                0x0000000000026b4b                uipbuf_is_attr_flag
                0x0000000000026b6f                uipbuf_init
 .text          0x0000000000026bad      0x73f build/cooja/mtype347.a(uip-icmp6.o)
                0x0000000000026c22                uip_icmp6_input
                0x0000000000026c79                uip_icmp6_register_input_handler
                0x0000000000026dcc                uip_icmp6_error_output
                0x000000000002707d                uip_icmp6_send
                0x0000000000027274                uip_icmp6_echo_reply_callback_add
                0x00000000000272a6                uip_icmp6_echo_reply_callback_rm
                0x00000000000272c3                uip_icmp6_init
 .text          0x00000000000272ec      0x69b build/cooja/mtype347.a(uip-sr.o)
                0x00000000000272ec                uip_sr_num_nodes
                0x000000000002737a                uip_sr_get_node
                0x00000000000273d1                uip_sr_is_addr_reachable
                0x000000000002747f                uip_sr_expire_parent
                0x00000000000274c8                uip_sr_update_node
                0x00000000000275f8                uip_sr_init
                0x000000000002762c                uip_sr_node_head
                0x0000000000027645                uip_sr_node_next
                0x000000000002765b                uip_sr_periodic
                0x0000000000027761                uip_sr_free_all
                0x00000000000277d1                uip_sr_link_snprint
 .text          0x0000000000027987      0x146 build/cooja/mtype347.a(uip-packetqueue)
                0x00000000000279b5                uip_packetqueue_new
                0x00000000000279c4                uip_packetqueue_alloc
                0x0000000000027a1f                uip_packetqueue_free
                0x0000000000027a66                uip_packetqueue_buf
                0x0000000000027a83                uip_packetqueue_buflen
                0x0000000000027aa4                uip_packetqueue_set_buflen
 .text          0x0000000000027acd      0x1b0 build/cooja/mtype347.a(rpl-nbr-policy.)
                0x0000000000027c3a                rpl_nbr_policy_find_removable
 .text          0x0000000000027c7d      0x915 build/cooja/mtype347.a(rpl-neighbor.o)
                0x0000000000027cf9                rpl_neighbor_snprint
                0x0000000000027fac                rpl_neighbor_print_list
                0x0000000000028061                rpl_neighbor_count
                0x0000000000028108                rpl_neighbor_get_from_lladdr
                0x0000000000028124                rpl_neighbor_is_acceptable_parent
                0x0000000000028158                rpl_neighbor_get_link_metric
                0x000000000002818c                rpl_neighbor_rank_via_nbr
                0x00000000000281c0                rpl_neighbor_get_lladdr
                0x00000000000281dc                rpl_neighbor_get_ipaddr
                0x0000000000028203                rpl_neighbor_get_link_stats
                0x000000000002822a                rpl_neighbor_is_fresh
                0x0000000000028251                rpl_neighbor_is_reachable
                0x000000000002829c                rpl_neighbor_is_parent
                0x00000000000282c6                rpl_neighbor_set_preferred_parent
                0x000000000002835d                rpl_neighbor_remove_all
                0x00000000000283b9                rpl_neighbor_get_from_ipaddr
                0x00000000000284c7                rpl_neighbor_select_best
                0x0000000000028573                rpl_neighbor_init
 .text          0x0000000000028592      0xe69 build/cooja/mtype347.a(rpl-dag.o)
                0x0000000000028592                rpl_dag_state_to_str
                0x00000000000285d1                rpl_dag_get_root_ipaddr
                0x0000000000028619                rpl_dag_leave
                0x00000000000286a2                rpl_dag_poison_and_leave
                0x00000000000286ba                rpl_dag_periodic
                0x0000000000028742                rpl_is_addr_in_our_dag
                0x0000000000028786                rpl_get_default_instance
                0x00000000000287a2                rpl_get_any_dag
                0x00000000000287fb                rpl_refresh_routes
                0x000000000002883b                rpl_global_repair
                0x00000000000288d4                rpl_local_repair
                0x000000000002891e                rpl_dag_ready_to_advertise
                0x0000000000028961                rpl_dag_update_state
                0x000000000002908e                rpl_process_dio
                0x000000000002910c                rpl_process_dis
                0x0000000000029151                rpl_process_dao
                0x00000000000291e0                rpl_process_dao_ack
                0x0000000000029277                rpl_process_hbh
                0x00000000000292c7                rpl_dag_init_root
                0x00000000000293db                rpl_dag_init
 .text          0x00000000000293fb      0x9e7 build/cooja/mtype347.a(rpl-timers.o)
                0x00000000000293fb                rpl_timers_schedule_periodic_dis
                0x0000000000029549                rpl_timers_dio_reset
                0x0000000000029657                rpl_timers_schedule_unicast_dio
                0x00000000000297ab                rpl_timers_schedule_dao
                0x000000000002986a                rpl_timers_schedule_dao_ack
                0x00000000000298f0                rpl_timers_notify_dao_ack
                0x000000000002994e                get_probing_delay
                0x0000000000029982                get_probing_target
                0x0000000000029b6c                rpl_schedule_probing
                0x0000000000029b9a                rpl_schedule_probing_now
                0x0000000000029c04                rpl_timers_unschedule_leaving
                0x0000000000029c3c                rpl_timers_schedule_leaving
                0x0000000000029c7d                rpl_timers_init
                0x0000000000029d0d                rpl_timers_stop_dag_timers
                0x0000000000029d86                rpl_timers_unschedule_state_update
                0x0000000000029daa                rpl_timers_schedule_state_update
 .text          0x0000000000029de2      0xb8e build/cooja/mtype347.a(rpl-ext-header.)
                0x0000000000029de2                rpl_ext_header_srh_get_next_hop
                0x0000000000029ec9                rpl_ext_header_srh_update
                0x000000000002a435                rpl_ext_header_hbh_update
                0x000000000002a735                rpl_ext_header_update
                0x000000000002a7be                rpl_ext_header_remove
 .text          0x000000000002a970      0x31b build/cooja/mtype347.a(rpl-mrhof.o)
 *fill*         0x000000000002ac8b        0x5 
 .text          0x000000000002ac90      0x122 /usr/lib/gcc/i686-linux-gnu/5/libgcc.a(_udivdi3.o)
                0x000000000002ac90                __udivdi3
 .text          0x000000000002adb2        0x0 /usr/lib/gcc/i686-linux-gnu/5/crtendS.o
 .text          0x000000000002adb2        0x0 /usr/lib/gcc/i686-linux-gnu/5/../../../i386-linux-gnu/crtn.o
 *(.gnu.warning)

.fini           0x000000000002adb4       0x14
 *(SORT(.fini))
 .fini          0x000000000002adb4        0xf /usr/lib/gcc/i686-linux-gnu/5/../../../i386-linux-gnu/crti.o
                0x000000000002adb4                _fini
 .fini          0x000000000002adc3        0x5 /usr/lib/gcc/i686-linux-gnu/5/../../../i386-linux-gnu/crtn.o
                [!provide]                        PROVIDE (__etext, .)
                [!provide]                        PROVIDE (_etext, .)
                [!provide]                        PROVIDE (etext, .)

.rodata         0x000000000002ade0      0xdab
 *(.rodata .rodata.* .gnu.linkonce.r.*)
 .rodata        0x000000000002ade0      0x1c3 device.o
                0x000000000002ae08                autostart_processes
 *fill*         0x000000000002afa3        0x1 
 .rodata        0x000000000002afa4        0x8 build/cooja/mtype347.a(beep.o)
                0x000000000002afa4                beep_interface
 .rodata        0x000000000002afac        0xe build/cooja/mtype347.a(leds-arch.o)
                0x000000000002afac                leds_interface
                0x000000000002afb4                leds_arch_leds
 *fill*         0x000000000002afba        0x2 
 .rodata        0x000000000002afbc        0x8 build/cooja/mtype347.a(moteid.o)
                0x000000000002afbc                moteid_interface
 .rodata        0x000000000002afc4       0x1c build/cooja/mtype347.a(pir-sensor.o)
                0x000000000002afc4                pir_interface
                0x000000000002afd0                pir_sensor
 .rodata        0x000000000002afe0        0xe build/cooja/mtype347.a(rs232.o)
                0x000000000002afe0                rs232_interface
 *fill*         0x000000000002afee        0x2 
 .rodata        0x000000000002aff0       0x24 build/cooja/mtype347.a(vib-sensor.o)
                0x000000000002aff0                vib_interface
                0x000000000002b004                vib_sensor
 .rodata        0x000000000002b014        0x8 build/cooja/mtype347.a(clock.o)
                0x000000000002b014                clock_interface
 .rodata        0x000000000002b01c        0x8 build/cooja/mtype347.a(cooja-log.o)
                0x000000000002b01c                simlog_interface
 .rodata        0x000000000002b024       0x2f build/cooja/mtype347.a(cfs-cooja.o)
                0x000000000002b024                cfs_interface
 *fill*         0x000000000002b053        0xd 
 .rodata        0x000000000002b060       0xb8 build/cooja/mtype347.a(cooja-radio.o)
                0x000000000002b060                radio_interface
                0x000000000002b0e0                cooja_radio_driver
 .rodata        0x000000000002b118        0x8 build/cooja/mtype347.a(eeprom.o)
                0x000000000002b118                eeprom_interface
 .rodata        0x000000000002b120        0x8 build/cooja/mtype347.a(sensors.o)
 .rodata        0x000000000002b128       0x2c build/cooja/mtype347.a(buttons.o)
                0x000000000002b128                button_interface
                0x000000000002b13c                button_hal_button_count
                0x000000000002b144                button_sensor
 .rodata        0x000000000002b154      0x130 build/cooja/mtype347.a(bin.o)
 .rodata        0x000000000002b284       0xe9 build/cooja/mtype347.a(res_unregister.)
 .rodata        0x000000000002b36d       0x41 build/cooja/mtype347.a(coap-engine.o)
 .rodata        0x000000000002b3ae       0x19 build/cooja/mtype347.a(coap-res-well-k)
 .rodata        0x000000000002b3c7       0x11 build/cooja/mtype347.a(coap-observe.o)
 .rodata        0x000000000002b3d8       0x35 build/cooja/mtype347.a(coap-uip.o)
 *fill*         0x000000000002b40d        0x3 
 .rodata        0x000000000002b410      0x1ac build/cooja/mtype347.a(coap.o)
 .rodata        0x000000000002b5bc       0xf4 build/cooja/mtype347.a(contiki-main.o)
 .rodata        0x000000000002b6b0        0xf build/cooja/mtype347.a(ctimer.o)
 *fill*         0x000000000002b6bf        0x1 
 .rodata        0x000000000002b6c0       0xc4 build/cooja/mtype347.a(log.o)
 .rodata        0x000000000002b784        0xc build/cooja/mtype347.a(etimer.o)
 .rodata        0x000000000002b790       0x13 build/cooja/mtype347.a(button-hal.o)
 .rodata        0x000000000002b7a3        0xe build/cooja/mtype347.a(serial-line.o)
 *fill*         0x000000000002b7b1        0x3 
 .rodata        0x000000000002b7b4        0x8 build/cooja/mtype347.a(linkaddr.o)
                0x000000000002b7b4                linkaddr_null
 .rodata        0x000000000002b7bc       0x24 build/cooja/mtype347.a(csma.o)
                0x000000000002b7c4                csma_driver
 .rodata        0x000000000002b7e0       0x27 build/cooja/mtype347.a(csma-output.o)
 *fill*         0x000000000002b807        0x1 
 .rodata        0x000000000002b808       0xb9 build/cooja/mtype347.a(uip-ds6-route.o)
 .rodata        0x000000000002b8c1        0xd build/cooja/mtype347.a(tcpip.o)
 *fill*         0x000000000002b8ce        0x2 
 .rodata        0x000000000002b8d0       0x30 build/cooja/mtype347.a(sicslowpan.o)
                0x000000000002b8d0                unc_llconf
                0x000000000002b8d4                unc_ctxconf
                0x000000000002b8d8                unc_mxconf
                0x000000000002b8dc                llprefix
                0x000000000002b8f0                sicslowpan_driver
 .rodata        0x000000000002b900       0x2d build/cooja/mtype347.a(uiplib.o)
 *fill*         0x000000000002b92d       0x13 
 .rodata        0x000000000002b940       0x74 build/cooja/mtype347.a(rpl.o)
                0x000000000002b960                rpl_lite_driver
 .rodata        0x000000000002b9b4       0x20 build/cooja/mtype347.a(coap-timer-defa)
                0x000000000002b9c8                coap_timer_default_driver
 .rodata        0x000000000002b9d4       0x25 build/cooja/mtype347.a(assert.o)
 *fill*         0x000000000002b9f9        0x3 
 .rodata        0x000000000002b9fc        0xc build/cooja/mtype347.a(framer-802154.o)
                0x000000000002b9fc                framer_802154
 .rodata        0x000000000002ba08       0x44 build/cooja/mtype347.a(uip-sr.o)
 .rodata        0x000000000002ba4c       0x58 build/cooja/mtype347.a(rpl-neighbor.o)
 .rodata        0x000000000002baa4       0xdb build/cooja/mtype347.a(rpl-dag.o)
 .rodata        0x000000000002bb7f        0xc build/cooja/mtype347.a(rpl-timers.o)

.rodata1
 *(.rodata1)

.eh_frame_hdr   0x000000000002bb8c     0x1a14
 *(.eh_frame_hdr)
 .eh_frame_hdr  0x000000000002bb8c     0x1a14 device.o
                0x000000000002bb8c                __GNU_EH_FRAME_HDR
 *(.eh_frame_entry .eh_frame_entry.*)

.eh_frame       0x000000000002d5a0     0x69cc
 *(.eh_frame)
 .eh_frame      0x000000000002d5a0       0x3c /usr/lib/gcc/i686-linux-gnu/5/../../../i386-linux-gnu/crti.o
                                         0x40 (size before relaxing)
 .eh_frame      0x000000000002d5dc       0x40 device.o
                                         0x58 (size before relaxing)
 .eh_frame      0x000000000002d61c      0x178 build/cooja/mtype347.o
                                        0x190 (size before relaxing)
 .eh_frame      0x000000000002d794       0x40 build/cooja/mtype347.a(simEnvChange.o)
                                         0x58 (size before relaxing)
 .eh_frame      0x000000000002d7d4       0x60 build/cooja/mtype347.a(cooja_mt.o)
                                         0x78 (size before relaxing)
 .eh_frame      0x000000000002d834       0x80 build/cooja/mtype347.a(cooja_mtarch.o)
                                         0x98 (size before relaxing)
 .eh_frame      0x000000000002d8b4       0xc8 build/cooja/mtype347.a(rtimer-arch.o)
                                         0xe0 (size before relaxing)
 .eh_frame      0x000000000002d97c      0x160 build/cooja/mtype347.a(beep.o)
                                        0x178 (size before relaxing)
 .eh_frame      0x000000000002dadc       0x80 build/cooja/mtype347.a(leds-arch.o)
                                         0x98 (size before relaxing)
 .eh_frame      0x000000000002db5c       0x40 build/cooja/mtype347.a(moteid.o)
                                         0x58 (size before relaxing)
 .eh_frame      0x000000000002db9c       0xa0 build/cooja/mtype347.a(pir-sensor.o)
                                         0xb8 (size before relaxing)
 .eh_frame      0x000000000002dc3c      0x100 build/cooja/mtype347.a(rs232.o)
                                        0x118 (size before relaxing)
 .eh_frame      0x000000000002dd3c       0xa0 build/cooja/mtype347.a(vib-sensor.o)
                                         0xb8 (size before relaxing)
 .eh_frame      0x000000000002dddc       0xc0 build/cooja/mtype347.a(clock.o)
                                         0xd8 (size before relaxing)
 .eh_frame      0x000000000002de9c      0x120 build/cooja/mtype347.a(cooja-log.o)
                                        0x138 (size before relaxing)
 .eh_frame      0x000000000002dfbc      0x160 build/cooja/mtype347.a(cfs-cooja.o)
                                        0x178 (size before relaxing)
 .eh_frame      0x000000000002e11c      0x340 build/cooja/mtype347.a(cooja-radio.o)
                                        0x358 (size before relaxing)
 .eh_frame      0x000000000002e45c       0xa0 build/cooja/mtype347.a(eeprom.o)
                                         0xb8 (size before relaxing)
 .eh_frame      0x000000000002e4fc       0x40 build/cooja/mtype347.a(random.o)
                                         0x58 (size before relaxing)
 .eh_frame      0x000000000002e53c       0xc0 build/cooja/mtype347.a(sensors.o)
                                         0xd8 (size before relaxing)
 .eh_frame      0x000000000002e5fc      0x120 build/cooja/mtype347.a(leds.o)
                                        0x138 (size before relaxing)
 .eh_frame      0x000000000002e71c      0x220 build/cooja/mtype347.a(gpio-hal-arch.o)
                                        0x238 (size before relaxing)
 .eh_frame      0x000000000002e93c       0xa0 build/cooja/mtype347.a(buttons.o)
                                         0xb8 (size before relaxing)
 .eh_frame      0x000000000002e9dc       0x64 build/cooja/mtype347.a(bin.o)
                                         0x7c (size before relaxing)
 .eh_frame      0x000000000002ea40       0x20 build/cooja/mtype347.a(res_unregister.)
                                         0x38 (size before relaxing)
 .eh_frame      0x000000000002ea60       0x44 build/cooja/mtype347.a(coap-blocking-a)
                                         0x5c (size before relaxing)
 .eh_frame      0x000000000002eaa4      0x220 build/cooja/mtype347.a(coap-engine.o)
                                        0x238 (size before relaxing)
 .eh_frame      0x000000000002ecc4       0x24 build/cooja/mtype347.a(coap-res-well-k)
                                         0x3c (size before relaxing)
 .eh_frame      0x000000000002ece8      0x188 build/cooja/mtype347.a(coap-observe.o)
                                        0x1a0 (size before relaxing)
 .eh_frame      0x000000000002ee70      0x250 build/cooja/mtype347.a(coap-uip.o)
                                        0x268 (size before relaxing)
 .eh_frame      0x000000000002f0c0      0x114 build/cooja/mtype347.a(coap-timer.o)
                                        0x12c (size before relaxing)
 .eh_frame      0x000000000002f1d4      0x100 build/cooja/mtype347.a(coap-transactio)
                                        0x118 (size before relaxing)
 .eh_frame      0x000000000002f2d4      0x6ec build/cooja/mtype347.a(coap.o)
                                        0x704 (size before relaxing)
 .eh_frame      0x000000000002f9c0       0x30 build/cooja/mtype347.a(contiki-main.o)
                                         0x48 (size before relaxing)
 .eh_frame      0x000000000002f9f0       0x40 build/cooja/mtype347.a(autostart.o)
                                         0x58 (size before relaxing)
 .eh_frame      0x000000000002fa30      0x100 build/cooja/mtype347.a(ctimer.o)
                                        0x118 (size before relaxing)
 .eh_frame      0x000000000002fb30      0x100 build/cooja/mtype347.a(log.o)
                                        0x118 (size before relaxing)
 .eh_frame      0x000000000002fc30       0x60 build/cooja/mtype347.a(energest.o)
                                         0x78 (size before relaxing)
 .eh_frame      0x000000000002fc90      0x1e0 build/cooja/mtype347.a(etimer.o)
                                        0x1f8 (size before relaxing)
 .eh_frame      0x000000000002fe70       0x20 build/cooja/mtype347.a(node-id.o)
                                         0x38 (size before relaxing)
 .eh_frame      0x000000000002fe90       0x60 build/cooja/mtype347.a(rtimer.o)
                                         0x78 (size before relaxing)
 .eh_frame      0x000000000002fef0      0x1c4 build/cooja/mtype347.a(process.o)
                                        0x1dc (size before relaxing)
 .eh_frame      0x00000000000300b4       0xa4 build/cooja/mtype347.a(timer.o)
                                         0xbc (size before relaxing)
 .eh_frame      0x0000000000030158      0x1a0 build/cooja/mtype347.a(list.o)
                                        0x1b8 (size before relaxing)
 .eh_frame      0x00000000000302f8       0xa0 build/cooja/mtype347.a(memb.o)
                                         0xb8 (size before relaxing)
 .eh_frame      0x0000000000030398      0x144 build/cooja/mtype347.a(button-hal.o)
                                        0x15c (size before relaxing)
 .eh_frame      0x00000000000304dc       0x60 build/cooja/mtype347.a(serial-line.o)
                                         0x78 (size before relaxing)
 .eh_frame      0x000000000003053c       0xe0 build/cooja/mtype347.a(gpio-hal.o)
                                         0xf8 (size before relaxing)
 .eh_frame      0x000000000003061c      0x1a0 build/cooja/mtype347.a(queuebuf.o)
                                        0x1b8 (size before relaxing)
 .eh_frame      0x00000000000307bc      0x28c build/cooja/mtype347.a(packetbuf.o)
                                        0x2a4 (size before relaxing)
 .eh_frame      0x0000000000030a48       0x80 build/cooja/mtype347.a(netstack.o)
                                         0x98 (size before relaxing)
 .eh_frame      0x0000000000030ac8       0x60 build/cooja/mtype347.a(linkaddr.o)
                                         0x78 (size before relaxing)
 .eh_frame      0x0000000000030b28       0xe0 build/cooja/mtype347.a(csma.o)
                                         0xf8 (size before relaxing)
 .eh_frame      0x0000000000030c08      0x1d0 build/cooja/mtype347.a(csma-output.o)
                                        0x1e8 (size before relaxing)
 .eh_frame      0x0000000000030dd8      0x328 build/cooja/mtype347.a(uip-ds6.o)
                                        0x340 (size before relaxing)
 .eh_frame      0x0000000000031100       0x40 build/cooja/mtype347.a(uip-udp-packet.)
                                         0x58 (size before relaxing)
 .eh_frame      0x0000000000031140      0x2e0 build/cooja/mtype347.a(uip-ds6-route.o)
                                        0x2f8 (size before relaxing)
 .eh_frame      0x0000000000031420      0x244 build/cooja/mtype347.a(tcpip.o)
                                        0x25c (size before relaxing)
 .eh_frame      0x0000000000031664      0x1e8 build/cooja/mtype347.a(uip6.o)
                                        0x200 (size before relaxing)
 .eh_frame      0x000000000003184c      0x1c0 build/cooja/mtype347.a(uip-ds6-nbr.o)
                                        0x1d8 (size before relaxing)
 .eh_frame      0x0000000000031a0c       0x84 build/cooja/mtype347.a(uip-nd6.o)
                                         0x9c (size before relaxing)
 .eh_frame      0x0000000000031a90      0x2f8 build/cooja/mtype347.a(sicslowpan.o)
                                        0x310 (size before relaxing)
 .eh_frame      0x0000000000031d88       0x88 build/cooja/mtype347.a(uiplib.o)
                                         0xa0 (size before relaxing)
 .eh_frame      0x0000000000031e10      0x1e0 build/cooja/mtype347.a(rpl.o)
                                        0x1f8 (size before relaxing)
 .eh_frame      0x0000000000031ff0      0x1c4 build/cooja/mtype347.a(rpl-icmp6.o)
                                        0x1dc (size before relaxing)
 .eh_frame      0x00000000000321b4       0xa0 build/cooja/mtype347.a(rpl-dag-root.o)
                                         0xb8 (size before relaxing)
 .eh_frame      0x0000000000032254       0xa0 build/cooja/mtype347.a(watchdog.o)
                                         0xb8 (size before relaxing)
 .eh_frame      0x00000000000322f4       0x80 build/cooja/mtype347.a(int-master.o)
                                         0x98 (size before relaxing)
 .eh_frame      0x0000000000032374       0xa4 build/cooja/mtype347.a(coap-timer-defa)
                                         0xbc (size before relaxing)
 .eh_frame      0x0000000000032418       0xc4 build/cooja/mtype347.a(stimer.o)
                                         0xdc (size before relaxing)
 .eh_frame      0x00000000000324dc       0xa0 build/cooja/mtype347.a(ringbuf.o)
                                         0xb8 (size before relaxing)
 .eh_frame      0x000000000003257c       0x20 build/cooja/mtype347.a(assert.o)
                                         0x38 (size before relaxing)
 .eh_frame      0x000000000003259c      0x2ac build/cooja/mtype347.a(nbr-table.o)
                                        0x2c4 (size before relaxing)
 .eh_frame      0x0000000000032848      0x120 build/cooja/mtype347.a(link-stats.o)
                                        0x138 (size before relaxing)
 .eh_frame      0x0000000000032968       0x48 build/cooja/mtype347.a(mac-sequence.o)
                                         0x60 (size before relaxing)
 .eh_frame      0x00000000000329b0       0x20 build/cooja/mtype347.a(mac.o)
                                         0x38 (size before relaxing)
 .eh_frame      0x00000000000329d0       0xa4 build/cooja/mtype347.a(framer-802154.o)
                                         0xbc (size before relaxing)
 .eh_frame      0x0000000000032a74      0x1a4 build/cooja/mtype347.a(frame802154.o)
                                        0x1bc (size before relaxing)
 .eh_frame      0x0000000000032c18       0x40 build/cooja/mtype347.a(csma-security.o)
                                         0x58 (size before relaxing)
 .eh_frame      0x0000000000032c58      0x200 build/cooja/mtype347.a(uipbuf.o)
                                        0x218 (size before relaxing)
 .eh_frame      0x0000000000032e58      0x150 build/cooja/mtype347.a(uip-icmp6.o)
                                        0x168 (size before relaxing)
 .eh_frame      0x0000000000032fa8      0x184 build/cooja/mtype347.a(uip-sr.o)
                                        0x19c (size before relaxing)
 .eh_frame      0x000000000003312c       0xe0 build/cooja/mtype347.a(uip-packetqueue)
                                         0xf8 (size before relaxing)
 .eh_frame      0x000000000003320c       0x80 build/cooja/mtype347.a(rpl-nbr-policy.)
                                         0x98 (size before relaxing)
 .eh_frame      0x000000000003328c      0x2d4 build/cooja/mtype347.a(rpl-neighbor.o)
                                        0x2ec (size before relaxing)
 .eh_frame      0x0000000000033560      0x370 build/cooja/mtype347.a(rpl-dag.o)
                                        0x388 (size before relaxing)
 .eh_frame      0x00000000000338d0      0x3a8 build/cooja/mtype347.a(rpl-timers.o)
                                        0x3c0 (size before relaxing)
 .eh_frame      0x0000000000033c78      0x124 build/cooja/mtype347.a(rpl-ext-header.)
                                        0x13c (size before relaxing)
 .eh_frame      0x0000000000033d9c      0x148 build/cooja/mtype347.a(rpl-mrhof.o)
                                        0x160 (size before relaxing)
 .eh_frame      0x0000000000033ee4       0x84 /usr/lib/gcc/i686-linux-gnu/5/libgcc.a(_udivdi3.o)
                                         0x9c (size before relaxing)
 .eh_frame      0x0000000000033f68        0x4 /usr/lib/gcc/i686-linux-gnu/5/crtendS.o
 *(.eh_frame.*)

.gcc_except_table
 *(.gcc_except_table .gcc_except_table.*)

.gnu_extab
 *(.gnu_extab*)

.exception_ranges
 *(.exception_ranges .exception_ranges*)
                0x0000000000035f10                . = DATA_SEGMENT_ALIGN (0x1000, 0x1000)

.eh_frame
 *(.eh_frame)
 *(.eh_frame.*)

.gnu_extab
 *(.gnu_extab)

.gcc_except_table
 *(.gcc_except_table .gcc_except_table.*)

.exception_ranges
 *(.exception_ranges .exception_ranges*)

.tdata
 *(.tdata .tdata.* .gnu.linkonce.td.*)

.tbss
 *(.tbss .tbss.* .gnu.linkonce.tb.*)
 *(.tcommon)

.preinit_array
 *(.preinit_array)

.init_array     0x0000000000035f10        0x4
 *(SORT(.init_array.*) SORT(.ctors.*))
 *(.init_array EXCLUDE_FILE(*crtend?.o *crtend.o *crtbegin?.o *crtbegin.o) .ctors)
 .init_array    0x0000000000035f10        0x4 /usr/lib/gcc/i686-linux-gnu/5/crtbeginS.o

.fini_array     0x0000000000035f14        0x4
 *(SORT(.fini_array.*) SORT(.dtors.*))
 *(.fini_array EXCLUDE_FILE(*crtend?.o *crtend.o *crtbegin?.o *crtbegin.o) .dtors)
 .fini_array    0x0000000000035f14        0x4 /usr/lib/gcc/i686-linux-gnu/5/crtbeginS.o

.ctors
 *crtbegin.o(.ctors)
 *crtbegin?.o(.ctors)
 *(EXCLUDE_FILE(*crtend?.o *crtend.o) .ctors)
 *(SORT(.ctors.*))
 *(.ctors)

.dtors
 *crtbegin.o(.dtors)
 *crtbegin?.o(.dtors)
 *(EXCLUDE_FILE(*crtend?.o *crtend.o) .dtors)
 *(SORT(.dtors.*))
 *(.dtors)

.jcr            0x0000000000035f18        0x4
 *(.jcr)
 .jcr           0x0000000000035f18        0x0 /usr/lib/gcc/i686-linux-gnu/5/crtbeginS.o
 .jcr           0x0000000000035f18        0x4 /usr/lib/gcc/i686-linux-gnu/5/crtendS.o

.data.rel.ro
 *(.data.rel.ro.local* .gnu.linkonce.d.rel.ro.local.*)
 *(.data.rel.ro .data.rel.ro.* .gnu.linkonce.d.rel.ro.*)

.dynamic        0x0000000000035f1c       0xd0
 *(.dynamic)
 .dynamic       0x0000000000035f1c       0xd0 /usr/lib/gcc/i686-linux-gnu/5/../../../i386-linux-gnu/crti.o
                0x0000000000035f1c                _DYNAMIC

.got            0x0000000000035fec       0x14
 *(.got)
 .got           0x0000000000035fec       0x14 /usr/lib/gcc/i686-linux-gnu/5/../../../i386-linux-gnu/crti.o
 *(.igot)
                0x0000000000036ff4                . = DATA_SEGMENT_RELRO_END (., (SIZEOF (.got.plt) >= 0xc)?0xc:0x0)

.got.plt        0x0000000000036000        0xc
 *(.got.plt)
 .got.plt       0x0000000000036000        0xc /usr/lib/gcc/i686-linux-gnu/5/../../../i386-linux-gnu/crti.o
                0x0000000000036000                _GLOBAL_OFFSET_TABLE_
 *(.igot.plt)

.data           0x0000000000036020      0x504
 *(.data .data.* .gnu.linkonce.d.*)
 .data          0x0000000000036020        0x0 /usr/lib/gcc/i686-linux-gnu/5/../../../i386-linux-gnu/crti.o
 .data          0x0000000000036020        0x0 /usr/lib/gcc/i686-linux-gnu/5/crtbeginS.o
 .data.rel.local
                0x0000000000036020        0x4 /usr/lib/gcc/i686-linux-gnu/5/crtbeginS.o
                0x0000000000036020                __dso_handle
 .data          0x0000000000036024       0x14 device.o
                0x0000000000036024                reg_service_url
                0x0000000000036028                device_process
 *fill*         0x0000000000036038        0x8 
 .data          0x0000000000036040       0x44 build/cooja/mtype347.o
                0x0000000000036040                simInterfaces
                0x0000000000036074                sensors
 .data          0x0000000000036084        0x0 build/cooja/mtype347.a(simEnvChange.o)
 .data          0x0000000000036084        0x0 build/cooja/mtype347.a(cooja_mt.o)
 .data          0x0000000000036084        0x0 build/cooja/mtype347.a(cooja_mtarch.o)
 .data          0x0000000000036084        0x0 build/cooja/mtype347.a(rtimer-arch.o)
 .data          0x0000000000036084        0x0 build/cooja/mtype347.a(beep.o)
 .data          0x0000000000036084        0x0 build/cooja/mtype347.a(leds-arch.o)
 .data          0x0000000000036084        0x0 build/cooja/mtype347.a(moteid.o)
 .data          0x0000000000036084        0x0 build/cooja/mtype347.a(pir-sensor.o)
 .data          0x0000000000036084        0x0 build/cooja/mtype347.a(rs232.o)
 .data          0x0000000000036084        0x0 build/cooja/mtype347.a(vib-sensor.o)
 .data          0x0000000000036084        0x0 build/cooja/mtype347.a(clock.o)
 .data          0x0000000000036084        0x0 build/cooja/mtype347.a(cooja-log.o)
 .data          0x0000000000036084        0x0 build/cooja/mtype347.a(cfs-cooja.o)
 .data          0x0000000000036084       0x2c build/cooja/mtype347.a(cooja-radio.o)
                0x0000000000036084                simRadioHWOn
                0x0000000000036088                simSignalStrength
                0x000000000003608c                simLastSignalStrength
                0x0000000000036090                simPower
                0x0000000000036094                simRadioChannel
                0x0000000000036098                simLQI
                0x00000000000360a0                cooja_radio_process
 .data          0x00000000000360b0        0x0 build/cooja/mtype347.a(eeprom.o)
 .data          0x00000000000360b0        0x0 build/cooja/mtype347.a(random.o)
 .data          0x00000000000360b0       0x10 build/cooja/mtype347.a(sensors.o)
                0x00000000000360b0                sensors_process
 .data          0x00000000000360c0        0x0 build/cooja/mtype347.a(leds.o)
 .data          0x00000000000360c0        0x0 build/cooja/mtype347.a(gpio-hal-arch.o)
 .data          0x00000000000360c0       0x78 build/cooja/mtype347.a(buttons.o)
                0x00000000000360c0                simButtonIsActive
                0x0000000000036130                button_hal_buttons
 *fill*         0x0000000000036138        0x8 
 .data          0x0000000000036140       0x44 build/cooja/mtype347.a(bin.o)
                0x0000000000036140                max_bin_fullness
                0x0000000000036160                bin
 *fill*         0x0000000000036184       0x1c 
 .data          0x00000000000361a0       0x44 build/cooja/mtype347.a(res_unregister.)
                0x00000000000361c0                res_unregister
 .data          0x00000000000361e4        0x0 build/cooja/mtype347.a(coap-blocking-a)
 .data          0x00000000000361e4        0x8 build/cooja/mtype347.a(coap-engine.o)
 *fill*         0x00000000000361ec       0x14 
 .data          0x0000000000036200       0x24 build/cooja/mtype347.a(coap-res-well-k)
                0x0000000000036200                res_well_known_core
 .data          0x0000000000036224       0x10 build/cooja/mtype347.a(coap-observe.o)
 .data          0x0000000000036234       0x10 build/cooja/mtype347.a(coap-uip.o)
                0x0000000000036234                coap_engine
 .data          0x0000000000036244        0x4 build/cooja/mtype347.a(coap-timer.o)
 .data          0x0000000000036248       0x10 build/cooja/mtype347.a(coap-transactio)
 .data          0x0000000000036258        0x4 build/cooja/mtype347.a(coap.o)
                0x0000000000036258                coap_error_message
 .data          0x000000000003625c        0x0 build/cooja/mtype347.a(contiki-main.o)
 .data          0x000000000003625c        0x0 build/cooja/mtype347.a(autostart.o)
 .data          0x000000000003625c       0x14 build/cooja/mtype347.a(ctimer.o)
                0x0000000000036260                ctimer_process
 *fill*         0x0000000000036270       0x10 
 .data          0x0000000000036280       0xbc build/cooja/mtype347.a(log.o)
                0x0000000000036280                curr_log_level_main
                0x00000000000362a0                all_modules
 .data          0x000000000003633c        0x0 build/cooja/mtype347.a(energest.o)
 .data          0x000000000003633c       0x10 build/cooja/mtype347.a(etimer.o)
                0x000000000003633c                etimer_process
 .data          0x000000000003634c        0x0 build/cooja/mtype347.a(node-id.o)
 .data          0x000000000003634c        0x0 build/cooja/mtype347.a(rtimer.o)
 .data          0x000000000003634c        0x0 build/cooja/mtype347.a(process.o)
 .data          0x000000000003634c        0x0 build/cooja/mtype347.a(timer.o)
 .data          0x000000000003634c        0x0 build/cooja/mtype347.a(list.o)
 .data          0x000000000003634c        0x0 build/cooja/mtype347.a(memb.o)
 .data          0x000000000003634c       0x10 build/cooja/mtype347.a(button-hal.o)
                0x000000000003634c                button_hal_process
 .data          0x000000000003635c       0x10 build/cooja/mtype347.a(serial-line.o)
                0x000000000003635c                serial_line_process
 .data          0x000000000003636c        0x4 build/cooja/mtype347.a(gpio-hal.o)
 .data          0x0000000000036370       0x18 build/cooja/mtype347.a(queuebuf.o)
 .data          0x0000000000036388        0x4 build/cooja/mtype347.a(packetbuf.o)
 .data          0x000000000003638c        0x4 build/cooja/mtype347.a(netstack.o)
 .data          0x0000000000036390        0x0 build/cooja/mtype347.a(linkaddr.o)
 .data          0x0000000000036390        0x0 build/cooja/mtype347.a(csma.o)
 .data          0x0000000000036390       0x28 build/cooja/mtype347.a(csma-output.o)
 .data          0x00000000000363b8        0x0 build/cooja/mtype347.a(uip-ds6.o)
 .data          0x00000000000363b8        0x0 build/cooja/mtype347.a(uip-udp-packet.)
 .data          0x00000000000363b8       0x44 build/cooja/mtype347.a(uip-ds6-route.o)
                0x00000000000363c8                nbr_routes
 .data          0x00000000000363fc       0x10 build/cooja/mtype347.a(tcpip.o)
                0x00000000000363fc                tcpip_process
 .data          0x000000000003640c        0x0 build/cooja/mtype347.a(uip6.o)
 .data          0x000000000003640c       0x14 build/cooja/mtype347.a(uip-ds6-nbr.o)
 .data          0x0000000000036420        0xc build/cooja/mtype347.a(uip-nd6.o)
 .data          0x000000000003642c        0x0 build/cooja/mtype347.a(sicslowpan.o)
 .data          0x000000000003642c        0x0 build/cooja/mtype347.a(uiplib.o)
 .data          0x000000000003642c        0x0 build/cooja/mtype347.a(rpl.o)
 .data          0x000000000003642c       0x30 build/cooja/mtype347.a(rpl-icmp6.o)
 .data          0x000000000003645c        0x0 build/cooja/mtype347.a(rpl-dag-root.o)
 .data          0x000000000003645c        0x0 build/cooja/mtype347.a(watchdog.o)
 .data          0x000000000003645c        0x0 build/cooja/mtype347.a(int-master.o)
 .data          0x000000000003645c       0x10 build/cooja/mtype347.a(coap-timer-defa)
                0x000000000003645c                coap_timer_process
 .data          0x000000000003646c        0x0 build/cooja/mtype347.a(stimer.o)
 .data          0x000000000003646c        0x0 build/cooja/mtype347.a(ringbuf.o)
 .data          0x000000000003646c        0x0 build/cooja/mtype347.a(assert.o)
 .data          0x000000000003646c       0x10 build/cooja/mtype347.a(nbr-table.o)
 .data          0x000000000003647c       0x14 build/cooja/mtype347.a(link-stats.o)
 .data          0x0000000000036490        0x0 build/cooja/mtype347.a(mac-sequence.o)
 .data          0x0000000000036490        0x0 build/cooja/mtype347.a(mac.o)
 .data          0x0000000000036490        0x0 build/cooja/mtype347.a(framer-802154.o)
 .data          0x0000000000036490        0x2 build/cooja/mtype347.a(frame802154.o)
 .data          0x0000000000036492        0x0 build/cooja/mtype347.a(csma-security.o)
 .data          0x0000000000036492        0x0 build/cooja/mtype347.a(uipbuf.o)
 *fill*         0x0000000000036492        0x2 
 .data          0x0000000000036494       0x20 build/cooja/mtype347.a(uip-icmp6.o)
 .data          0x00000000000364b4       0x10 build/cooja/mtype347.a(uip-sr.o)
 .data          0x00000000000364c4        0xc build/cooja/mtype347.a(uip-packetqueue)
 .data          0x00000000000364d0        0x0 build/cooja/mtype347.a(rpl-nbr-policy.)
 .data          0x00000000000364d0       0x14 build/cooja/mtype347.a(rpl-neighbor.o)
                0x00000000000364e0                rpl_neighbors
 .data          0x00000000000364e4        0x0 build/cooja/mtype347.a(rpl-dag.o)
 .data          0x00000000000364e4        0x0 build/cooja/mtype347.a(rpl-timers.o)
 .data          0x00000000000364e4        0x0 build/cooja/mtype347.a(rpl-ext-header.)
 *fill*         0x00000000000364e4       0x1c 
 .data          0x0000000000036500       0x24 build/cooja/mtype347.a(rpl-mrhof.o)
                0x0000000000036500                rpl_mrhof
 .data          0x0000000000036524        0x0 /usr/lib/gcc/i686-linux-gnu/5/libgcc.a(_udivdi3.o)
 .data          0x0000000000036524        0x0 /usr/lib/gcc/i686-linux-gnu/5/crtendS.o
 .data          0x0000000000036524        0x0 /usr/lib/gcc/i686-linux-gnu/5/../../../i386-linux-gnu/crtn.o

.tm_clone_table
                0x0000000000036524        0x0
 .tm_clone_table
                0x0000000000036524        0x0 /usr/lib/gcc/i686-linux-gnu/5/crtbeginS.o
 .tm_clone_table
                0x0000000000036524        0x0 /usr/lib/gcc/i686-linux-gnu/5/crtendS.o

.data1
 *(.data1)
                0x0000000000036524                _edata = .
                [!provide]                        PROVIDE (edata, .)
                0x0000000000036524                . = .
                0x0000000000036524                __bss_start = .

.bss            0x0000000000036540    0x15c24
 *(.dynbss)
 .dynbss        0x0000000000036540        0x0 /usr/lib/gcc/i686-linux-gnu/5/../../../i386-linux-gnu/crti.o
 *(.bss .bss.* .gnu.linkonce.b.*)
 .bss           0x0000000000036540        0x0 /usr/lib/gcc/i686-linux-gnu/5/../../../i386-linux-gnu/crti.o
 .bss           0x0000000000036540        0x1 /usr/lib/gcc/i686-linux-gnu/5/crtbeginS.o
 *fill*         0x0000000000036541       0x1f 
 .bss           0x0000000000036560      0x12c device.o
 *fill*         0x000000000003668c       0x14 
 .bss           0x00000000000366a0     0x2030 build/cooja/mtype347.o
 .bss           0x00000000000386d0        0x1 build/cooja/mtype347.a(simEnvChange.o)
                0x00000000000386d0                simDontFallAsleep
 *fill*         0x00000000000386d1        0x3 
 .bss           0x00000000000386d4        0x4 build/cooja/mtype347.a(cooja_mt.o)
 .bss           0x00000000000386d8        0x4 build/cooja/mtype347.a(cooja_mtarch.o)
 .bss           0x00000000000386dc        0x0 build/cooja/mtype347.a(rtimer-arch.o)
 .bss           0x00000000000386dc        0x0 build/cooja/mtype347.a(beep.o)
 .bss           0x00000000000386dc        0x1 build/cooja/mtype347.a(leds-arch.o)
                0x00000000000386dc                simLedsValue
 .bss           0x00000000000386dd        0x0 build/cooja/mtype347.a(moteid.o)
 .bss           0x00000000000386dd        0x1 build/cooja/mtype347.a(pir-sensor.o)
                0x00000000000386dd                simPirValue
 *fill*         0x00000000000386de        0x2 
 .bss           0x00000000000386e0        0x4 build/cooja/mtype347.a(rs232.o)
 .bss           0x00000000000386e4        0x1 build/cooja/mtype347.a(vib-sensor.o)
                0x00000000000386e4                simVibValue
 .bss           0x00000000000386e5        0x0 build/cooja/mtype347.a(clock.o)
 *fill*         0x00000000000386e5       0x1b 
 .bss           0x0000000000038700     0x2020 build/cooja/mtype347.a(cooja-log.o)
 .bss           0x000000000003a720      0xfc0 build/cooja/mtype347.a(cfs-cooja.o)
                0x000000000003a720                simCFSData
                0x000000000003b6c0                simCFSSize
                0x000000000003b6c4                simCFSChanged
                0x000000000003b6c8                simCFSRead
                0x000000000003b6cc                simCFSWritten
 .bss           0x000000000003b6e0       0x24 build/cooja/mtype347.a(cooja-radio.o)
                0x000000000003b6e0                simReceiving
                0x000000000003b6e4                simInSize
                0x000000000003b6e8                simLastPacketTimestamp
                0x000000000003b6f0                simOutSize
 .bss           0x000000000003b704        0xc build/cooja/mtype347.a(eeprom.o)
                0x000000000003b704                simEEPROMChanged
                0x000000000003b708                simEEPROMRead
                0x000000000003b70c                simEEPROMWritten
 .bss           0x000000000003b710        0x0 build/cooja/mtype347.a(random.o)
 .bss           0x000000000003b710        0xc build/cooja/mtype347.a(sensors.o)
 .bss           0x000000000003b71c        0x0 build/cooja/mtype347.a(leds.o)
 .bss           0x000000000003b71c       0x24 build/cooja/mtype347.a(gpio-hal-arch.o)
 .bss           0x000000000003b740        0x0 build/cooja/mtype347.a(buttons.o)
 .bss           0x000000000003b740        0x8 build/cooja/mtype347.a(bin.o)
                0x000000000003b740                min_bin_fullness
                0x000000000003b744                bin_fullness
 .bss           0x000000000003b748        0x0 build/cooja/mtype347.a(res_unregister.)
 .bss           0x000000000003b748        0x0 build/cooja/mtype347.a(coap-blocking-a)
 *fill*         0x000000000003b748       0x18 
 .bss           0x000000000003b760      0x190 build/cooja/mtype347.a(coap-engine.o)
 .bss           0x000000000003b8f0        0x0 build/cooja/mtype347.a(coap-res-well-k)
 *fill*         0x000000000003b8f0       0x10 
 .bss           0x000000000003b900     0x2100 build/cooja/mtype347.a(coap-observe.o)
 .bss           0x000000000003da00       0x18 build/cooja/mtype347.a(coap-uip.o)
 .bss           0x000000000003da18        0x5 build/cooja/mtype347.a(coap-timer.o)
 *fill*         0x000000000003da1d        0x3 
 .bss           0x000000000003da20     0x4d14 build/cooja/mtype347.a(coap-transactio)
 .bss           0x0000000000042734        0x6 build/cooja/mtype347.a(coap.o)
                0x0000000000042734                coap_status_code
 .bss           0x000000000004273a        0x0 build/cooja/mtype347.a(contiki-main.o)
 .bss           0x000000000004273a        0x0 build/cooja/mtype347.a(autostart.o)
 *fill*         0x000000000004273a        0x2 
 .bss           0x000000000004273c        0x5 build/cooja/mtype347.a(ctimer.o)
 *fill*         0x0000000000042741        0x3 
 .bss           0x0000000000042744       0x2c build/cooja/mtype347.a(log.o)
                0x0000000000042744                curr_log_level_rpl
                0x0000000000042748                curr_log_level_tcpip
                0x000000000004274c                curr_log_level_ipv6
                0x0000000000042750                curr_log_level_6lowpan
                0x0000000000042754                curr_log_level_nullnet
                0x0000000000042758                curr_log_level_mac
                0x000000000004275c                curr_log_level_framer
                0x0000000000042760                curr_log_level_6top
                0x0000000000042764                curr_log_level_coap
                0x0000000000042768                curr_log_level_snmp
                0x000000000004276c                curr_log_level_lwm2m
 .bss           0x0000000000042770        0x0 build/cooja/mtype347.a(energest.o)
 .bss           0x0000000000042770        0x8 build/cooja/mtype347.a(etimer.o)
 .bss           0x0000000000042778        0x2 build/cooja/mtype347.a(node-id.o)
                0x0000000000042778                node_id
 *fill*         0x000000000004277a        0x2 
 .bss           0x000000000004277c        0x4 build/cooja/mtype347.a(rtimer.o)
 .bss           0x0000000000042780      0x1a1 build/cooja/mtype347.a(process.o)
                0x0000000000042780                process_list
                0x0000000000042784                process_current
 .bss           0x0000000000042921        0x0 build/cooja/mtype347.a(timer.o)
 .bss           0x0000000000042921        0x0 build/cooja/mtype347.a(list.o)
 .bss           0x0000000000042921        0x0 build/cooja/mtype347.a(memb.o)
 *fill*         0x0000000000042921        0x3 
 .bss           0x0000000000042924       0x10 build/cooja/mtype347.a(button-hal.o)
 *fill*         0x0000000000042934        0xc 
 .bss           0x0000000000042940      0x140 build/cooja/mtype347.a(serial-line.o)
 .bss           0x0000000000042a80        0x4 build/cooja/mtype347.a(gpio-hal.o)
 *fill*         0x0000000000042a84       0x1c 
 .bss           0x0000000000042aa0     0x2c80 build/cooja/mtype347.a(queuebuf.o)
 .bss           0x0000000000045720       0xa0 build/cooja/mtype347.a(packetbuf.o)
 .bss           0x00000000000457c0        0x4 build/cooja/mtype347.a(netstack.o)
 .bss           0x00000000000457c4        0x0 build/cooja/mtype347.a(linkaddr.o)
 .bss           0x00000000000457c4        0x0 build/cooja/mtype347.a(csma.o)
 *fill*         0x00000000000457c4       0x1c 
 .bss           0x00000000000457e0      0x726 build/cooja/mtype347.a(csma-output.o)
 *fill*         0x0000000000045f06        0x2 
 .bss           0x0000000000045f08       0x30 build/cooja/mtype347.a(uip-ds6.o)
 .bss           0x0000000000045f38        0x0 build/cooja/mtype347.a(uip-udp-packet.)
 *fill*         0x0000000000045f38        0x8 
 .bss           0x0000000000045f40      0x2a4 build/cooja/mtype347.a(uip-ds6-route.o)
 .bss           0x00000000000461e4       0x10 build/cooja/mtype347.a(tcpip.o)