Archive member included to satisfy reference by file (symbol)

build/cooja/mtype247.a(simEnvChange.o)
                              build/cooja/mtype247.o (simDontFallAsleep)
build/cooja/mtype247.a(cooja_mt.o)
                              build/cooja/mtype247.o (cooja_mt_start)
build/cooja/mtype247.a(cooja_mtarch.o)
                              build/cooja/mtype247.a(cooja_mt.o) (cooja_mtarch_start)
build/cooja/mtype247.a(rtimer-arch.o)
                              build/cooja/mtype247.o (rtimer_arch_check)
build/cooja/mtype247.a(beep.o)
                              build/cooja/mtype247.o (beep_interface)
build/cooja/mtype247.a(leds-arch.o)
                              build/cooja/mtype247.o (leds_interface)
build/cooja/mtype247.a(moteid.o)
                              build/cooja/mtype247.o (moteid_interface)
build/cooja/mtype247.a(pir-sensor.o)
                              build/cooja/mtype247.o (pir_interface)
build/cooja/mtype247.a(rs232.o)
                              build/cooja/mtype247.o (rs232_interface)
build/cooja/mtype247.a(vib-sensor.o)
                              build/cooja/mtype247.o (vib_interface)
build/cooja/mtype247.a(clock.o)
                              build/cooja/mtype247.o (clock_interface)
build/cooja/mtype247.a(cooja-log.o)
                              build/cooja/mtype247.o (simlog_interface)
build/cooja/mtype247.a(cfs-cooja.o)
                              build/cooja/mtype247.o (cfs_interface)
build/cooja/mtype247.a(cooja-radio.o)
                              build/cooja/mtype247.o (radio_interface)
build/cooja/mtype247.a(eeprom.o)
                              build/cooja/mtype247.o (eeprom_interface)
build/cooja/mtype247.a(random.o)
                              build/cooja/mtype247.a(moteid.o) (random_init)
build/cooja/mtype247.a(sensors.o)
                              build/cooja/mtype247.a(pir-sensor.o) (sensors_changed)
build/cooja/mtype247.a(leds.o)
                              build/cooja/mtype247.a(leds-arch.o) (leds_get)
build/cooja/mtype247.a(gpio-hal-arch.o)
                              build/cooja/mtype247.a(leds-arch.o) (gpio_hal_arch_register_pin_callback)
build/cooja/mtype247.a(buttons.o)
                              build/cooja/mtype247.o (button_interface)
build/cooja/mtype247.a(bin.o)
                              device.o (bin)
build/cooja/mtype247.a(coap-blocking-a)
                              device.o (coap_blocking_request)
build/cooja/mtype247.a(coap-engine.o)
                              device.o (coap_activate_resource)
build/cooja/mtype247.a(coap-res-well-k)
                              build/cooja/mtype247.a(coap-engine.o) (res_well_known_core)
build/cooja/mtype247.a(coap-observe.o)
                              build/cooja/mtype247.a(coap-engine.o) (coap_remove_observer_by_mid)
build/cooja/mtype247.a(coap-uip.o)
                              build/cooja/mtype247.a(coap-observe.o) (coap_endpoint_copy)
build/cooja/mtype247.a(coap-timer.o)
                              build/cooja/mtype247.a(coap-engine.o) (coap_timer_set)
build/cooja/mtype247.a(coap-transactio)
                              build/cooja/mtype247.a(coap-blocking-a) (coap_send_transaction)
build/cooja/mtype247.a(coap.o)
                              build/cooja/mtype247.a(coap-engine.o) (coap_status_code)
build/cooja/mtype247.a(contiki-main.o)
                              build/cooja/mtype247.o (main)
build/cooja/mtype247.a(autostart.o)
                              build/cooja/mtype247.a(contiki-main.o) (autostart_start)
build/cooja/mtype247.a(ctimer.o)
                              build/cooja/mtype247.a(contiki-main.o) (ctimer_init)
build/cooja/mtype247.a(log.o)
                              build/cooja/mtype247.a(contiki-main.o) (curr_log_level_main)
build/cooja/mtype247.a(energest.o)
                              build/cooja/mtype247.a(contiki-main.o) (energest_init)
build/cooja/mtype247.a(etimer.o)
                              build/cooja/mtype247.a(contiki-main.o) (etimer_process)
build/cooja/mtype247.a(node-id.o)
                              build/cooja/mtype247.a(contiki-main.o) (node_id)
build/cooja/mtype247.a(rtimer.o)
                              build/cooja/mtype247.a(contiki-main.o) (rtimer_init)
build/cooja/mtype247.a(process.o)
                              build/cooja/mtype247.a(coap-blocking-a) (process_current)
build/cooja/mtype247.a(timer.o)
                              build/cooja/mtype247.a(etimer.o) (timer_set)
build/cooja/mtype247.a(list.o)
                              build/cooja/mtype247.a(coap-engine.o) (list_init)
build/cooja/mtype247.a(memb.o)
                              build/cooja/mtype247.a(coap-observe.o) (memb_alloc)
build/cooja/mtype247.a(button-hal.o)
                              build/cooja/mtype247.o (button_hal_init)
build/cooja/mtype247.a(serial-line.o)
                              build/cooja/mtype247.a(rs232.o) (serial_line_input_byte)
build/cooja/mtype247.a(gpio-hal.o)
[...]
Memory Configuration

Name             Origin             Length             Attributes
*default*        0x0000000000000000 0xffffffffffffffff

Linker script and memory map

LOAD /usr/lib/gcc/i686-linux-gnu/5/../../../i386-linux-gnu/crti.o
LOAD /usr/lib/gcc/i686-linux-gnu/5/crtbeginS.o
LOAD device.o
LOAD build/cooja/mtype247.o
LOAD build/cooja/mtype247.a
LOAD /usr/lib/gcc/i686-linux-gnu/5/libgcc.a
LOAD /usr/lib/gcc/i686-linux-gnu/5/libgcc_s.so
LOAD /usr/lib/gcc/i686-linux-gnu/5/../../../i386-linux-gnu/libc.so
START GROUP
LOAD /lib/i386-linux-gnu/libc.so.6
LOAD /usr/lib/i386-linux-gnu/libc_nonshared.a
LOAD /lib/i386-linux-gnu/ld-linux.so.2
END GROUP
LOAD /usr/lib/gcc/i686-linux-gnu/5/libgcc.a
LOAD /usr/lib/gcc/i686-linux-gnu/5/libgcc_s.so
LOAD /usr/lib/gcc/i686-linux-gnu/5/crtendS.o
LOAD /usr/lib/gcc/i686-linux-gnu/5/../../../i386-linux-gnu/crtn.o
                0x0000000000000114                . = (0x0 + SIZEOF_HEADERS)

.note.gnu.build-id
                0x0000000000000114       0x24
 *(.note.gnu.build-id)
 .note.gnu.build-id
                0x0000000000000114       0x24 /usr/lib/gcc/i686-linux-gnu/5/../../../i386-linux-gnu/crti.o

.hash
 *(.hash)

.gnu.hash       0x0000000000000138     0x1598
 *(.gnu.hash)
 .gnu.hash      0x0000000000000138     0x1598 /usr/lib/gcc/i686-linux-gnu/5/../../../i386-linux-gnu/crti.o

.dynsym         0x00000000000016d0     0x2ef0
 *(.dynsym)
 .dynsym        0x00000000000016d0     0x2ef0 /usr/lib/gcc/i686-linux-gnu/5/../../../i386-linux-gnu/crti.o

.dynstr         0x00000000000045c0     0x368f
 *(.dynstr)
 .dynstr        0x00000000000045c0     0x368f /usr/lib/gcc/i686-linux-gnu/5/../../../i386-linux-gnu/crti.o

.gnu.version    0x0000000000007c50      0x5de
 *(.gnu.version)
 .gnu.version   0x0000000000007c50      0x5de /usr/lib/gcc/i686-linux-gnu/5/../../../i386-linux-gnu/crti.o

.gnu.version_d  0x0000000000008230        0x0
 *(.gnu.version_d)
 .gnu.version_d
                0x0000000000008230        0x0 /usr/lib/gcc/i686-linux-gnu/5/../../../i386-linux-gnu/crti.o

.gnu.version_r  0x0000000000008230       0x40
 *(.gnu.version_r)
 .gnu.version_r
                0x0000000000008230       0x40 /usr/lib/gcc/i686-linux-gnu/5/../../../i386-linux-gnu/crti.o

.rel.dyn        0x0000000000008270     0x9158
 *(.rel.init)
 .rel.init      0x0000000000008270        0x0 /usr/lib/gcc/i686-linux-gnu/5/../../../i386-linux-gnu/crti.o
 *(.rel.text .rel.text.* .rel.gnu.linkonce.t.*)
 .rel.text      0x0000000000008270     0x87a0 /usr/lib/gcc/i686-linux-gnu/5/../../../i386-linux-gnu/crti.o
 *(.rel.fini)
 .rel.fini      0x0000000000010a10        0x0 /usr/lib/gcc/i686-linux-gnu/5/../../../i386-linux-gnu/crti.o
 *(.rel.rodata .rel.rodata.* .rel.gnu.linkonce.r.*)
 .rel.rodata    0x0000000000010a10      0x588 /usr/lib/gcc/i686-linux-gnu/5/../../../i386-linux-gnu/crti.o
 *(.rel.data.rel.ro .rel.data.rel.ro.* .rel.gnu.linkonce.d.rel.ro.*)
 *(.rel.data .rel.data.* .rel.gnu.linkonce.d.*)
 .rel.data.rel.local
                0x0000000000010f98        0x8 /usr/lib/gcc/i686-linux-gnu/5/../../../i386-linux-gnu/crti.o
 .rel.data      0x0000000000010fa0      0x3f0 /usr/lib/gcc/i686-linux-gnu/5/../../../i386-linux-gnu/crti.o
 *(.rel.tdata .rel.tdata.* .rel.gnu.linkonce.td.*)
 *(.rel.tbss .rel.tbss.* .rel.gnu.linkonce.tb.*)
 *(.rel.ctors)
 *(.rel.dtors)
 *(.rel.got)
 .rel.got       0x0000000000011390       0x28 /usr/lib/gcc/i686-linux-gnu/5/../../../i386-linux-gnu/crti.o
 *(.rel.bss .rel.bss.* .rel.gnu.linkonce.b.*)
 *(.rel.ifunc)
 .rel.ifunc     0x00000000000113b8        0x0 /usr/lib/gcc/i686-linux-gnu/5/../../../i386-linux-gnu/crti.o
 .rel.fini_array
                0x00000000000113b8        0x8 /usr/lib/gcc/i686-linux-gnu/5/../../../i386-linux-gnu/crti.o
 .rel.init_array
                0x00000000000113c0        0x8 /usr/lib/gcc/i686-linux-gnu/5/../../../i386-linux-gnu/crti.o

.rel.plt        0x00000000000113c8        0x0
 *(.rel.plt)
 .rel.plt       0x00000000000113c8        0x0 /usr/lib/gcc/i686-linux-gnu/5/../../../i386-linux-gnu/crti.o
 *(.rel.iplt)

.init           0x00000000000113c8       0x23
 *(SORT(.init))
 .init          0x00000000000113c8       0x1e /usr/lib/gcc/i686-linux-gnu/5/../../../i386-linux-gnu/crti.o
                0x00000000000113c8                _init
 .init          0x00000000000113e6        0x5 /usr/lib/gcc/i686-linux-gnu/5/../../../i386-linux-gnu/crtn.o

.plt            0x00000000000113f0       0x10
 *(.plt)
 .plt           0x00000000000113f0       0x10 /usr/lib/gcc/i686-linux-gnu/5/../../../i386-linux-gnu/crti.o
 *(.iplt)

.plt.got        0x0000000000011400       0x10
 *(.plt.got)
 .plt.got       0x0000000000011400       0x10 /usr/lib/gcc/i686-linux-gnu/5/../../../i386-linux-gnu/crti.o

.text           0x0000000000011410    0x18692
 *(.text.unlikely .text.*_unlikely .text.unlikely.*)
 .text.unlikely
                0x0000000000011410        0x0 /usr/lib/gcc/i686-linux-gnu/5/crtbeginS.o
 .text.unlikely
                0x0000000000011410        0x0 /usr/lib/gcc/i686-linux-gnu/5/libgcc.a(_udivdi3.o)
 *(.text.exit .text.exit.*)
 *(.text.startup .text.startup.*)
 *(.text.hot .text.hot.*)
 *(.text .stub .text.* .gnu.linkonce.t.*)
 .text          0x0000000000011410        0x0 /usr/lib/gcc/i686-linux-gnu/5/../../../i386-linux-gnu/crti.o
 .gnu.linkonce.t.__x86.get_pc_thunk.bx
                0x0000000000011410        0x4 /usr/lib/gcc/i686-linux-gnu/5/../../../i386-linux-gnu/crti.o
                0x0000000000011410                __x86.get_pc_thunk.bx
 *fill*         0x0000000000011414        0xc 
 .text          0x0000000000011420      0x11c /usr/lib/gcc/i686-linux-gnu/5/crtbeginS.o
 .text.__x86.get_pc_thunk.dx
                0x000000000001153c        0x4 /usr/lib/gcc/i686-linux-gnu/5/crtbeginS.o
                0x000000000001153c                __x86.get_pc_thunk.dx
 .text          0x0000000000011540      0x28f device.o
                0x0000000000011540                client_chunk_handler
 .text          0x00000000000117cf      0x283 build/cooja/mtype247.o
                0x0000000000011861                platform_init_stage_one
                0x0000000000011874                platform_init_stage_two
                0x0000000000011887                platform_init_stage_three
                0x000000000001189a                platform_main_loop
                0x000000000001190d                Java_org_contikios_cooja_corecomm_Lib7_init
                0x0000000000011944                Java_org_contikios_cooja_corecomm_Lib7_getMemory
                0x0000000000011977                Java_org_contikios_cooja_corecomm_Lib7_setMemory
                0x00000000000119d7                Java_org_contikios_cooja_corecomm_Lib7_tick
                0x0000000000011a3f                Java_org_contikios_cooja_corecomm_Lib7_setReferenceAddress
 .text          0x0000000000011a52       0x65 build/cooja/mtype247.a(simEnvChange.o)
                0x0000000000011a52                doActionsBeforeTick
                0x0000000000011a84                doActionsAfterTick
 .text          0x0000000000011ab7       0x83 build/cooja/mtype247.a(cooja_mt.o)
                0x0000000000011ab7                cooja_mt_start
                0x0000000000011ae1                cooja_mt_exec
                0x0000000000011b17                cooja_mt_yield
 .text          0x0000000000011b3a       0xbe build/cooja/mtype247.a(cooja_mtarch.o)
                0x0000000000011b3a                cooja_mtarch_start
                0x0000000000011bad                cooja_sw
                0x0000000000011bd0                cooja_mtarch_exec
                0x0000000000011bed                cooja_mtarch_yield
 .text          0x0000000000011bf8       0xc5 build/cooja/mtype247.a(rtimer-arch.o)
                0x0000000000011bf8                rtimer_arch_init
                0x0000000000011c1c                rtimer_arch_schedule
                0x0000000000011c4c                rtimer_arch_next
                0x0000000000011c5c                rtimer_arch_pending
                0x0000000000011c66                rtimer_arch_check
                0x0000000000011cad                rtimer_arch_now
 .text          0x0000000000011cbd       0x81 build/cooja/mtype247.a(beep.o)
                0x0000000000011cbd                beep_alarm
                0x0000000000011cca                beep_beep
                0x0000000000011cd7                beep
                0x0000000000011ce4                beep_down
                0x0000000000011cf1                beep_on
                0x0000000000011cfe                beep_off
                0x0000000000011d0b                beep_spinup
                0x0000000000011d18                beep_quick
                0x0000000000011d25                beep_long
 .text          0x0000000000011d3e       0x65 build/cooja/mtype247.a(leds-arch.o)
                0x0000000000011d51                leds_arch_init
 .text          0x0000000000011da3       0x35 build/cooja/mtype247.a(moteid.o)
 .text          0x0000000000011dd8       0xb7 build/cooja/mtype247.a(pir-sensor.o)
 .text          0x0000000000011e8f      0x148 build/cooja/mtype247.a(rs232.o)
                0x0000000000011e8f                rs232_init
                0x0000000000011e95                rs232_set_speed
                0x0000000000011ea4                rs232_set_input
                0x0000000000011eb2                rs232_send
                0x0000000000011ed6                rs232_print
                0x0000000000011ef2                slip_arch_writeb
 .text          0x0000000000011fd7       0xb7 build/cooja/mtype247.a(vib-sensor.o)
 .text          0x000000000001208e       0x38 build/cooja/mtype247.a(clock.o)
                0x000000000001208e                clock_init
                0x0000000000012094                clock_time
                0x000000000001209e                clock_seconds
                0x00000000000120b4                clock_delay
 .text          0x00000000000120c6      0x219 build/cooja/mtype247.a(cooja-log.o)
                0x00000000000120c6                simlog_char
                0x0000000000012109                simlog
                0x000000000001217f                log_message
                0x00000000000121b0                log_set_putchar_with_slip
                0x00000000000121be                log_putchar
                0x0000000000012239                log_puts
                0x0000000000012261                log_printf
 .text          0x00000000000122df      0x2b9 build/cooja/mtype247.a(cfs-cooja.o)
                0x00000000000122df                cfs_open
                0x0000000000012348                cfs_close
                0x0000000000012355                cfs_read
                0x00000000000123ea                cfs_write
                0x00000000000124c6                cfs_seek
                0x000000000001254e                cfs_remove
                0x0000000000012572                cfs_opendir
                0x000000000001257c                cfs_readdir
                0x0000000000012586                cfs_closedir
 .text          0x0000000000012598      0x620 build/cooja/mtype247.a(cooja-radio.o)
                0x00000000000125da                radio_set_channel
                0x00000000000125e8                radio_set_txpower
                0x0000000000012600                radio_signal_strength_last
                0x000000000001260a                radio_signal_strength_current
                0x0000000000012614                radio_LQI
 .text          0x0000000000012bb8       0xee build/cooja/mtype247.a(eeprom.o)
                0x0000000000012bb8                eeprom_init
                0x0000000000012bbe                eeprom_read
                0x0000000000012c2c                eeprom_write
 .text          0x0000000000012ca6       0x2d build/cooja/mtype247.a(random.o)
                0x0000000000012ca6                random_init
                0x0000000000012cc6                random_rand
 .text          0x0000000000012cd3      0x29c build/cooja/mtype247.a(sensors.o)
                0x0000000000012d0e                sensors_first
                0x0000000000012d18                sensors_next
                0x0000000000012d32                sensors_changed
                0x0000000000012d66                sensors_find
 .text          0x0000000000012f6f      0x349 build/cooja/mtype247.a(leds.o)
                0x0000000000012f6f                leds_init
                0x0000000000012fb6                leds_single_on
                0x0000000000013015                leds_single_off
                0x0000000000013074                leds_single_toggle
                0x00000000000130a6                leds_on
                0x0000000000013128                leds_off
                0x00000000000131aa                leds_toggle
                0x00000000000131ff                leds_set
                0x000000000001322b                leds_get
 .text          0x00000000000132b8      0x343 build/cooja/mtype247.a(gpio-hal-arch.o)
                0x00000000000132b8                gpio_hal_arch_register_pin_callback
                0x0000000000013324                gpio_hal_arch_init
                0x0000000000013369                gpio_hal_arch_no_port_interrupt_enable
                0x0000000000013399                gpio_hal_arch_no_port_interrupt_disable
                0x00000000000133c9                gpio_hal_arch_no_port_pin_cfg_set
                0x00000000000133ee                gpio_hal_arch_no_port_pin_cfg_get
                0x0000000000013414                gpio_hal_arch_no_port_pin_set_input
                0x0000000000013426                gpio_hal_arch_no_port_pin_set_output
                0x0000000000013438                gpio_hal_arch_no_port_set_pin
                0x0000000000013459                gpio_hal_arch_no_port_clear_pin
                0x000000000001347a                gpio_hal_arch_no_port_read_pin
                0x00000000000134a0                gpio_hal_arch_no_port_write_pin
                0x00000000000134ca                gpio_hal_arch_no_port_set_pins
                0x0000000000013511                gpio_hal_arch_no_port_clear_pins
                0x0000000000013558                gpio_hal_arch_no_port_read_pins
                0x000000000001359b                gpio_hal_arch_no_port_write_pins
 .text          0x00000000000135fb       0x89 build/cooja/mtype247.a(buttons.o)
 .text          0x0000000000013684      0x343 build/cooja/mtype247.a(bin.o)
 .text          0x00000000000139c7      0x27b build/cooja/mtype247.a(coap-blocking-a)
                0x00000000000139c7                coap_blocking_request_callback
                0x00000000000139f1                coap_blocking_request
 .text          0x0000000000013c42      0xbea build/cooja/mtype247.a(coap-engine.o)
                0x0000000000013cd7                coap_add_handler
                0x0000000000013cf4                coap_remove_handler
                0x0000000000013d11                coap_call_handlers
                0x0000000000013e19                coap_receive
                0x0000000000014414                coap_engine_init
                0x0000000000014472                coap_activate_resource
                0x000000000001451d                coap_get_first_resource
                0x0000000000014536                coap_get_next_resource
 .text          0x000000000001482c      0x2d9 build/cooja/mtype247.a(coap-res-well-k)
 .text          0x0000000000014b05      0x96a build/cooja/mtype247.a(coap-observe.o)
                0x0000000000014c1a                coap_remove_observer
                0x0000000000014c4a                coap_remove_observer_by_client
                0x0000000000014cb2                coap_remove_observer_by_token
                0x0000000000014d45                coap_remove_observer_by_uri
                0x0000000000014dec                coap_remove_observer_by_mid
                0x0000000000014e68                coap_notify_observers
                0x0000000000014e81                coap_notify_observers_sub
                0x00000000000152eb                coap_observe_handler
                0x0000000000015406                coap_has_observers
 .text          0x000000000001546f      0x733 build/cooja/mtype247.a(coap-uip.o)
                0x000000000001546f                coap_endpoint_log
                0x00000000000154f5                coap_endpoint_print
                0x000000000001557b                coap_endpoint_snprint
                0x00000000000156ae                coap_endpoint_copy
                0x00000000000156eb                coap_endpoint_cmp
                0x00000000000157f9                coap_endpoint_parse
                0x00000000000159e4                coap_endpoint_is_secure
                0x00000000000159f3                coap_endpoint_is_connected
                0x0000000000015a27                coap_endpoint_connect
                0x0000000000015a43                coap_endpoint_disconnect
                0x0000000000015a49                coap_databuf
                0x0000000000015a53                coap_transport_init
                0x0000000000015aa3                coap_sendto
 .text          0x0000000000015ba2      0x324 build/cooja/mtype247.a(coap-timer.o)
                0x0000000000015c9f                coap_timer_stop
                0x0000000000015cca                coap_timer_set
                0x0000000000015d0d                coap_timer_reset
                0x0000000000015d50                coap_timer_time_to_next_expiration
                0x0000000000015dbc                coap_timer_run
                0x0000000000015e88                coap_timer_init
 .text          0x0000000000015ec6      0x2c6 build/cooja/mtype247.a(coap-transactio)
                0x0000000000015f2c                coap_new_transaction
                0x0000000000015f92                coap_send_transaction
                0x00000000000160f3                coap_clear_transaction
                0x000000000001613b                coap_get_transaction_by_mid
 .text          0x000000000001618c     0x1c53 build/cooja/mtype247.a(coap.o)
                0x00000000000166f9                coap_init_connection
                0x000000000001670d                coap_get_mid
                0x0000000000016729                coap_init_message
                0x0000000000016772                coap_serialize_message
                0x0000000000016df4                coap_parse_message
                0x000000000001745b                coap_get_query_variable
                0x000000000001749d                coap_get_post_variable
                0x00000000000174e1                coap_set_status_code
                0x0000000000017506                coap_set_token
                0x000000000001754d                coap_get_header_content_format
                0x000000000001757e                coap_set_header_content_format
                0x00000000000175a1                coap_get_header_accept
                0x00000000000175d2                coap_set_header_accept
                0x00000000000175f5                coap_get_header_max_age
                0x0000000000017626                coap_set_header_max_age
                0x0000000000017646                coap_get_header_etag
                0x0000000000017678                coap_set_header_etag
                0x00000000000176cf                coap_get_header_if_match
                0x0000000000017701                coap_set_header_if_match
                0x0000000000017758                coap_get_header_if_none_match
                0x0000000000017772                coap_set_header_if_none_match
                0x0000000000017789                coap_get_header_proxy_uri
                0x00000000000177b7                coap_set_header_proxy_uri
                0x00000000000177f4                coap_get_header_uri_host
                0x0000000000017822                coap_set_header_uri_host
                0x000000000001785f                coap_get_header_uri_path
                0x000000000001788d                coap_set_header_uri_path
                0x00000000000178da                coap_get_header_uri_query
                0x000000000001790e                coap_set_header_uri_query
                0x0000000000017964                coap_get_header_location_path
                0x0000000000017992                coap_set_header_location_path
                0x0000000000017a2b                coap_get_header_location_query
                0x0000000000017a59                coap_set_header_location_query
                0x0000000000017aa6                coap_get_header_observe
                0x0000000000017ad5                coap_set_header_observe
                0x0000000000017af5                coap_get_header_block2
                0x0000000000017b61                coap_set_header_block2
                0x0000000000017bd8                coap_get_header_block1
                0x0000000000017c4d                coap_set_header_block1
                0x0000000000017cc8                coap_get_header_size2
                0x0000000000017cf8                coap_set_header_size2
                0x0000000000017d1b                coap_get_header_size1
                0x0000000000017d4b                coap_set_header_size1
                0x0000000000017d6e                coap_get_payload
                0x0000000000017da8                coap_set_payload
 .text          0x0000000000017ddf      0x332 build/cooja/mtype247.a(contiki-main.o)
                0x0000000000017ddf                main
 .text          0x0000000000018111       0x92 build/cooja/mtype247.a(autostart.o)
                0x0000000000018111                autostart_start
                0x000000000001815b                autostart_exit
 .text          0x00000000000181a3      0x355 build/cooja/mtype247.a(ctimer.o)
                0x00000000000182cb                ctimer_init
                0x00000000000182fe                ctimer_set
                0x0000000000018324                ctimer_set_with_process
                0x00000000000183a1                ctimer_reset
                0x00000000000183f5                ctimer_restart
                0x0000000000018449                ctimer_stop
                0x0000000000018499                ctimer_expired
 .text          0x00000000000184f8      0x394 build/cooja/mtype247.a(log.o)
                0x00000000000184f8                log_6addr
                0x000000000001854b                log_6addr_compact_snprint
                0x00000000000185e9                log_6addr_compact
                0x000000000001863c                log_lladdr
                0x00000000000186ae                log_lladdr_compact
                0x0000000000018716                log_set_level
                0x00000000000187d1                log_get_level
                0x000000000001884a                log_level_to_str
 .text          0x000000000001888c       0x1b build/cooja/mtype247.a(energest.o)
                0x000000000001888c                energest_init
                0x0000000000018892                energest_flush
                0x0000000000018898                energest_get_total_time
 .text          0x00000000000188a7      0x43f build/cooja/mtype247.a(etimer.o)
                0x0000000000018acb                etimer_request_poll
                0x0000000000018b54                etimer_set
                0x0000000000018b7d                etimer_reset_with_new_interval
                0x0000000000018bac                etimer_reset
                0x0000000000018bd2                etimer_restart
                0x0000000000018bf8                etimer_adjust
                0x0000000000018c15                etimer_expired
                0x0000000000018c28                etimer_expiration_time
                0x0000000000018c3a                etimer_start_time
                0x0000000000018c44                etimer_pending
                0x0000000000018c56                etimer_next_expiration_time
                0x0000000000018c70                etimer_stop
 .text          0x0000000000018ce6       0x25 build/cooja/mtype247.a(node-id.o)
                0x0000000000018ce6                node_id_init
 .text          0x0000000000018d0b       0xeb build/cooja/mtype247.a(rtimer.o)
                0x0000000000018d0b                rtimer_init
                0x0000000000018d19                rtimer_set
                0x0000000000018d94                rtimer_run_next
 .text          0x0000000000018df6      0x4fb build/cooja/mtype247.a(process.o)
                0x0000000000018df6                process_alloc_event
                0x0000000000018e0b                process_start
                0x0000000000018fe5                process_exit
                0x0000000000019002                process_init
                0x0000000000019197                process_run
                0x00000000000191ca                process_nevents
                0x00000000000191e5                process_post
                0x0000000000019278                process_post_synch
                0x00000000000192ad                process_poll
                0x00000000000192dd                process_is_running
 .text          0x00000000000192f1       0xb1 build/cooja/mtype247.a(timer.o)
                0x00000000000192f1                timer_set
                0x000000000001930f                timer_reset
                0x000000000001933c                timer_restart
                0x0000000000019351                timer_expired
                0x000000000001937e                timer_remaining
 .text          0x00000000000193a2      0x28f build/cooja/mtype247.a(list.o)
                0x00000000000193a2                list_init
                0x00000000000193b1                list_head
                0x00000000000193bb                list_copy
                0x00000000000193cb                list_tail
                0x0000000000019401                list_add
                0x000000000001944d                list_push
                0x0000000000019479                list_chop
                0x00000000000194e3                list_pop
                0x000000000001950b                list_remove
                0x0000000000019573                list_length
                0x00000000000195a1                list_insert
                0x00000000000195e6                list_item_next
                0x00000000000195fd                list_contains
 .text          0x0000000000019631      0x1b5 build/cooja/mtype247.a(memb.o)
                0x0000000000019631                memb_init
                0x0000000000019686                memb_alloc
                0x00000000000196e9                memb_free
                0x0000000000019760                memb_inmemb
                0x000000000001979f                memb_numfree
 .text          0x00000000000197e6      0x41c build/cooja/mtype247.a(button-hal.o)
                0x000000000001995f                button_hal_get_by_id
                0x000000000001999d                button_hal_get_by_index
                0x00000000000199c9                button_hal_get_state
                0x0000000000019a1b                button_hal_init
 .text          0x0000000000019c02      0x1f3 build/cooja/mtype247.a(serial-line.o)
                0x0000000000019c02                serial_line_input_byte
                0x0000000000019dc0                serial_line_init
 .text          0x0000000000019df5      0x168 build/cooja/mtype247.a(gpio-hal.o)
                0x0000000000019df5                gpio_hal_register_handler
                0x0000000000019e12                gpio_hal_event_handler
                0x0000000000019e6e                gpio_hal_init
                0x0000000000019e8d                gpio_hal_arch_port_toggle_pin
                0x0000000000019ec9                gpio_hal_arch_port_toggle_pins
                0x0000000000019ef7                gpio_hal_arch_no_port_toggle_pin
                0x0000000000019f35                gpio_hal_arch_no_port_toggle_pins
 .text          0x0000000000019f5d      0x2e7 build/cooja/mtype247.a(queuebuf.o)
                0x0000000000019f67                queuebuf_init
                0x0000000000019f90                queuebuf_numfree
                0x0000000000019fa8                queuebuf_new_from_packetbuf
                0x000000000001a047                queuebuf_update_attr_from_packetbuf
                0x000000000001a07c                queuebuf_update_from_packetbuf
                0x000000000001a0cc                queuebuf_free
                0x000000000001a115                queuebuf_to_packetbuf
                0x000000000001a181                queuebuf_dataptr
                0x000000000001a1bb                queuebuf_datalen
                0x000000000001a1de                queuebuf_addr
                0x000000000001a213                queuebuf_attr
                0x000000000001a23e                queuebuf_debug_print
 .text          0x000000000001a244      0x407 build/cooja/mtype247.a(packetbuf.o)
                0x000000000001a244                packetbuf_clear
                0x000000000001a26f                packetbuf_copyfrom
                0x000000000001a2be                packetbuf_copyto
                0x000000000001a351                packetbuf_hdralloc
                0x000000000001a3cd                packetbuf_hdrreduce
                0x000000000001a413                packetbuf_set_datalen
                0x000000000001a42d                packetbuf_dataptr
                0x000000000001a44a                packetbuf_hdrptr
                0x000000000001a454                packetbuf_datalen
                0x000000000001a460                packetbuf_hdrlen
                0x000000000001a477                packetbuf_totlen
                0x000000000001a48d                packetbuf_remaininglen
                0x000000000001a4a0                packetbuf_attr_clear
                0x000000000001a4ec                packetbuf_attr_copyto
                0x000000000001a544                packetbuf_attr_copyfrom
                0x000000000001a59c                packetbuf_set_attr
                0x000000000001a5c6                packetbuf_attr
                0x000000000001a5e0                packetbuf_set_addr
                0x000000000001a611                packetbuf_addr
                0x000000000001a62e                packetbuf_holds_broadcast
 .text          0x000000000001a64b       0xef build/cooja/mtype247.a(netstack.o)
                0x000000000001a64b                netstack_process_ip_callback
                0x000000000001a6dc                netstack_ip_packet_processor_add
                0x000000000001a6ff                uip_ds6_ip_packet_processor_rm
                0x000000000001a71c                netstack_init
 .text          0x000000000001a73a       0x4f build/cooja/mtype247.a(linkaddr.o)
                0x000000000001a73a                linkaddr_copy
                0x000000000001a750                linkaddr_cmp
                0x000000000001a773                linkaddr_set_node_addr
 .text          0x000000000001a789      0x1f6 build/cooja/mtype247.a(csma.o)
 .text          0x000000000001a97f      0x95d build/cooja/mtype247.a(csma-output.o)
                0x000000000001b016                csma_output_packet
                0x000000000001b2a3                csma_output_init
 .text          0x000000000001b2dc      0xc11 build/cooja/mtype247.a(uip-ds6.o)
                0x000000000001b2dc                uip_ds6_default_prefix
                0x000000000001b2e6                uip_ds6_set_default_prefix
                0x000000000001b311                uip_ds6_init
                0x000000000001b573                uip_ds6_periodic
                0x000000000001b5fa                uip_ds6_list_loop
                0x000000000001b6ba                uip_ds6_prefix_add
                0x000000000001b766                uip_ds6_prefix_rm
                0x000000000001b779                uip_ds6_prefix_lookup
                0x000000000001b7b8                uip_ds6_is_addr_onlink
                0x000000000001b82b                uip_ds6_addr_add
                0x000000000001b94b                uip_ds6_addr_rm
                0x000000000001b9f4                uip_ds6_addr_lookup
                0x000000000001ba2d                uip_ds6_get_link_local
                0x000000000001baae                uip_ds6_get_global
                0x000000000001bb2f                uip_ds6_maddr_add
                0x000000000001bb8f                uip_ds6_maddr_rm
                0x000000000001bba2                uip_ds6_maddr_lookup
                0x000000000001bbdb                uip_ds6_aaddr_add
                0x000000000001bc3b                uip_ds6_aaddr_rm
                0x000000000001bc4e                uip_ds6_aaddr_lookup
                0x000000000001bc87                uip_ds6_select_src
                0x000000000001bdd0                uip_ds6_set_addr_iid
                0x000000000001bdfb                uip_ds6_set_lladdr_from_iid
                0x000000000001be24                get_match_length
                0x000000000001beb5                uip_ds6_compute_reachable_time
 .text          0x000000000001beed      0x128 build/cooja/mtype247.a(uip-udp-packet.)
                0x000000000001beed                uip_udp_packet_send
                0x000000000001bf48                uip_udp_packet_sendto
 .text          0x000000000001c015      0x35b build/cooja/mtype247.a(uip-ds6-route.o)
                0x000000000001c066                uip_ds6_route_init
                0x000000000001c090                uip_ds6_route_nexthop
                0x000000000001c09a                uip_ds6_route_head
                0x000000000001c0a4                uip_ds6_route_next
                0x000000000001c0ae                uip_ds6_route_is_nexthop
                0x000000000001c0b8                uip_ds6_route_num_routes
                0x000000000001c0c2                uip_ds6_route_lookup
                0x000000000001c0cc                uip_ds6_route_add
                0x000000000001c0df                uip_ds6_route_rm
                0x000000000001c0e5                uip_ds6_route_rm_by_nexthop
                0x000000000001c0eb                uip_ds6_defrt_head
                0x000000000001c104                uip_ds6_defrt_add
                0x000000000001c1b2                uip_ds6_defrt_rm
                0x000000000001c218                uip_ds6_defrt_lookup
                0x000000000001c27f                uip_ds6_defrt_choose
                0x000000000001c2f5                uip_ds6_defrt_periodic
 .text          0x000000000001c370      0x6f7 build/cooja/mtype247.a(tcpip.o)
                0x000000000001c38a                tcpip_output
                0x000000000001c409                udp_attach
                0x000000000001c421                udp_new
                0x000000000001c46b                udp_broadcast_new
                0x000000000001c5dd                tcpip_input
                0x000000000001c76d                tcpip_ipv6_output
                0x000000000001c961                tcpip_poll_udp
                0x000000000001c97f                tcpip_uipcall
 .text          0x000000000001ca67     0x1205 build/cooja/mtype247.a(uip6.o)
                0x000000000001cb16                uip_chksum
                0x000000000001cbed                uip_icmp6chksum
                0x000000000001cc02                uip_udpchksum
                0x000000000001cc17                uip_init
                0x000000000001cc60                uip_remove_ext_hdr
                0x000000000001cd3a                uip_udp_new
                0x000000000001d04e                uip_process
                0x000000000001db46                uip_htons
                0x000000000001db68                uip_htonl
                0x000000000001dba6                uip_send
 .text          0x000000000001dc6c      0x369 build/cooja/mtype247.a(uip-ds6-nbr.o)
                0x000000000001dc6c                uip_ds6_neighbors_init
                0x000000000001dc90                uip_ds6_nbr_add
                0x000000000001dd16                uip_ds6_nbr_rm
                0x000000000001dd61                uip_ds6_nbr_update_ll
                0x000000000001de4f                uip_ds6_nbr_get_ipaddr
                0x000000000001de64                uip_ds6_nbr_get_ll
                0x000000000001de80                uip_ds6_nbr_num
                0x000000000001dec9                uip_ds6_nbr_head
                0x000000000001dee2                uip_ds6_nbr_next
                0x000000000001defe                uip_ds6_nbr_lookup
                0x000000000001df56                uip_ds6_nbr_ll_lookup
                0x000000000001df72                uip_ds6_nbr_ipaddr_from_lladdr
                0x000000000001df9b                uip_ds6_nbr_lladdr_from_ipaddr
                0x000000000001dfcf                uip_ds6_link_callback
 .text          0x000000000001dfd5      0x6a7 build/cooja/mtype247.a(uip-nd6.o)
                0x000000000001e663                uip_nd6_init
 .text          0x000000000001e67c     0x2c17 build/cooja/mtype247.a(sicslowpan.o)
                0x000000000001ec83                netstack_sniffer_add
                0x000000000001ec91                netstack_sniffer_remove
                0x0000000000021267                sicslowpan_init
                0x0000000000021289                sicslowpan_get_last_rssi
 .text          0x0000000000021293      0x4d1 build/cooja/mtype247.a(uiplib.o)
                0x0000000000021293                uiplib_ip6addrconv
                0x000000000002144b                uiplib_ip4addrconv
                0x000000000002150e                uiplib_ipaddr_print
                0x0000000000021561                uiplib_ipaddr_snprint
 .text          0x0000000000021764      0x4c9 build/cooja/mtype247.a(rpl.o)
                0x0000000000021764                rpl_lollipop_greater_than
                0x00000000000217be                rpl_get_global_address
                0x00000000000218b6                rpl_link_callback
                0x00000000000218fa                rpl_has_joined
                0x000000000002191f                rpl_is_reachable
                0x00000000000219a0                rpl_reset_prefix
                0x0000000000021a0a                rpl_set_prefix_from_addr
                0x0000000000021aef                rpl_set_prefix
                0x0000000000021c09                rpl_set_leaf_only
                0x0000000000021c21                rpl_get_leaf_only
 .text          0x0000000000021c2d     0x138c build/cooja/mtype247.a(rpl-icmp6.o)
                0x0000000000021d52                rpl_icmp6_update_nbr_table
                0x0000000000021ddb                rpl_icmp6_dis_output
                0x0000000000022421                rpl_icmp6_dio_output
                0x0000000000022c1f                rpl_icmp6_dao_output
                0x0000000000022f00                rpl_icmp6_dao_ack_output
                0x0000000000022f70                rpl_icmp6_init
 .text          0x0000000000022fb9      0x264 build/cooja/mtype247.a(rpl-dag-root.o)
                0x0000000000022fb9                rpl_dag_root_print_links
                0x00000000000230e5                rpl_dag_root_set_prefix
                0x0000000000023111                rpl_dag_root_start
                0x00000000000231ee                rpl_dag_root_is_root
 .text          0x000000000002321d       0x30 build/cooja/mtype247.a(watchdog.o)
                0x000000000002321d                watchdog_init
                0x0000000000023223                watchdog_start
                0x0000000000023229                watchdog_periodic
                0x0000000000023241                watchdog_stop
                0x0000000000023247                watchdog_reboot
 .text          0x000000000002324d       0x4a build/cooja/mtype247.a(int-master.o)
                0x000000000002324d                int_master_enable
                0x000000000002325d                int_master_read_and_disable
                0x000000000002327a                int_master_status_set
                0x0000000000023288                int_master_is_enabled
 .text          0x0000000000023297      0x226 build/cooja/mtype247.a(coap-timer-defa)
 .text          0x00000000000234bd       0xc7 build/cooja/mtype247.a(stimer.o)
                0x00000000000234bd                stimer_set
                0x00000000000234db                stimer_reset
                0x0000000000023508                stimer_restart
                0x000000000002351d                stimer_expired
                0x0000000000023548                stimer_remaining
                0x000000000002356c                stimer_elapsed
 .text          0x0000000000023584      0x156 build/cooja/mtype247.a(ringbuf.o)
                0x0000000000023584                ringbuf_init
                0x00000000000235b6                ringbuf_put
                0x0000000000023634                ringbuf_get
                0x00000000000236a1                ringbuf_size
                0x00000000000236b3                ringbuf_elements
 .text          0x00000000000236da       0x1f build/cooja/mtype247.a(assert.o)
                0x00000000000236da                _xassert
 .text          0x00000000000236f9      0x79b build/cooja/mtype247.a(nbr-table.o)
                0x0000000000023b72                nbr_table_register
                0x0000000000023bdf                nbr_table_is_registered
                0x0000000000023c1a                nbr_table_head
                0x0000000000023c75                nbr_table_next
                0x0000000000023cd6                nbr_table_add_lladdr
                0x0000000000023db0                nbr_table_get_from_lladdr
                0x0000000000023dfc                nbr_table_remove
                0x0000000000023e34                nbr_table_lock
                0x0000000000023e4e                nbr_table_unlock
                0x0000000000023e68                nbr_table_get_lladdr
 .text          0x0000000000023e94      0x3a5 build/cooja/mtype247.a(link-stats.o)
                0x0000000000023e94                link_stats_from_lladdr
                0x0000000000023eb0                link_stats_get_lladdr
                0x0000000000023ecc                link_stats_is_fresh
                0x0000000000023f08                guess_etx_from_rssi
                0x0000000000023f84                link_stats_packet_sent
                0x00000000000240a4                link_stats_input_callback
                0x00000000000241b4                link_stats_reset
                0x0000000000024204                link_stats_init
 .text          0x0000000000024239      0x187 build/cooja/mtype247.a(mac-sequence.o)
                0x0000000000024239                mac_sequence_is_duplicate
                0x00000000000242d9                mac_sequence_register_seqno
 .text          0x00000000000243c0       0x23 build/cooja/mtype247.a(mac.o)
                0x00000000000243c0                mac_call_sent_callback
 .text          0x00000000000243e3      0x432 build/cooja/mtype247.a(framer-802154.o)
                0x0000000000024572                framer_802154_setup_params
 .text          0x0000000000024815      0xb6f build/cooja/mtype247.a(frame802154.o)
                0x0000000000024846                frame802154_get_pan_id
                0x0000000000024852                frame802154_set_pan_id
                0x000000000002486c                frame802154_has_panid
                0x0000000000024a1b                frame802154_check_dest_panid
                0x0000000000024aa3                frame802154_is_broadcast_addr
                0x0000000000024af0                frame802154_extract_linkaddr
                0x0000000000024d55                frame802154_hdrlen
                0x0000000000024dc8                frame802154_create_fcf
                0x0000000000024e80                frame802154_create
                0x0000000000024ff5                frame802154_parse_fcf
                0x00000000000250d7                frame802154_parse
 .text          0x0000000000025384       0x2d build/cooja/mtype247.a(csma-security.o)
                0x0000000000025384                csma_security_create_frame
                0x00000000000253a2                csma_security_parse_frame
 .text          0x00000000000253b1      0x4e4 build/cooja/mtype247.a(uipbuf.o)
                0x00000000000253b1                uipbuf_clear
                0x00000000000253d8                uipbuf_add_ext_hdr
                0x0000000000025458                uipbuf_set_len
                0x0000000000025485                uipbuf_set_len_field
                0x00000000000254b1                uipbuf_get_len_field
                0x00000000000254d1                uipbuf_get_next_header
                0x0000000000025603                uipbuf_get_last_header
                0x000000000002567c                uipbuf_search_header
                0x0000000000025732                uipbuf_get_attr
                0x0000000000025759                uipbuf_set_attr
                0x0000000000025790                uipbuf_set_default_attr
                0x00000000000257c7                uipbuf_clear_attr
                0x00000000000257eb                uipbuf_set_attr_flag
                0x000000000002580c                uipbuf_clr_attr_flag
                0x0000000000025833                uipbuf_is_attr_flag
                0x0000000000025857                uipbuf_init
 .text          0x0000000000025895      0x73f build/cooja/mtype247.a(uip-icmp6.o)
                0x000000000002590a                uip_icmp6_input
                0x0000000000025961                uip_icmp6_register_input_handler
                0x0000000000025ab4                uip_icmp6_error_output
                0x0000000000025d65                uip_icmp6_send
                0x0000000000025f5c                uip_icmp6_echo_reply_callback_add
                0x0000000000025f8e                uip_icmp6_echo_reply_callback_rm
                0x0000000000025fab                uip_icmp6_init
 .text          0x0000000000025fd4      0x69b build/cooja/mtype247.a(uip-sr.o)
                0x0000000000025fd4                uip_sr_num_nodes
                0x0000000000026062                uip_sr_get_node
                0x00000000000260b9                uip_sr_is_addr_reachable
                0x0000000000026167                uip_sr_expire_parent
                0x00000000000261b0                uip_sr_update_node
                0x00000000000262e0                uip_sr_init
                0x0000000000026314                uip_sr_node_head
                0x000000000002632d                uip_sr_node_next
                0x0000000000026343                uip_sr_periodic
                0x0000000000026449                uip_sr_free_all
                0x00000000000264b9                uip_sr_link_snprint
 .text          0x000000000002666f      0x146 build/cooja/mtype247.a(uip-packetqueue)
                0x000000000002669d                uip_packetqueue_new
                0x00000000000266ac                uip_packetqueue_alloc
                0x0000000000026707                uip_packetqueue_free
                0x000000000002674e                uip_packetqueue_buf
                0x000000000002676b                uip_packetqueue_buflen
                0x000000000002678c                uip_packetqueue_set_buflen
 .text          0x00000000000267b5      0x1b0 build/cooja/mtype247.a(rpl-nbr-policy.)
                0x0000000000026922                rpl_nbr_policy_find_removable
 .text          0x0000000000026965      0x915 build/cooja/mtype247.a(rpl-neighbor.o)
                0x00000000000269e1                rpl_neighbor_snprint
                0x0000000000026c94                rpl_neighbor_print_list
                0x0000000000026d49                rpl_neighbor_count
                0x0000000000026df0                rpl_neighbor_get_from_lladdr
                0x0000000000026e0c                rpl_neighbor_is_acceptable_parent
                0x0000000000026e40                rpl_neighbor_get_link_metric
                0x0000000000026e74                rpl_neighbor_rank_via_nbr
                0x0000000000026ea8                rpl_neighbor_get_lladdr
                0x0000000000026ec4                rpl_neighbor_get_ipaddr
                0x0000000000026eeb                rpl_neighbor_get_link_stats
                0x0000000000026f12                rpl_neighbor_is_fresh
                0x0000000000026f39                rpl_neighbor_is_reachable
                0x0000000000026f84                rpl_neighbor_is_parent
                0x0000000000026fae                rpl_neighbor_set_preferred_parent
                0x0000000000027045                rpl_neighbor_remove_all
                0x00000000000270a1                rpl_neighbor_get_from_ipaddr
                0x00000000000271af                rpl_neighbor_select_best
                0x000000000002725b                rpl_neighbor_init
 .text          0x000000000002727a      0xe69 build/cooja/mtype247.a(rpl-dag.o)
                0x000000000002727a                rpl_dag_state_to_str
                0x00000000000272b9                rpl_dag_get_root_ipaddr
                0x0000000000027301                rpl_dag_leave
                0x000000000002738a                rpl_dag_poison_and_leave
                0x00000000000273a2                rpl_dag_periodic
                0x000000000002742a                rpl_is_addr_in_our_dag
                0x000000000002746e                rpl_get_default_instance
                0x000000000002748a                rpl_get_any_dag
                0x00000000000274e3                rpl_refresh_routes
                0x0000000000027523                rpl_global_repair
                0x00000000000275bc                rpl_local_repair
                0x0000000000027606                rpl_dag_ready_to_advertise
                0x0000000000027649                rpl_dag_update_state
                0x0000000000027d76                rpl_process_dio
                0x0000000000027df4                rpl_process_dis
                0x0000000000027e39                rpl_process_dao
                0x0000000000027ec8                rpl_process_dao_ack
                0x0000000000027f5f                rpl_process_hbh
                0x0000000000027faf                rpl_dag_init_root
                0x00000000000280c3                rpl_dag_init
 .text          0x00000000000280e3      0x9e7 build/cooja/mtype247.a(rpl-timers.o)
                0x00000000000280e3                rpl_timers_schedule_periodic_dis
                0x0000000000028231                rpl_timers_dio_reset
                0x000000000002833f                rpl_timers_schedule_unicast_dio
                0x0000000000028493                rpl_timers_schedule_dao
                0x0000000000028552                rpl_timers_schedule_dao_ack
                0x00000000000285d8                rpl_timers_notify_dao_ack
                0x0000000000028636                get_probing_delay
                0x000000000002866a                get_probing_target
                0x0000000000028854                rpl_schedule_probing
                0x0000000000028882                rpl_schedule_probing_now
                0x00000000000288ec                rpl_timers_unschedule_leaving
                0x0000000000028924                rpl_timers_schedule_leaving
                0x0000000000028965                rpl_timers_init
                0x00000000000289f5                rpl_timers_stop_dag_timers
                0x0000000000028a6e                rpl_timers_unschedule_state_update
                0x0000000000028a92                rpl_timers_schedule_state_update
 .text          0x0000000000028aca      0xb8e build/cooja/mtype247.a(rpl-ext-header.)
                0x0000000000028aca                rpl_ext_header_srh_get_next_hop
                0x0000000000028bb1                rpl_ext_header_srh_update
                0x000000000002911d                rpl_ext_header_hbh_update
                0x000000000002941d                rpl_ext_header_update
                0x00000000000294a6                rpl_ext_header_remove
 .text          0x0000000000029658      0x31b build/cooja/mtype247.a(rpl-mrhof.o)
 *fill*         0x0000000000029973        0xd 
 .text          0x0000000000029980      0x122 /usr/lib/gcc/i686-linux-gnu/5/libgcc.a(_udivdi3.o)
                0x0000000000029980                __udivdi3
 .text          0x0000000000029aa2        0x0 /usr/lib/gcc/i686-linux-gnu/5/crtendS.o
 .text          0x0000000000029aa2        0x0 /usr/lib/gcc/i686-linux-gnu/5/../../../i386-linux-gnu/crtn.o
 *(.gnu.warning)

.fini           0x0000000000029aa4       0x14
 *(SORT(.fini))
 .fini          0x0000000000029aa4        0xf /usr/lib/gcc/i686-linux-gnu/5/../../../i386-linux-gnu/crti.o
                0x0000000000029aa4                _fini
 .fini          0x0000000000029ab3        0x5 /usr/lib/gcc/i686-linux-gnu/5/../../../i386-linux-gnu/crtn.o
                [!provide]                        PROVIDE (__etext, .)
                [!provide]                        PROVIDE (_etext, .)
                [!provide]                        PROVIDE (etext, .)

.rodata         0x0000000000029ac0      0xaeb
 *(.rodata .rodata.* .gnu.linkonce.r.*)
 .rodata        0x0000000000029ac0       0xa1 device.o
                0x0000000000029ac8                autostart_processes
 *fill*         0x0000000000029b61        0x3 
 .rodata        0x0000000000029b64        0x8 build/cooja/mtype247.a(beep.o)
                0x0000000000029b64                beep_interface
 .rodata        0x0000000000029b6c        0xe build/cooja/mtype247.a(leds-arch.o)
                0x0000000000029b6c                leds_interface
                0x0000000000029b74                leds_arch_leds
 *fill*         0x0000000000029b7a        0x2 
 .rodata        0x0000000000029b7c        0x8 build/cooja/mtype247.a(moteid.o)
                0x0000000000029b7c                moteid_interface
 .rodata        0x0000000000029b84       0x1c build/cooja/mtype247.a(pir-sensor.o)
                0x0000000000029b84                pir_interface
                0x0000000000029b90                pir_sensor
 .rodata        0x0000000000029ba0        0xe build/cooja/mtype247.a(rs232.o)
                0x0000000000029ba0                rs232_interface
 *fill*         0x0000000000029bae        0x2 
 .rodata        0x0000000000029bb0       0x24 build/cooja/mtype247.a(vib-sensor.o)
                0x0000000000029bb0                vib_interface
                0x0000000000029bc4                vib_sensor
 .rodata        0x0000000000029bd4        0x8 build/cooja/mtype247.a(clock.o)
                0x0000000000029bd4                clock_interface
 .rodata        0x0000000000029bdc        0x8 build/cooja/mtype247.a(cooja-log.o)
                0x0000000000029bdc                simlog_interface
 .rodata        0x0000000000029be4       0x2f build/cooja/mtype247.a(cfs-cooja.o)
                0x0000000000029be4                cfs_interface
 *fill*         0x0000000000029c13        0xd 
 .rodata        0x0000000000029c20       0xb8 build/cooja/mtype247.a(cooja-radio.o)
                0x0000000000029c20                radio_interface
                0x0000000000029ca0                cooja_radio_driver
 .rodata        0x0000000000029cd8        0x8 build/cooja/mtype247.a(eeprom.o)
                0x0000000000029cd8                eeprom_interface
 .rodata        0x0000000000029ce0        0x8 build/cooja/mtype247.a(sensors.o)
 .rodata        0x0000000000029ce8       0x2c build/cooja/mtype247.a(buttons.o)
                0x0000000000029ce8                button_interface
                0x0000000000029cfc                button_hal_button_count
                0x0000000000029d04                button_sensor
 .rodata        0x0000000000029d14       0xda build/cooja/mtype247.a(bin.o)
 .rodata        0x0000000000029dee       0x41 build/cooja/mtype247.a(coap-engine.o)
 .rodata        0x0000000000029e2f       0x19 build/cooja/mtype247.a(coap-res-well-k)
 .rodata        0x0000000000029e48       0x11 build/cooja/mtype247.a(coap-observe.o)
 .rodata        0x0000000000029e59       0x35 build/cooja/mtype247.a(coap-uip.o)
 *fill*         0x0000000000029e8e        0x2 
 .rodata        0x0000000000029e90      0x1ac build/cooja/mtype247.a(coap.o)
 .rodata        0x000000000002a03c       0xf4 build/cooja/mtype247.a(contiki-main.o)
 .rodata        0x000000000002a130        0xf build/cooja/mtype247.a(ctimer.o)
 *fill*         0x000000000002a13f        0x1 
 .rodata        0x000000000002a140       0xc4 build/cooja/mtype247.a(log.o)
 .rodata        0x000000000002a204        0xc build/cooja/mtype247.a(etimer.o)
 .rodata        0x000000000002a210       0x13 build/cooja/mtype247.a(button-hal.o)
 .rodata        0x000000000002a223        0xe build/cooja/mtype247.a(serial-line.o)
 *fill*         0x000000000002a231        0x3 
 .rodata        0x000000000002a234        0x8 build/cooja/mtype247.a(linkaddr.o)
                0x000000000002a234                linkaddr_null
 .rodata        0x000000000002a23c       0x24 build/cooja/mtype247.a(csma.o)
                0x000000000002a244                csma_driver
 .rodata        0x000000000002a260       0x27 build/cooja/mtype247.a(csma-output.o)
 *fill*         0x000000000002a287        0x1 
 .rodata        0x000000000002a288       0x4d build/cooja/mtype247.a(uip-ds6-route.o)
 .rodata        0x000000000002a2d5        0xd build/cooja/mtype247.a(tcpip.o)
 *fill*         0x000000000002a2e2        0x2 
 .rodata        0x000000000002a2e4       0x30 build/cooja/mtype247.a(sicslowpan.o)
                0x000000000002a2e4                unc_llconf
                0x000000000002a2e8                unc_ctxconf
                0x000000000002a2ec                unc_mxconf
                0x000000000002a2f0                llprefix
                0x000000000002a304                sicslowpan_driver
 .rodata        0x000000000002a314       0x2d build/cooja/mtype247.a(uiplib.o)
 *fill*         0x000000000002a341       0x1f 
 .rodata        0x000000000002a360       0x74 build/cooja/mtype247.a(rpl.o)
                0x000000000002a380                rpl_lite_driver
 .rodata        0x000000000002a3d4       0x20 build/cooja/mtype247.a(coap-timer-defa)
                0x000000000002a3e8                coap_timer_default_driver
 .rodata        0x000000000002a3f4       0x25 build/cooja/mtype247.a(assert.o)
 *fill*         0x000000000002a419        0x3 
 .rodata        0x000000000002a41c        0xc build/cooja/mtype247.a(framer-802154.o)
                0x000000000002a41c                framer_802154
 .rodata        0x000000000002a428       0x44 build/cooja/mtype247.a(uip-sr.o)
 .rodata        0x000000000002a46c       0x58 build/cooja/mtype247.a(rpl-neighbor.o)
 .rodata        0x000000000002a4c4       0xdb build/cooja/mtype247.a(rpl-dag.o)
 .rodata        0x000000000002a59f        0xc build/cooja/mtype247.a(rpl-timers.o)

.rodata1
 *(.rodata1)

.eh_frame_hdr   0x000000000002a5ac     0x19dc
 *(.eh_frame_hdr)
 .eh_frame_hdr  0x000000000002a5ac     0x19dc device.o
                0x000000000002a5ac                __GNU_EH_FRAME_HDR
 *(.eh_frame_entry .eh_frame_entry.*)

.eh_frame       0x000000000002bf88     0x68e8
 *(.eh_frame)
 .eh_frame      0x000000000002bf88       0x3c /usr/lib/gcc/i686-linux-gnu/5/../../../i386-linux-gnu/crti.o
                                         0x40 (size before relaxing)
 .eh_frame      0x000000000002bfc4       0x40 device.o
                                         0x58 (size before relaxing)
 .eh_frame      0x000000000002c004      0x178 build/cooja/mtype247.o
                                        0x190 (size before relaxing)
 .eh_frame      0x000000000002c17c       0x40 build/cooja/mtype247.a(simEnvChange.o)
                                         0x58 (size before relaxing)
 .eh_frame      0x000000000002c1bc       0x60 build/cooja/mtype247.a(cooja_mt.o)
                                         0x78 (size before relaxing)
 .eh_frame      0x000000000002c21c       0x80 build/cooja/mtype247.a(cooja_mtarch.o)
                                         0x98 (size before relaxing)
 .eh_frame      0x000000000002c29c       0xc8 build/cooja/mtype247.a(rtimer-arch.o)
                                         0xe0 (size before relaxing)
 .eh_frame      0x000000000002c364      0x160 build/cooja/mtype247.a(beep.o)
                                        0x178 (size before relaxing)
 .eh_frame      0x000000000002c4c4       0x80 build/cooja/mtype247.a(leds-arch.o)
                                         0x98 (size before relaxing)
 .eh_frame      0x000000000002c544       0x40 build/cooja/mtype247.a(moteid.o)
                                         0x58 (size before relaxing)
 .eh_frame      0x000000000002c584       0xa0 build/cooja/mtype247.a(pir-sensor.o)
                                         0xb8 (size before relaxing)
 .eh_frame      0x000000000002c624      0x100 build/cooja/mtype247.a(rs232.o)
                                        0x118 (size before relaxing)
 .eh_frame      0x000000000002c724       0xa0 build/cooja/mtype247.a(vib-sensor.o)
                                         0xb8 (size before relaxing)
 .eh_frame      0x000000000002c7c4       0xc0 build/cooja/mtype247.a(clock.o)
                                         0xd8 (size before relaxing)
 .eh_frame      0x000000000002c884      0x120 build/cooja/mtype247.a(cooja-log.o)
                                        0x138 (size before relaxing)
 .eh_frame      0x000000000002c9a4      0x160 build/cooja/mtype247.a(cfs-cooja.o)
                                        0x178 (size before relaxing)
 .eh_frame      0x000000000002cb04      0x340 build/cooja/mtype247.a(cooja-radio.o)
                                        0x358 (size before relaxing)
 .eh_frame      0x000000000002ce44       0xa0 build/cooja/mtype247.a(eeprom.o)
                                         0xb8 (size before relaxing)
 .eh_frame      0x000000000002cee4       0x40 build/cooja/mtype247.a(random.o)
                                         0x58 (size before relaxing)
 .eh_frame      0x000000000002cf24       0xc0 build/cooja/mtype247.a(sensors.o)
                                         0xd8 (size before relaxing)
 .eh_frame      0x000000000002cfe4      0x120 build/cooja/mtype247.a(leds.o)
                                        0x138 (size before relaxing)
 .eh_frame      0x000000000002d104      0x220 build/cooja/mtype247.a(gpio-hal-arch.o)
                                        0x238 (size before relaxing)
 .eh_frame      0x000000000002d324       0xa0 build/cooja/mtype247.a(buttons.o)
                                         0xb8 (size before relaxing)
 .eh_frame      0x000000000002d3c4       0x60 build/cooja/mtype247.a(bin.o)
                                         0x78 (size before relaxing)
 .eh_frame      0x000000000002d424       0x44 build/cooja/mtype247.a(coap-blocking-a)
                                         0x5c (size before relaxing)
 .eh_frame      0x000000000002d468      0x220 build/cooja/mtype247.a(coap-engine.o)
                                        0x238 (size before relaxing)
 .eh_frame      0x000000000002d688       0x24 build/cooja/mtype247.a(coap-res-well-k)
                                         0x3c (size before relaxing)
 .eh_frame      0x000000000002d6ac      0x188 build/cooja/mtype247.a(coap-observe.o)
                                        0x1a0 (size before relaxing)
 .eh_frame      0x000000000002d834      0x250 build/cooja/mtype247.a(coap-uip.o)
                                        0x268 (size before relaxing)
 .eh_frame      0x000000000002da84      0x114 build/cooja/mtype247.a(coap-timer.o)
                                        0x12c (size before relaxing)
 .eh_frame      0x000000000002db98      0x100 build/cooja/mtype247.a(coap-transactio)
                                        0x118 (size before relaxing)
 .eh_frame      0x000000000002dc98      0x6ec build/cooja/mtype247.a(coap.o)
                                        0x704 (size before relaxing)
 .eh_frame      0x000000000002e384       0x30 build/cooja/mtype247.a(contiki-main.o)
                                         0x48 (size before relaxing)
 .eh_frame      0x000000000002e3b4       0x40 build/cooja/mtype247.a(autostart.o)
                                         0x58 (size before relaxing)
 .eh_frame      0x000000000002e3f4      0x100 build/cooja/mtype247.a(ctimer.o)
                                        0x118 (size before relaxing)
 .eh_frame      0x000000000002e4f4      0x100 build/cooja/mtype247.a(log.o)
                                        0x118 (size before relaxing)
 .eh_frame      0x000000000002e5f4       0x60 build/cooja/mtype247.a(energest.o)
                                         0x78 (size before relaxing)
 .eh_frame      0x000000000002e654      0x1e0 build/cooja/mtype247.a(etimer.o)
                                        0x1f8 (size before relaxing)
 .eh_frame      0x000000000002e834       0x20 build/cooja/mtype247.a(node-id.o)
                                         0x38 (size before relaxing)
 .eh_frame      0x000000000002e854       0x60 build/cooja/mtype247.a(rtimer.o)
                                         0x78 (size before relaxing)
 .eh_frame      0x000000000002e8b4      0x1c4 build/cooja/mtype247.a(process.o)
                                        0x1dc (size before relaxing)
 .eh_frame      0x000000000002ea78       0xa4 build/cooja/mtype247.a(timer.o)
                                         0xbc (size before relaxing)
 .eh_frame      0x000000000002eb1c      0x1a0 build/cooja/mtype247.a(list.o)
                                        0x1b8 (size before relaxing)
 .eh_frame      0x000000000002ecbc       0xa0 build/cooja/mtype247.a(memb.o)
                                         0xb8 (size before relaxing)
 .eh_frame      0x000000000002ed5c      0x144 build/cooja/mtype247.a(button-hal.o)
                                        0x15c (size before relaxing)
 .eh_frame      0x000000000002eea0       0x60 build/cooja/mtype247.a(serial-line.o)
                                         0x78 (size before relaxing)
 .eh_frame      0x000000000002ef00       0xe0 build/cooja/mtype247.a(gpio-hal.o)
                                         0xf8 (size before relaxing)
 .eh_frame      0x000000000002efe0      0x1a0 build/cooja/mtype247.a(queuebuf.o)
                                        0x1b8 (size before relaxing)
 .eh_frame      0x000000000002f180      0x28c build/cooja/mtype247.a(packetbuf.o)
                                        0x2a4 (size before relaxing)
 .eh_frame      0x000000000002f40c       0x80 build/cooja/mtype247.a(netstack.o)
                                         0x98 (size before relaxing)
 .eh_frame      0x000000000002f48c       0x60 build/cooja/mtype247.a(linkaddr.o)
                                         0x78 (size before relaxing)
 .eh_frame      0x000000000002f4ec       0xe0 build/cooja/mtype247.a(csma.o)
                                         0xf8 (size before relaxing)
 .eh_frame      0x000000000002f5cc      0x1d0 build/cooja/mtype247.a(csma-output.o)
                                        0x1e8 (size before relaxing)
 .eh_frame      0x000000000002f79c      0x328 build/cooja/mtype247.a(uip-ds6.o)
                                        0x340 (size before relaxing)
 .eh_frame      0x000000000002fac4       0x40 build/cooja/mtype247.a(uip-udp-packet.)
                                         0x58 (size before relaxing)
 .eh_frame      0x000000000002fb04      0x220 build/cooja/mtype247.a(uip-ds6-route.o)
                                        0x238 (size before relaxing)
 .eh_frame      0x000000000002fd24      0x244 build/cooja/mtype247.a(tcpip.o)
                                        0x25c (size before relaxing)
 .eh_frame      0x000000000002ff68      0x1e8 build/cooja/mtype247.a(uip6.o)
                                        0x200 (size before relaxing)
 .eh_frame      0x0000000000030150      0x1c0 build/cooja/mtype247.a(uip-ds6-nbr.o)
                                        0x1d8 (size before relaxing)
 .eh_frame      0x0000000000030310       0x84 build/cooja/mtype247.a(uip-nd6.o)
                                         0x9c (size before relaxing)
 .eh_frame      0x0000000000030394      0x2f8 build/cooja/mtype247.a(sicslowpan.o)
                                        0x310 (size before relaxing)
 .eh_frame      0x000000000003068c       0x88 build/cooja/mtype247.a(uiplib.o)
                                         0xa0 (size before relaxing)
 .eh_frame      0x0000000000030714      0x1e0 build/cooja/mtype247.a(rpl.o)
                                        0x1f8 (size before relaxing)
 .eh_frame      0x00000000000308f4      0x1c4 build/cooja/mtype247.a(rpl-icmp6.o)
                                        0x1dc (size before relaxing)
 .eh_frame      0x0000000000030ab8       0xa0 build/cooja/mtype247.a(rpl-dag-root.o)
                                         0xb8 (size before relaxing)
 .eh_frame      0x0000000000030b58       0xa0 build/cooja/mtype247.a(watchdog.o)
                                         0xb8 (size before relaxing)
 .eh_frame      0x0000000000030bf8       0x80 build/cooja/mtype247.a(int-master.o)
                                         0x98 (size before relaxing)
 .eh_frame      0x0000000000030c78       0xa4 build/cooja/mtype247.a(coap-timer-defa)
                                         0xbc (size before relaxing)
 .eh_frame      0x0000000000030d1c       0xc4 build/cooja/mtype247.a(stimer.o)
                                         0xdc (size before relaxing)
 .eh_frame      0x0000000000030de0       0xa0 build/cooja/mtype247.a(ringbuf.o)
                                         0xb8 (size before relaxing)
 .eh_frame      0x0000000000030e80       0x20 build/cooja/mtype247.a(assert.o)
                                         0x38 (size before relaxing)
 .eh_frame      0x0000000000030ea0      0x2ac build/cooja/mtype247.a(nbr-table.o)
                                        0x2c4 (size before relaxing)
 .eh_frame      0x000000000003114c      0x120 build/cooja/mtype247.a(link-stats.o)
                                        0x138 (size before relaxing)
 .eh_frame      0x000000000003126c       0x48 build/cooja/mtype247.a(mac-sequence.o)
                                         0x60 (size before relaxing)
 .eh_frame      0x00000000000312b4       0x20 build/cooja/mtype247.a(mac.o)
                                         0x38 (size before relaxing)
 .eh_frame      0x00000000000312d4       0xa4 build/cooja/mtype247.a(framer-802154.o)
                                         0xbc (size before relaxing)
 .eh_frame      0x0000000000031378      0x1a4 build/cooja/mtype247.a(frame802154.o)
                                        0x1bc (size before relaxing)
 .eh_frame      0x000000000003151c       0x40 build/cooja/mtype247.a(csma-security.o)
                                         0x58 (size before relaxing)
 .eh_frame      0x000000000003155c      0x200 build/cooja/mtype247.a(uipbuf.o)
                                        0x218 (size before relaxing)
 .eh_frame      0x000000000003175c      0x150 build/cooja/mtype247.a(uip-icmp6.o)
                                        0x168 (size before relaxing)
 .eh_frame      0x00000000000318ac      0x184 build/cooja/mtype247.a(uip-sr.o)
                                        0x19c (size before relaxing)
 .eh_frame      0x0000000000031a30       0xe0 build/cooja/mtype247.a(uip-packetqueue)
                                         0xf8 (size before relaxing)
 .eh_frame      0x0000000000031b10       0x80 build/cooja/mtype247.a(rpl-nbr-policy.)
                                         0x98 (size before relaxing)
 .eh_frame      0x0000000000031b90      0x2d4 build/cooja/mtype247.a(rpl-neighbor.o)
                                        0x2ec (size before relaxing)
 .eh_frame      0x0000000000031e64      0x370 build/cooja/mtype247.a(rpl-dag.o)
                                        0x388 (size before relaxing)
 .eh_frame      0x00000000000321d4      0x3a8 build/cooja/mtype247.a(rpl-timers.o)
                                        0x3c0 (size before relaxing)
 .eh_frame      0x000000000003257c      0x124 build/cooja/mtype247.a(rpl-ext-header.)
                                        0x13c (size before relaxing)
 .eh_frame      0x00000000000326a0      0x148 build/cooja/mtype247.a(rpl-mrhof.o)
                                        0x160 (size before relaxing)
 .eh_frame      0x00000000000327e8       0x84 /usr/lib/gcc/i686-linux-gnu/5/libgcc.a(_udivdi3.o)
                                         0x9c (size before relaxing)
 .eh_frame      0x000000000003286c        0x4 /usr/lib/gcc/i686-linux-gnu/5/crtendS.o
 *(.eh_frame.*)

.gcc_except_table
 *(.gcc_except_table .gcc_except_table.*)

.gnu_extab
 *(.gnu_extab*)

.exception_ranges
 *(.exception_ranges .exception_ranges*)
                0x0000000000033f10                . = DATA_SEGMENT_ALIGN (0x1000, 0x1000)

.eh_frame
 *(.eh_frame)
 *(.eh_frame.*)

.gnu_extab
 *(.gnu_extab)

.gcc_except_table
 *(.gcc_except_table .gcc_except_table.*)

.exception_ranges
 *(.exception_ranges .exception_ranges*)

.tdata
 *(.tdata .tdata.* .gnu.linkonce.td.*)

.tbss
 *(.tbss .tbss.* .gnu.linkonce.tb.*)
 *(.tcommon)

.preinit_array
 *(.preinit_array)

.init_array     0x0000000000033f10        0x4
 *(SORT(.init_array.*) SORT(.ctors.*))
 *(.init_array EXCLUDE_FILE(*crtend?.o *crtend.o *crtbegin?.o *crtbegin.o) .ctors)
 .init_array    0x0000000000033f10        0x4 /usr/lib/gcc/i686-linux-gnu/5/crtbeginS.o

.fini_array     0x0000000000033f14        0x4
 *(SORT(.fini_array.*) SORT(.dtors.*))
 *(.fini_array EXCLUDE_FILE(*crtend?.o *crtend.o *crtbegin?.o *crtbegin.o) .dtors)
 .fini_array    0x0000000000033f14        0x4 /usr/lib/gcc/i686-linux-gnu/5/crtbeginS.o

.ctors
 *crtbegin.o(.ctors)
 *crtbegin?.o(.ctors)
 *(EXCLUDE_FILE(*crtend?.o *crtend.o) .ctors)
 *(SORT(.ctors.*))
 *(.ctors)

.dtors
 *crtbegin.o(.dtors)
 *crtbegin?.o(.dtors)
 *(EXCLUDE_FILE(*crtend?.o *crtend.o) .dtors)
 *(SORT(.dtors.*))
 *(.dtors)

.jcr            0x0000000000033f18        0x4
 *(.jcr)
 .jcr           0x0000000000033f18        0x0 /usr/lib/gcc/i686-linux-gnu/5/crtbeginS.o
 .jcr           0x0000000000033f18        0x4 /usr/lib/gcc/i686-linux-gnu/5/crtendS.o

.data.rel.ro
 *(.data.rel.ro.local* .gnu.linkonce.d.rel.ro.local.*)
 *(.data.rel.ro .data.rel.ro.* .gnu.linkonce.d.rel.ro.*)

.dynamic        0x0000000000033f1c       0xd0
 *(.dynamic)
 .dynamic       0x0000000000033f1c       0xd0 /usr/lib/gcc/i686-linux-gnu/5/../../../i386-linux-gnu/crti.o
                0x0000000000033f1c                _DYNAMIC

.got            0x0000000000033fec       0x14
 *(.got)
 .got           0x0000000000033fec       0x14 /usr/lib/gcc/i686-linux-gnu/5/../../../i386-linux-gnu/crti.o
 *(.igot)
                0x0000000000034ff4                . = DATA_SEGMENT_RELRO_END (., (SIZEOF (.got.plt) >= 0xc)?0xc:0x0)

.got.plt        0x0000000000034000        0xc
 *(.got.plt)
 .got.plt       0x0000000000034000        0xc /usr/lib/gcc/i686-linux-gnu/5/../../../i386-linux-gnu/crti.o
                0x0000000000034000                _GLOBAL_OFFSET_TABLE_
 *(.igot.plt)

.data           0x0000000000034020      0x464
 *(.data .data.* .gnu.linkonce.d.*)
 .data          0x0000000000034020        0x0 /usr/lib/gcc/i686-linux-gnu/5/../../../i386-linux-gnu/crti.o
 .data          0x0000000000034020        0x0 /usr/lib/gcc/i686-linux-gnu/5/crtbeginS.o
 .data.rel.local
                0x0000000000034020        0x4 /usr/lib/gcc/i686-linux-gnu/5/crtbeginS.o
                0x0000000000034020                __dso_handle
 .data          0x0000000000034024       0x10 device.o
                0x0000000000034024                node_process
 *fill*         0x0000000000034034        0xc 
 .data          0x0000000000034040       0x44 build/cooja/mtype247.o
                0x0000000000034040                simInterfaces
                0x0000000000034074                sensors
 .data          0x0000000000034084        0x0 build/cooja/mtype247.a(simEnvChange.o)
 .data          0x0000000000034084        0x0 build/cooja/mtype247.a(cooja_mt.o)
 .data          0x0000000000034084        0x0 build/cooja/mtype247.a(cooja_mtarch.o)
 .data          0x0000000000034084        0x0 build/cooja/mtype247.a(rtimer-arch.o)
 .data          0x0000000000034084        0x0 build/cooja/mtype247.a(beep.o)
 .data          0x0000000000034084        0x0 build/cooja/mtype247.a(leds-arch.o)
 .data          0x0000000000034084        0x0 build/cooja/mtype247.a(moteid.o)
 .data          0x0000000000034084        0x0 build/cooja/mtype247.a(pir-sensor.o)
 .data          0x0000000000034084        0x0 build/cooja/mtype247.a(rs232.o)
 .data          0x0000000000034084        0x0 build/cooja/mtype247.a(vib-sensor.o)
 .data          0x0000000000034084        0x0 build/cooja/mtype247.a(clock.o)
 .data          0x0000000000034084        0x0 build/cooja/mtype247.a(cooja-log.o)
 .data          0x0000000000034084        0x0 build/cooja/mtype247.a(cfs-cooja.o)
 .data          0x0000000000034084       0x2c build/cooja/mtype247.a(cooja-radio.o)
                0x0000000000034084                simRadioHWOn
                0x0000000000034088                simSignalStrength
                0x000000000003408c                simLastSignalStrength
                0x0000000000034090                simPower
                0x0000000000034094                simRadioChannel
                0x0000000000034098                simLQI
                0x00000000000340a0                cooja_radio_process
 .data          0x00000000000340b0        0x0 build/cooja/mtype247.a(eeprom.o)
 .data          0x00000000000340b0        0x0 build/cooja/mtype247.a(random.o)
 .data          0x00000000000340b0       0x10 build/cooja/mtype247.a(sensors.o)
                0x00000000000340b0                sensors_process
 .data          0x00000000000340c0        0x0 build/cooja/mtype247.a(leds.o)
 .data          0x00000000000340c0        0x0 build/cooja/mtype247.a(gpio-hal-arch.o)
 .data          0x00000000000340c0       0x78 build/cooja/mtype247.a(buttons.o)
                0x00000000000340c0                simButtonIsActive
                0x0000000000034130                button_hal_buttons
 *fill*         0x0000000000034138        0x8 
 .data          0x0000000000034140       0x44 build/cooja/mtype247.a(bin.o)
                0x0000000000034160                bin
 .data          0x0000000000034184        0x0 build/cooja/mtype247.a(coap-blocking-a)
 .data          0x0000000000034184        0x8 build/cooja/mtype247.a(coap-engine.o)
 *fill*         0x000000000003418c       0x14 
 .data          0x00000000000341a0       0x24 build/cooja/mtype247.a(coap-res-well-k)
                0x00000000000341a0                res_well_known_core
 .data          0x00000000000341c4       0x10 build/cooja/mtype247.a(coap-observe.o)
 .data          0x00000000000341d4       0x10 build/cooja/mtype247.a(coap-uip.o)
                0x00000000000341d4                coap_engine
 .data          0x00000000000341e4        0x4 build/cooja/mtype247.a(coap-timer.o)
 .data          0x00000000000341e8       0x10 build/cooja/mtype247.a(coap-transactio)
 .data          0x00000000000341f8        0x4 build/cooja/mtype247.a(coap.o)
                0x00000000000341f8                coap_error_message
 .data          0x00000000000341fc        0x0 build/cooja/mtype247.a(contiki-main.o)
 .data          0x00000000000341fc        0x0 build/cooja/mtype247.a(autostart.o)
 .data          0x00000000000341fc       0x14 build/cooja/mtype247.a(ctimer.o)
                0x0000000000034200                ctimer_process
 *fill*         0x0000000000034210       0x10 
 .data          0x0000000000034220       0xbc build/cooja/mtype247.a(log.o)
                0x0000000000034220                curr_log_level_main
                0x0000000000034240                all_modules
 .data          0x00000000000342dc        0x0 build/cooja/mtype247.a(energest.o)
 .data          0x00000000000342dc       0x10 build/cooja/mtype247.a(etimer.o)
                0x00000000000342dc                etimer_process
 .data          0x00000000000342ec        0x0 build/cooja/mtype247.a(node-id.o)
 .data          0x00000000000342ec        0x0 build/cooja/mtype247.a(rtimer.o)
 .data          0x00000000000342ec        0x0 build/cooja/mtype247.a(process.o)
 .data          0x00000000000342ec        0x0 build/cooja/mtype247.a(timer.o)
 .data          0x00000000000342ec        0x0 build/cooja/mtype247.a(list.o)
 .data          0x00000000000342ec        0x0 build/cooja/mtype247.a(memb.o)
 .data          0x00000000000342ec       0x10 build/cooja/mtype247.a(button-hal.o)
                0x00000000000342ec                button_hal_process
 .data          0x00000000000342fc       0x10 build/cooja/mtype247.a(serial-line.o)
                0x00000000000342fc                serial_line_process
 .data          0x000000000003430c        0x4 build/cooja/mtype247.a(gpio-hal.o)
 .data          0x0000000000034310       0x18 build/cooja/mtype247.a(queuebuf.o)
 .data          0x0000000000034328        0x4 build/cooja/mtype247.a(packetbuf.o)
 .data          0x000000000003432c        0x4 build/cooja/mtype247.a(netstack.o)
 .data          0x0000000000034330        0x0 build/cooja/mtype247.a(linkaddr.o)
 .data          0x0000000000034330        0x0 build/cooja/mtype247.a(csma.o)
 .data          0x0000000000034330       0x28 build/cooja/mtype247.a(csma-output.o)
 .data          0x0000000000034358        0x0 build/cooja/mtype247.a(uip-ds6.o)
 .data          0x0000000000034358        0x0 build/cooja/mtype247.a(uip-udp-packet.)
 .data          0x0000000000034358       0x10 build/cooja/mtype247.a(uip-ds6-route.o)
 .data          0x0000000000034368       0x10 build/cooja/mtype247.a(tcpip.o)
                0x0000000000034368                tcpip_process
 .data          0x0000000000034378        0x0 build/cooja/mtype247.a(uip6.o)
 .data          0x0000000000034378       0x14 build/cooja/mtype247.a(uip-ds6-nbr.o)
 .data          0x000000000003438c        0xc build/cooja/mtype247.a(uip-nd6.o)
 .data          0x0000000000034398        0x0 build/cooja/mtype247.a(sicslowpan.o)
 .data          0x0000000000034398        0x0 build/cooja/mtype247.a(uiplib.o)
 .data          0x0000000000034398        0x0 build/cooja/mtype247.a(rpl.o)
 .data          0x0000000000034398       0x30 build/cooja/mtype247.a(rpl-icmp6.o)
 .data          0x00000000000343c8        0x0 build/cooja/mtype247.a(rpl-dag-root.o)
 .data          0x00000000000343c8        0x0 build/cooja/mtype247.a(watchdog.o)
 .data          0x00000000000343c8        0x0 build/cooja/mtype247.a(int-master.o)
 .data          0x00000000000343c8       0x10 build/cooja/mtype247.a(coap-timer-defa)
                0x00000000000343c8                coap_timer_process
 .data          0x00000000000343d8        0x0 build/cooja/mtype247.a(stimer.o)
 .data          0x00000000000343d8        0x0 build/cooja/mtype247.a(ringbuf.o)
 .data          0x00000000000343d8        0x0 build/cooja/mtype247.a(assert.o)
 .data          0x00000000000343d8       0x10 build/cooja/mtype247.a(nbr-table.o)
 .data          0x00000000000343e8       0x14 build/cooja/mtype247.a(link-stats.o)
 .data          0x00000000000343fc        0x0 build/cooja/mtype247.a(mac-sequence.o)
 .data          0x00000000000343fc        0x0 build/cooja/mtype247.a(mac.o)
 .data          0x00000000000343fc        0x0 build/cooja/mtype247.a(framer-802154.o)
 .data          0x00000000000343fc        0x2 build/cooja/mtype247.a(frame802154.o)
 .data          0x00000000000343fe        0x0 build/cooja/mtype247.a(csma-security.o)
 .data          0x00000000000343fe        0x0 build/cooja/mtype247.a(uipbuf.o)
 *fill*         0x00000000000343fe        0x2 
 .data          0x0000000000034400       0x20 build/cooja/mtype247.a(uip-icmp6.o)
 .data          0x0000000000034420       0x10 build/cooja/mtype247.a(uip-sr.o)
 .data          0x0000000000034430        0xc build/cooja/mtype247.a(uip-packetqueue)
 .data          0x000000000003443c        0x0 build/cooja/mtype247.a(rpl-nbr-policy.)
 .data          0x000000000003443c       0x14 build/cooja/mtype247.a(rpl-neighbor.o)
                0x000000000003444c                rpl_neighbors
 .data          0x0000000000034450        0x0 build/cooja/mtype247.a(rpl-dag.o)
 .data          0x0000000000034450        0x0 build/cooja/mtype247.a(rpl-timers.o)
 .data          0x0000000000034450        0x0 build/cooja/mtype247.a(rpl-ext-header.)
 *fill*         0x0000000000034450       0x10 
 .data          0x0000000000034460       0x24 build/cooja/mtype247.a(rpl-mrhof.o)
                0x0000000000034460                rpl_mrhof
 .data          0x0000000000034484        0x0 /usr/lib/gcc/i686-linux-gnu/5/libgcc.a(_udivdi3.o)
 .data          0x0000000000034484        0x0 /usr/lib/gcc/i686-linux-gnu/5/crtendS.o
 .data          0x0000000000034484        0x0 /usr/lib/gcc/i686-linux-gnu/5/../../../i386-linux-gnu/crtn.o

.tm_clone_table
                0x0000000000034484        0x0
 .tm_clone_table
                0x0000000000034484        0x0 /usr/lib/gcc/i686-linux-gnu/5/crtbeginS.o
 .tm_clone_table
                0x0000000000034484        0x0 /usr/lib/gcc/i686-linux-gnu/5/crtendS.o

.data1
 *(.data1)
                0x0000000000034484                _edata = .
                [!provide]                        PROVIDE (edata, .)
                0x0000000000034484                . = .
                0x0000000000034484                __bss_start = .

.bss            0x00000000000344a0    0x13fc4
 *(.dynbss)
 .dynbss        0x00000000000344a0        0x0 /usr/lib/gcc/i686-linux-gnu/5/../../../i386-linux-gnu/crti.o
 *(.bss .bss.* .gnu.linkonce.b.*)
 .bss           0x00000000000344a0        0x0 /usr/lib/gcc/i686-linux-gnu/5/../../../i386-linux-gnu/crti.o
 .bss           0x00000000000344a0        0x1 /usr/lib/gcc/i686-linux-gnu/5/crtbeginS.o
 *fill*         0x00000000000344a1       0x1f 
 .bss           0x00000000000344c0      0x16c device.o
                0x00000000000344c0                registered
 *fill*         0x000000000003462c       0x14 
 .bss           0x0000000000034640     0x2030 build/cooja/mtype247.o
 .bss           0x0000000000036670        0x1 build/cooja/mtype247.a(simEnvChange.o)
                0x0000000000036670                simDontFallAsleep
 *fill*         0x0000000000036671        0x3 
 .bss           0x0000000000036674        0x4 build/cooja/mtype247.a(cooja_mt.o)
 .bss           0x0000000000036678        0x4 build/cooja/mtype247.a(cooja_mtarch.o)
 .bss           0x000000000003667c        0x0 build/cooja/mtype247.a(rtimer-arch.o)
 .bss           0x000000000003667c        0x0 build/cooja/mtype247.a(beep.o)
 .bss           0x000000000003667c        0x1 build/cooja/mtype247.a(leds-arch.o)
                0x000000000003667c                simLedsValue
 .bss           0x000000000003667d        0x0 build/cooja/mtype247.a(moteid.o)
 .bss           0x000000000003667d        0x1 build/cooja/mtype247.a(pir-sensor.o)
                0x000000000003667d                simPirValue
 *fill*         0x000000000003667e        0x2 
 .bss           0x0000000000036680        0x4 build/cooja/mtype247.a(rs232.o)
 .bss           0x0000000000036684        0x1 build/cooja/mtype247.a(vib-sensor.o)
                0x0000000000036684                simVibValue
 .bss           0x0000000000036685        0x0 build/cooja/mtype247.a(clock.o)
 *fill*         0x0000000000036685       0x1b 
 .bss           0x00000000000366a0     0x2020 build/cooja/mtype247.a(cooja-log.o)
 .bss           0x00000000000386c0      0xfc0 build/cooja/mtype247.a(cfs-cooja.o)
                0x00000000000386c0                simCFSData
                0x0000000000039660                simCFSSize
                0x0000000000039664                simCFSChanged
                0x0000000000039668                simCFSRead
                0x000000000003966c                simCFSWritten
 .bss           0x0000000000039680       0x24 build/cooja/mtype247.a(cooja-radio.o)
                0x0000000000039680                simReceiving
                0x0000000000039684                simInSize
                0x0000000000039688                simLastPacketTimestamp
                0x0000000000039690                simOutSize
 .bss           0x00000000000396a4        0xc build/cooja/mtype247.a(eeprom.o)
                0x00000000000396a4                simEEPROMChanged
                0x00000000000396a8                simEEPROMRead
                0x00000000000396ac                simEEPROMWritten
 .bss           0x00000000000396b0        0x0 build/cooja/mtype247.a(random.o)
 .bss           0x00000000000396b0        0xc build/cooja/mtype247.a(sensors.o)
 .bss           0x00000000000396bc        0x0 build/cooja/mtype247.a(leds.o)
 .bss           0x00000000000396bc       0x24 build/cooja/mtype247.a(gpio-hal-arch.o)
 .bss           0x00000000000396e0        0x0 build/cooja/mtype247.a(buttons.o)
 .bss           0x00000000000396e0        0x8 build/cooja/mtype247.a(bin.o)
                0x00000000000396e0                light_status
                0x00000000000396e4                fullness
 .bss           0x00000000000396e8        0x0 build/cooja/mtype247.a(coap-blocking-a)
 *fill*         0x00000000000396e8       0x18 
 .bss           0x0000000000039700      0x190 build/cooja/mtype247.a(coap-engine.o)
 .bss           0x0000000000039890        0x0 build/cooja/mtype247.a(coap-res-well-k)
 *fill*         0x0000000000039890       0x10 
 .bss           0x00000000000398a0      0x120 build/cooja/mtype247.a(coap-observe.o)
 .bss           0x00000000000399c0       0x18 build/cooja/mtype247.a(coap-uip.o)
 .bss           0x00000000000399d8        0x5 build/cooja/mtype247.a(coap-timer.o)
 *fill*         0x00000000000399dd        0x3 
 .bss           0x00000000000399e0      0x334 build/cooja/mtype247.a(coap-transactio)
 .bss           0x0000000000039d14        0x6 build/cooja/mtype247.a(coap.o)
                0x0000000000039d14                coap_status_code
 .bss           0x0000000000039d1a        0x0 build/cooja/mtype247.a(contiki-main.o)
 .bss           0x0000000000039d1a        0x0 build/cooja/mtype247.a(autostart.o)
 *fill*         0x0000000000039d1a        0x2 
 .bss           0x0000000000039d1c        0x5 build/cooja/mtype247.a(ctimer.o)
 *fill*         0x0000000000039d21        0x3 
 .bss           0x0000000000039d24       0x2c build/cooja/mtype247.a(log.o)
                0x0000000000039d24                curr_log_level_rpl
                0x0000000000039d28                curr_log_level_tcpip
                0x0000000000039d2c                curr_log_level_ipv6
                0x0000000000039d30                curr_log_level_6lowpan
                0x0000000000039d34                curr_log_level_nullnet
                0x0000000000039d38                curr_log_level_mac
                0x0000000000039d3c                curr_log_level_framer
                0x0000000000039d40                curr_log_level_6top
                0x0000000000039d44                curr_log_level_coap
                0x0000000000039d48                curr_log_level_snmp
                0x0000000000039d4c                curr_log_level_lwm2m
 .bss           0x0000000000039d50        0x0 build/cooja/mtype247.a(energest.o)
 .bss           0x0000000000039d50        0x8 build/cooja/mtype247.a(etimer.o)
 .bss           0x0000000000039d58        0x2 build/cooja/mtype247.a(node-id.o)
                0x0000000000039d58                node_id
 *fill*         0x0000000000039d5a        0x2 
 .bss           0x0000000000039d5c        0x4 build/cooja/mtype247.a(rtimer.o)
 .bss           0x0000000000039d60      0x1a1 build/cooja/mtype247.a(process.o)
                0x0000000000039d60                process_list
                0x0000000000039d64                process_current
 .bss           0x0000000000039f01        0x0 build/cooja/mtype247.a(timer.o)
 .bss           0x0000000000039f01        0x0 build/cooja/mtype247.a(list.o)
 .bss           0x0000000000039f01        0x0 build/cooja/mtype247.a(memb.o)
 *fill*         0x0000000000039f01        0x3 
 .bss           0x0000000000039f04       0x10 build/cooja/mtype247.a(button-hal.o)
 *fill*         0x0000000000039f14        0xc 
 .bss           0x0000000000039f20      0x140 build/cooja/mtype247.a(serial-line.o)
 .bss           0x000000000003a060        0x4 build/cooja/mtype247.a(gpio-hal.o)
 *fill*         0x000000000003a064       0x1c 
 .bss           0x000000000003a080     0x2c80 build/cooja/mtype247.a(queuebuf.o)
 .bss           0x000000000003cd00       0xa0 build/cooja/mtype247.a(packetbuf.o)
 .bss           0x000000000003cda0        0x4 build/cooja/mtype247.a(netstack.o)
 .bss           0x000000000003cda4        0x0 build/cooja/mtype247.a(linkaddr.o)
 .bss           0x000000000003cda4        0x0 build/cooja/mtype247.a(csma.o)
 *fill*         0x000000000003cda4       0x1c 
 .bss           0x000000000003cdc0      0x726 build/cooja/mtype247.a(csma-output.o)
 *fill*         0x000000000003d4e6        0x2 
 .bss           0x000000000003d4e8       0x30 build/cooja/mtype247.a(uip-ds6.o)
 .bss           0x000000000003d518        0x0 build/cooja/mtype247.a(uip-udp-packet.)
 *fill*         0x000000000003d518        0x8 
 .bss           0x000000000003d520       0x60 build/cooja/mtype247.a(uip-ds6-route.o)
 .bss           0x000000000003d580       0x10 build/cooja/mtype247.a(tcpip.o)
 .bss           0x000000000003d590        0x8 build/cooja/mtype247.a(uip6.o)
                0x000000000003d590                uip_ext_bitmap
                0x000000000003d592                uip_ext_len
                0x000000000003d594                uip_last_proto
 *fill*         0x000000000003d598        0x8 
 .bss           0x000000000003d5a0     0x1c20 build/cooja/mtype247.a(uip-ds6-nbr.o)
 .bss           0x000000000003f1c0       0x10 build/cooja/mtype247.a(uip-nd6.o)
 *fill*         0x000000000003f1d0       0x10 
 .bss           0x000000000003f1e0      0x724 build/cooja/mtype247.a(sicslowpan.o)
 .bss           0x000000000003f904        0x0 build/cooja/mtype247.a(uiplib.o)
 .bss           0x000000000003f904        0x1 build/cooja/mtype247.a(rpl.o)
 .bss           0x000000000003f905        0x0 build/cooja/mtype247.a(rpl-icmp6.o)
 *fill*         0x000000000003f905        0x3 